Archive member included to satisfy reference by file (symbol)

c:/gnu arm embedded toolchain/10 2020-q4-major/bin/../lib/gcc/arm-none-eabi/10.2.1/../../../../arm-none-eabi/lib/thumb/v7e-m+fp/hard\libc_nano.a(lib_a-exit.o)
                              c:/gnu arm embedded toolchain/10 2020-q4-major/bin/../lib/gcc/arm-none-eabi/10.2.1/../../../../arm-none-eabi/lib/thumb/v7e-m+fp/hard/crt0.o (exit)
c:/gnu arm embedded toolchain/10 2020-q4-major/bin/../lib/gcc/arm-none-eabi/10.2.1/../../../../arm-none-eabi/lib/thumb/v7e-m+fp/hard\libc_nano.a(lib_a-impure.o)
                              c:/gnu arm embedded toolchain/10 2020-q4-major/bin/../lib/gcc/arm-none-eabi/10.2.1/../../../../arm-none-eabi/lib/thumb/v7e-m+fp/hard\libc_nano.a(lib_a-exit.o) (_global_impure_ptr)
c:/gnu arm embedded toolchain/10 2020-q4-major/bin/../lib/gcc/arm-none-eabi/10.2.1/../../../../arm-none-eabi/lib/thumb/v7e-m+fp/hard\libc_nano.a(lib_a-init.o)
                              c:/gnu arm embedded toolchain/10 2020-q4-major/bin/../lib/gcc/arm-none-eabi/10.2.1/../../../../arm-none-eabi/lib/thumb/v7e-m+fp/hard/crt0.o (__libc_init_array)
c:/gnu arm embedded toolchain/10 2020-q4-major/bin/../lib/gcc/arm-none-eabi/10.2.1/../../../../arm-none-eabi/lib/thumb/v7e-m+fp/hard\libc_nano.a(lib_a-malloc.o)
                              build/radio.o (malloc)
c:/gnu arm embedded toolchain/10 2020-q4-major/bin/../lib/gcc/arm-none-eabi/10.2.1/../../../../arm-none-eabi/lib/thumb/v7e-m+fp/hard\libc_nano.a(lib_a-memset.o)
                              c:/gnu arm embedded toolchain/10 2020-q4-major/bin/../lib/gcc/arm-none-eabi/10.2.1/../../../../arm-none-eabi/lib/thumb/v7e-m+fp/hard/crt0.o (memset)
c:/gnu arm embedded toolchain/10 2020-q4-major/bin/../lib/gcc/arm-none-eabi/10.2.1/../../../../arm-none-eabi/lib/thumb/v7e-m+fp/hard\libc_nano.a(lib_a-nano-freer.o)
                              c:/gnu arm embedded toolchain/10 2020-q4-major/bin/../lib/gcc/arm-none-eabi/10.2.1/../../../../arm-none-eabi/lib/thumb/v7e-m+fp/hard\libc_nano.a(lib_a-malloc.o) (_free_r)
c:/gnu arm embedded toolchain/10 2020-q4-major/bin/../lib/gcc/arm-none-eabi/10.2.1/../../../../arm-none-eabi/lib/thumb/v7e-m+fp/hard\libc_nano.a(lib_a-nano-mallocr.o)
                              c:/gnu arm embedded toolchain/10 2020-q4-major/bin/../lib/gcc/arm-none-eabi/10.2.1/../../../../arm-none-eabi/lib/thumb/v7e-m+fp/hard\libc_nano.a(lib_a-malloc.o) (_malloc_r)
c:/gnu arm embedded toolchain/10 2020-q4-major/bin/../lib/gcc/arm-none-eabi/10.2.1/../../../../arm-none-eabi/lib/thumb/v7e-m+fp/hard\libc_nano.a(lib_a-printf.o)
                              build/radio.o (printf)
c:/gnu arm embedded toolchain/10 2020-q4-major/bin/../lib/gcc/arm-none-eabi/10.2.1/../../../../arm-none-eabi/lib/thumb/v7e-m+fp/hard\libc_nano.a(lib_a-puts.o)
                              build/main.o (puts)
c:/gnu arm embedded toolchain/10 2020-q4-major/bin/../lib/gcc/arm-none-eabi/10.2.1/../../../../arm-none-eabi/lib/thumb/v7e-m+fp/hard\libc_nano.a(lib_a-sbrkr.o)
                              c:/gnu arm embedded toolchain/10 2020-q4-major/bin/../lib/gcc/arm-none-eabi/10.2.1/../../../../arm-none-eabi/lib/thumb/v7e-m+fp/hard\libc_nano.a(lib_a-nano-mallocr.o) (_sbrk_r)
c:/gnu arm embedded toolchain/10 2020-q4-major/bin/../lib/gcc/arm-none-eabi/10.2.1/../../../../arm-none-eabi/lib/thumb/v7e-m+fp/hard\libc_nano.a(lib_a-strncpy.o)
                              build/radio.o (strncpy)
c:/gnu arm embedded toolchain/10 2020-q4-major/bin/../lib/gcc/arm-none-eabi/10.2.1/../../../../arm-none-eabi/lib/thumb/v7e-m+fp/hard\libc_nano.a(lib_a-wbuf.o)
                              c:/gnu arm embedded toolchain/10 2020-q4-major/bin/../lib/gcc/arm-none-eabi/10.2.1/../../../../arm-none-eabi/lib/thumb/v7e-m+fp/hard\libc_nano.a(lib_a-puts.o) (__swbuf_r)
c:/gnu arm embedded toolchain/10 2020-q4-major/bin/../lib/gcc/arm-none-eabi/10.2.1/../../../../arm-none-eabi/lib/thumb/v7e-m+fp/hard\libc_nano.a(lib_a-wsetup.o)
                              c:/gnu arm embedded toolchain/10 2020-q4-major/bin/../lib/gcc/arm-none-eabi/10.2.1/../../../../arm-none-eabi/lib/thumb/v7e-m+fp/hard\libc_nano.a(lib_a-puts.o) (__swsetup_r)
c:/gnu arm embedded toolchain/10 2020-q4-major/bin/../lib/gcc/arm-none-eabi/10.2.1/../../../../arm-none-eabi/lib/thumb/v7e-m+fp/hard\libc_nano.a(lib_a-fflush.o)
                              c:/gnu arm embedded toolchain/10 2020-q4-major/bin/../lib/gcc/arm-none-eabi/10.2.1/../../../../arm-none-eabi/lib/thumb/v7e-m+fp/hard\libc_nano.a(lib_a-wbuf.o) (_fflush_r)
c:/gnu arm embedded toolchain/10 2020-q4-major/bin/../lib/gcc/arm-none-eabi/10.2.1/../../../../arm-none-eabi/lib/thumb/v7e-m+fp/hard\libc_nano.a(lib_a-findfp.o)
                              c:/gnu arm embedded toolchain/10 2020-q4-major/bin/../lib/gcc/arm-none-eabi/10.2.1/../../../../arm-none-eabi/lib/thumb/v7e-m+fp/hard\libc_nano.a(lib_a-printf.o) (__sinit)
[...]
Memory Configuration

Name             Origin             Length             Attributes
RAM              0x20000000         0x00018000         xrw
RAM2             0x10000000         0x00008000         xrw
FLASH            0x08000000         0x00100000         xr
*default*        0x00000000         0xffffffff

Linker script and memory map

LOAD c:/gnu arm embedded toolchain/10 2020-q4-major/bin/../lib/gcc/arm-none-eabi/10.2.1/thumb/v7e-m+fp/hard/crti.o
LOAD c:/gnu arm embedded toolchain/10 2020-q4-major/bin/../lib/gcc/arm-none-eabi/10.2.1/thumb/v7e-m+fp/hard/crtbegin.o
LOAD c:/gnu arm embedded toolchain/10 2020-q4-major/bin/../lib/gcc/arm-none-eabi/10.2.1/../../../../arm-none-eabi/lib/thumb/v7e-m+fp/hard/crt0.o
LOAD build/main.o
LOAD build/stm32l4xx_it.o
LOAD build/stm32l4xx_hal_msp.o
LOAD build/stm32l4xx_hal_rtc.o
LOAD build/stm32l4xx_hal_rtc_ex.o
LOAD build/stm32l4xx_hal.o
LOAD build/stm32l4xx_hal_i2c.o
LOAD build/stm32l4xx_hal_i2c_ex.o
LOAD build/stm32l4xx_hal_rcc.o
LOAD build/stm32l4xx_hal_rcc_ex.o
LOAD build/stm32l4xx_hal_flash.o
LOAD build/stm32l4xx_hal_flash_ex.o
LOAD build/stm32l4xx_hal_flash_ramfunc.o
LOAD build/stm32l4xx_hal_gpio.o
LOAD build/stm32l4xx_hal_dma.o
LOAD build/stm32l4xx_hal_dma_ex.o
LOAD build/stm32l4xx_hal_pwr.o
LOAD build/stm32l4xx_hal_pwr_ex.o
LOAD build/stm32l4xx_hal_cortex.o
LOAD build/stm32l4xx_hal_exti.o
LOAD build/stm32l4xx_hal_spi.o
LOAD build/stm32l4xx_hal_spi_ex.o
LOAD build/stm32l4xx_hal_tim.o
LOAD build/stm32l4xx_hal_tim_ex.o
LOAD build/stm32l4xx_hal_uart.o
LOAD build/stm32l4xx_hal_uart_ex.o
LOAD build/system_stm32l4xx.o
LOAD build/radio_comm.o
LOAD build/radio_hal.o
LOAD build/si446x_api_lib.o
LOAD build/si446x_nirq.o
LOAD build/radio.o
LOAD build/startup_stm32l476xx.o
LOAD c:/gnu arm embedded toolchain/10 2020-q4-major/bin/../lib/gcc/arm-none-eabi/10.2.1/../../../../arm-none-eabi/lib/thumb/v7e-m+fp/hard\libc_nano.a
LOAD c:/gnu arm embedded toolchain/10 2020-q4-major/bin/../lib/gcc/arm-none-eabi/10.2.1/../../../../arm-none-eabi/lib/thumb/v7e-m+fp/hard\libm.a
LOAD c:/gnu arm embedded toolchain/10 2020-q4-major/bin/../lib/gcc/arm-none-eabi/10.2.1/../../../../arm-none-eabi/lib/thumb/v7e-m+fp/hard\libnosys.a
START GROUP
LOAD c:/gnu arm embedded toolchain/10 2020-q4-major/bin/../lib/gcc/arm-none-eabi/10.2.1/thumb/v7e-m+fp/hard\libgcc.a
LOAD c:/gnu arm embedded toolchain/10 2020-q4-major/bin/../lib/gcc/arm-none-eabi/10.2.1/../../../../arm-none-eabi/lib/thumb/v7e-m+fp/hard\libc_nano.a
END GROUP
START GROUP
LOAD c:/gnu arm embedded toolchain/10 2020-q4-major/bin/../lib/gcc/arm-none-eabi/10.2.1/thumb/v7e-m+fp/hard\libgcc.a
LOAD c:/gnu arm embedded toolchain/10 2020-q4-major/bin/../lib/gcc/arm-none-eabi/10.2.1/../../../../arm-none-eabi/lib/thumb/v7e-m+fp/hard\libc_nano.a
END GROUP
LOAD c:/gnu arm embedded toolchain/10 2020-q4-major/bin/../lib/gcc/arm-none-eabi/10.2.1/thumb/v7e-m+fp/hard/crtend.o
LOAD c:/gnu arm embedded toolchain/10 2020-q4-major/bin/../lib/gcc/arm-none-eabi/10.2.1/thumb/v7e-m+fp/hard/crtn.o
                0x20018000                _estack = 0x20018000
                0x00000200                _Min_Heap_Size = 0x200
                0x00000400                _Min_Stack_Size = 0x400

.isr_vector     0x08000000      0x188
                0x08000000                . = ALIGN (0x8)
 *(.isr_vector)
 .isr_vector    0x08000000      0x188 build/startup_stm32l476xx.o
                0x08000000                g_pfnVectors
                0x08000188                . = ALIGN (0x8)

.text           0x08000190     0x4400
                0x08000190                . = ALIGN (0x8)
 *(.text)
 .text          0x08000190       0x40 c:/gnu arm embedded toolchain/10 2020-q4-major/bin/../lib/gcc/arm-none-eabi/10.2.1/thumb/v7e-m+fp/hard/crtbegin.o
 .text          0x080001d0       0xa0 c:/gnu arm embedded toolchain/10 2020-q4-major/bin/../lib/gcc/arm-none-eabi/10.2.1/../../../../arm-none-eabi/lib/thumb/v7e-m+fp/hard\libc_nano.a(lib_a-memchr.o)
                0x080001d0                memchr
 .text          0x08000270       0x30 c:/gnu arm embedded toolchain/10 2020-q4-major/bin/../lib/gcc/arm-none-eabi/10.2.1/thumb/v7e-m+fp/hard\libgcc.a(_aeabi_uldivmod.o)
                0x08000270                __aeabi_uldivmod
 .text          0x080002a0      0x2d0 c:/gnu arm embedded toolchain/10 2020-q4-major/bin/../lib/gcc/arm-none-eabi/10.2.1/thumb/v7e-m+fp/hard\libgcc.a(_udivmoddi4.o)
                0x080002a0                __udivmoddi4
 .text          0x08000570        0x4 c:/gnu arm embedded toolchain/10 2020-q4-major/bin/../lib/gcc/arm-none-eabi/10.2.1/thumb/v7e-m+fp/hard\libgcc.a(_dvmd_tls.o)
                0x08000570                __aeabi_idiv0
                0x08000570                __aeabi_ldiv0
 *(.text*)
 .text.MX_GPIO_Init
                0x08000574       0xe4 build/main.o
 .text.SpiInOut
                0x08000658       0x34 build/main.o
                0x08000658                SpiInOut
 .text._write   0x0800068c       0x28 build/main.o
                0x0800068c                _write
 .text.Error_Handler
                0x080006b4        0x4 build/main.o
                0x080006b4                Error_Handler
 .text.MX_RTC_Init
                0x080006b8       0xd4 build/main.o
 .text.MX_SPI1_Init
                0x0800078c       0x4c build/main.o
 .text.MX_USART2_UART_Init
                0x080007d8       0x38 build/main.o
 .text.SystemClock_Config
                0x08000810       0xa0 build/main.o
                0x08000810                SystemClock_Config
 .text.main     0x080008b0       0x68 build/main.o
                0x080008b0                main
 .text.NMI_Handler
                0x08000918        0x2 build/stm32l4xx_it.o
                0x08000918                NMI_Handler
 .text.HardFault_Handler
                0x0800091a        0x2 build/stm32l4xx_it.o
                0x0800091a                HardFault_Handler
 .text.MemManage_Handler
                0x0800091c        0x2 build/stm32l4xx_it.o
                0x0800091c                MemManage_Handler
 .text.BusFault_Handler
                0x0800091e        0x2 build/stm32l4xx_it.o
                0x0800091e                BusFault_Handler
 .text.UsageFault_Handler
                0x08000920        0x2 build/stm32l4xx_it.o
                0x08000920                UsageFault_Handler
 .text.SVC_Handler
                0x08000922        0x2 build/stm32l4xx_it.o
                0x08000922                SVC_Handler
 .text.DebugMon_Handler
                0x08000924        0x2 build/stm32l4xx_it.o
                0x08000924                DebugMon_Handler
 .text.PendSV_Handler
                0x08000926        0x2 build/stm32l4xx_it.o
                0x08000926                PendSV_Handler
 .text.SysTick_Handler
                0x08000928        0x8 build/stm32l4xx_it.o
                0x08000928                SysTick_Handler
 .text.EXTI15_10_IRQHandler
                0x08000930        0xc build/stm32l4xx_it.o
                0x08000930                EXTI15_10_IRQHandler
 .text.HAL_MspInit
                0x0800093c       0x30 build/stm32l4xx_hal_msp.o
                0x0800093c                HAL_MspInit
 .text.HAL_RTC_MspInit
                0x0800096c       0x24 build/stm32l4xx_hal_msp.o
                0x0800096c                HAL_RTC_MspInit
 .text.HAL_SPI_MspInit
                0x08000990       0x68 build/stm32l4xx_hal_msp.o
                0x08000990                HAL_SPI_MspInit
 .text.HAL_UART_MspInit
                0x080009f8       0x68 build/stm32l4xx_hal_msp.o
                0x080009f8                HAL_UART_MspInit
 .text.HAL_RTC_WaitForSynchro
                0x08000a60       0x32 build/stm32l4xx_hal_rtc.o
                0x08000a60                HAL_RTC_WaitForSynchro
 .text.RTC_EnterInitMode
                0x08000a92       0x44 build/stm32l4xx_hal_rtc.o
                0x08000a92                RTC_EnterInitMode
 *fill*         0x08000ad6        0x2 
 .text.RTC_ExitInitMode
                0x08000ad8       0x50 build/stm32l4xx_hal_rtc.o
                0x08000ad8                RTC_ExitInitMode
 .text.HAL_RTC_Init
                0x08000b28       0x9a build/stm32l4xx_hal_rtc.o
                0x08000b28                HAL_RTC_Init
 .text.RTC_ByteToBcd2
                0x08000bc2       0x16 build/stm32l4xx_hal_rtc.o
                0x08000bc2                RTC_ByteToBcd2
 .text.HAL_RTC_SetTime
                0x08000bd8       0xc8 build/stm32l4xx_hal_rtc.o
                0x08000bd8                HAL_RTC_SetTime
 .text.HAL_RTC_SetDate
                0x08000ca0       0xa6 build/stm32l4xx_hal_rtc.o
                0x08000ca0                HAL_RTC_SetDate
 .text.HAL_RTC_SetAlarm
                0x08000d46      0x18a build/stm32l4xx_hal_rtc.o
                0x08000d46                HAL_RTC_SetAlarm
 .text.HAL_InitTick
                0x08000ed0       0x50 build/stm32l4xx_hal.o
                0x08000ed0                HAL_InitTick
 .text.HAL_Init
                0x08000f20       0x2c build/stm32l4xx_hal.o
                0x08000f20                HAL_Init
 .text.HAL_IncTick
                0x08000f4c       0x18 build/stm32l4xx_hal.o
                0x08000f4c                HAL_IncTick
 .text.HAL_GetTick
                0x08000f64        0xc build/stm32l4xx_hal.o
                0x08000f64                HAL_GetTick
 .text.HAL_Delay
                0x08000f70       0x28 build/stm32l4xx_hal.o
                0x08000f70                HAL_Delay
 .text.RCC_SetFlashLatencyFromMSIRange
                0x08000f98       0x90 build/stm32l4xx_hal_rcc.o
 .text.HAL_RCC_GetSysClockFreq
                0x08001028       0xb4 build/stm32l4xx_hal_rcc.o
                0x08001028                HAL_RCC_GetSysClockFreq
 .text.HAL_RCC_OscConfig
                0x080010dc      0x62c build/stm32l4xx_hal_rcc.o
                0x080010dc                HAL_RCC_OscConfig
 .text.HAL_RCC_ClockConfig
                0x08001708      0x15c build/stm32l4xx_hal_rcc.o
                0x08001708                HAL_RCC_ClockConfig
 .text.HAL_RCC_GetHCLKFreq
                0x08001864        0xc build/stm32l4xx_hal_rcc.o
                0x08001864                HAL_RCC_GetHCLKFreq
 .text.HAL_RCC_GetPCLK1Freq
                0x08001870       0x24 build/stm32l4xx_hal_rcc.o
                0x08001870                HAL_RCC_GetPCLK1Freq
 .text.HAL_RCC_GetPCLK2Freq
                0x08001894       0x24 build/stm32l4xx_hal_rcc.o
                0x08001894                HAL_RCC_GetPCLK2Freq
 .text.RCCEx_PLLSAI1_Config
                0x080018b8      0x170 build/stm32l4xx_hal_rcc_ex.o
 .text.RCCEx_PLLSAI2_Config
                0x08001a28      0x14c build/stm32l4xx_hal_rcc_ex.o
 .text.HAL_RCCEx_PeriphCLKConfig
                0x08001b74      0x454 build/stm32l4xx_hal_rcc_ex.o
                0x08001b74                HAL_RCCEx_PeriphCLKConfig
 .text.HAL_GPIO_Init
                0x08001fc8      0x1dc build/stm32l4xx_hal_gpio.o
                0x08001fc8                HAL_GPIO_Init
 .text.HAL_GPIO_ReadPin
                0x080021a4        0xe build/stm32l4xx_hal_gpio.o
                0x080021a4                HAL_GPIO_ReadPin
 .text.HAL_GPIO_WritePin
                0x080021b2        0xa build/stm32l4xx_hal_gpio.o
                0x080021b2                HAL_GPIO_WritePin
 .text.HAL_GPIO_EXTI_Callback
                0x080021bc        0x2 build/stm32l4xx_hal_gpio.o
                0x080021bc                HAL_GPIO_EXTI_Callback
 *fill*         0x080021be        0x2 
 .text.HAL_GPIO_EXTI_IRQHandler
                0x080021c0       0x1c build/stm32l4xx_hal_gpio.o
                0x080021c0                HAL_GPIO_EXTI_IRQHandler
 .text.HAL_PWREx_GetVoltageRange
                0x080021dc       0x10 build/stm32l4xx_hal_pwr_ex.o
                0x080021dc                HAL_PWREx_GetVoltageRange
 .text.HAL_PWREx_ControlVoltageScaling
                0x080021ec       0x90 build/stm32l4xx_hal_pwr_ex.o
                0x080021ec                HAL_PWREx_ControlVoltageScaling
 .text.HAL_NVIC_SetPriorityGrouping
                0x0800227c       0x24 build/stm32l4xx_hal_cortex.o
                0x0800227c                HAL_NVIC_SetPriorityGrouping
 .text.HAL_NVIC_SetPriority
                0x080022a0       0x70 build/stm32l4xx_hal_cortex.o
                0x080022a0                HAL_NVIC_SetPriority
 .text.HAL_NVIC_EnableIRQ
                0x08002310       0x1c build/stm32l4xx_hal_cortex.o
                0x08002310                HAL_NVIC_EnableIRQ
 .text.HAL_SYSTICK_Config
                0x0800232c       0x28 build/stm32l4xx_hal_cortex.o
                0x0800232c                HAL_SYSTICK_Config
 .text.SPI_WaitFlagStateUntilTimeout
                0x08002354       0xd4 build/stm32l4xx_hal_spi.o
 .text.SPI_WaitFifoStateUntilTimeout
                0x08002428       0xe4 build/stm32l4xx_hal_spi.o
 .text.SPI_EndRxTxTransaction
                0x0800250c       0x62 build/stm32l4xx_hal_spi.o
 .text.HAL_SPI_Init
                0x0800256e       0xde build/stm32l4xx_hal_spi.o
                0x0800256e                HAL_SPI_Init
 .text.HAL_SPI_TransmitReceive
                0x0800264c      0x2de build/stm32l4xx_hal_spi.o
                0x0800264c                HAL_SPI_TransmitReceive
 *fill*         0x0800292a        0x2 
 .text.UART_SetConfig
                0x0800292c      0x328 build/stm32l4xx_hal_uart.o
                0x0800292c                UART_SetConfig
 .text.UART_AdvFeatureConfig
                0x08002c54       0xca build/stm32l4xx_hal_uart.o
                0x08002c54                UART_AdvFeatureConfig
 .text.UART_WaitOnFlagUntilTimeout
                0x08002d1e       0xa8 build/stm32l4xx_hal_uart.o
                0x08002d1e                UART_WaitOnFlagUntilTimeout
 .text.HAL_UART_Transmit
                0x08002dc6       0xd8 build/stm32l4xx_hal_uart.o
                0x08002dc6                HAL_UART_Transmit
 .text.UART_CheckIdleState
                0x08002e9e       0x70 build/stm32l4xx_hal_uart.o
                0x08002e9e                UART_CheckIdleState
 .text.HAL_UART_Init
                0x08002f0e       0x62 build/stm32l4xx_hal_uart.o
                0x08002f0e                HAL_UART_Init
 .text.SystemInit
                0x08002f70       0x44 build/system_stm32l4xx.o
                0x08002f70                SystemInit
 .text.radio_comm_GetResp
                0x08002fb4       0x60 build/radio_comm.o
                0x08002fb4                radio_comm_GetResp
 .text.radio_comm_PollCTS
                0x08003014        0xc build/radio_comm.o
                0x08003014                radio_comm_PollCTS
 .text.radio_comm_SendCmd
                0x08003020       0x30 build/radio_comm.o
                0x08003020                radio_comm_SendCmd
 .text.radio_comm_ReadData
                0x08003050       0x3c build/radio_comm.o
                0x08003050                radio_comm_ReadData
 .text.radio_comm_WriteData
                0x0800308c       0x3c build/radio_comm.o
                0x0800308c                radio_comm_WriteData
 .text.radio_comm_ClearCTS
                0x080030c8        0xc build/radio_comm.o
                0x080030c8                radio_comm_ClearCTS
 .text.radio_comm_SendCmdGetResp
                0x080030d4       0x14 build/radio_comm.o
                0x080030d4                radio_comm_SendCmdGetResp
 .text.radio_hal_AssertShutdown
                0x080030e8       0x10 build/radio_hal.o
                0x080030e8                radio_hal_AssertShutdown
 .text.radio_hal_DeassertShutdown
                0x080030f8       0x10 build/radio_hal.o
                0x080030f8                radio_hal_DeassertShutdown
 .text.radio_hal_ClearNsel
                0x08003108       0x12 build/radio_hal.o
                0x08003108                radio_hal_ClearNsel
 .text.radio_hal_SetNsel
                0x0800311a       0x12 build/radio_hal.o
                0x0800311a                radio_hal_SetNsel
 .text.radio_hal_NirqLevel
                0x0800312c       0x10 build/radio_hal.o
                0x0800312c                radio_hal_NirqLevel
 .text.radio_hal_SpiWriteByte
                0x0800313c        0x8 build/radio_hal.o
                0x0800313c                radio_hal_SpiWriteByte
 .text.radio_hal_SpiReadByte
                0x08003144        0xc build/radio_hal.o
                0x08003144                radio_hal_SpiReadByte
 .text.radio_hal_SpiWriteData
                0x08003150       0x18 build/radio_hal.o
                0x08003150                radio_hal_SpiWriteData
 .text.radio_hal_SpiReadData
                0x08003168       0x1a build/radio_hal.o
                0x08003168                radio_hal_SpiReadData
 .text.si446x_reset
                0x08003182       0x28 build/si446x_api_lib.o
                0x08003182                si446x_reset
 *fill*         0x080031aa        0x2 
 .text.si446x_start_tx
                0x080031ac       0x2c build/si446x_api_lib.o
                0x080031ac                si446x_start_tx
 .text.si446x_get_int_status
                0x080031d8       0x48 build/si446x_api_lib.o
                0x080031d8                si446x_get_int_status
 .text.si446x_configuration_init
                0x08003220       0x60 build/si446x_api_lib.o
                0x08003220                si446x_configuration_init
 .text.si446x_set_property
                0x08003280       0x2c build/si446x_api_lib.o
                0x08003280                si446x_set_property
 .text.si446x_change_state
                0x080032ac       0x18 build/si446x_api_lib.o
                0x080032ac                si446x_change_state
 .text.si446x_fifo_info
                0x080032c4       0x2c build/si446x_api_lib.o
                0x080032c4                si446x_fifo_info
 .text.si446x_write_tx_fifo
                0x080032f0       0x10 build/si446x_api_lib.o
                0x080032f0                si446x_write_tx_fifo
 .text.si446x_read_rx_fifo
                0x08003300       0x10 build/si446x_api_lib.o
                0x08003300                si446x_read_rx_fifo
 .text.vRadio_PowerUp
                0x08003310       0x20 build/radio.o
                0x08003310                vRadio_PowerUp
 .text.vRadio_Init
                0x08003330       0x38 build/radio.o
                0x08003330                vRadio_Init
 .text.bRadio_Check_Tx_RX
                0x08003368       0xa4 build/radio.o
                0x08003368                bRadio_Check_Tx_RX
 .text.vRadio_StartTx_Variable_Packet
                0x0800340c       0x74 build/radio.o
                0x0800340c                vRadio_StartTx_Variable_Packet
 .text.Reset_Handler
                0x08003480       0x50 build/startup_stm32l476xx.o
                0x08003480                Reset_Handler
 .text.Default_Handler
                0x080034d0        0x2 build/startup_stm32l476xx.o
                0x080034d0                RTC_Alarm_IRQHandler
                0x080034d0                EXTI2_IRQHandler
                0x080034d0                TIM8_TRG_COM_IRQHandler
                0x080034d0                TIM8_CC_IRQHandler
                0x080034d0                TIM1_CC_IRQHandler
                0x080034d0                TSC_IRQHandler
                0x080034d0                TAMP_STAMP_IRQHandler
                0x080034d0                EXTI3_IRQHandler
                0x080034d0                LPTIM2_IRQHandler
                0x080034d0                DFSDM1_FLT1_IRQHandler
                0x080034d0                I2C3_ER_IRQHandler
                0x080034d0                DFSDM1_FLT2_IRQHandler
                0x080034d0                EXTI0_IRQHandler
                0x080034d0                I2C2_EV_IRQHandler
                0x080034d0                CAN1_RX0_IRQHandler
                0x080034d0                FPU_IRQHandler
                0x080034d0                TIM1_UP_TIM16_IRQHandler
                0x080034d0                ADC1_2_IRQHandler
                0x080034d0                SPI1_IRQHandler
                0x080034d0                TIM6_DAC_IRQHandler
                0x080034d0                TIM8_UP_IRQHandler
                0x080034d0                DMA2_Channel2_IRQHandler
                0x080034d0                DMA1_Channel4_IRQHandler
                0x080034d0                SAI2_IRQHandler
                0x080034d0                DFSDM1_FLT3_IRQHandler
                0x080034d0                USART3_IRQHandler
                0x080034d0                DMA1_Channel7_IRQHandler
                0x080034d0                CAN1_RX1_IRQHandler
                0x080034d0                LCD_IRQHandler
                0x080034d0                UART5_IRQHandler
                0x080034d0                ADC3_IRQHandler
                0x080034d0                TIM4_IRQHandler
                0x080034d0                DMA2_Channel1_IRQHandler
                0x080034d0                QUADSPI_IRQHandler
                0x080034d0                I2C1_EV_IRQHandler
                0x080034d0                DMA1_Channel6_IRQHandler
                0x080034d0                UART4_IRQHandler
                0x080034d0                DMA2_Channel4_IRQHandler
                0x080034d0                TIM3_IRQHandler
                0x080034d0                RCC_IRQHandler
                0x080034d0                DMA1_Channel1_IRQHandler
                0x080034d0                Default_Handler
                0x080034d0                DMA2_Channel7_IRQHandler
                0x080034d0                TIM7_IRQHandler
                0x080034d0                SDMMC1_IRQHandler
                0x080034d0                TIM5_IRQHandler
                0x080034d0                I2C3_EV_IRQHandler
                0x080034d0                EXTI9_5_IRQHandler
                0x080034d0                RTC_WKUP_IRQHandler
                0x080034d0                PVD_PVM_IRQHandler
                0x080034d0                SPI2_IRQHandler
                0x080034d0                CAN1_TX_IRQHandler
                0x080034d0                DMA2_Channel5_IRQHandler
                0x080034d0                DMA1_Channel5_IRQHandler
                0x080034d0                EXTI4_IRQHandler
                0x080034d0                RNG_IRQHandler
                0x080034d0                TIM1_TRG_COM_TIM17_IRQHandler
                0x080034d0                DMA1_Channel3_IRQHandler
                0x080034d0                COMP_IRQHandler
                0x080034d0                WWDG_IRQHandler
                0x080034d0                LPUART1_IRQHandler
                0x080034d0                DMA2_Channel6_IRQHandler
                0x080034d0                TIM2_IRQHandler
                0x080034d0                EXTI1_IRQHandler
                0x080034d0                USART2_IRQHandler
                0x080034d0                DFSDM1_FLT0_IRQHandler
                0x080034d0                I2C2_ER_IRQHandler
                0x080034d0                DMA1_Channel2_IRQHandler
                0x080034d0                TIM8_BRK_IRQHandler
                0x080034d0                CAN1_SCE_IRQHandler
                0x080034d0                FLASH_IRQHandler
                0x080034d0                USART1_IRQHandler
                0x080034d0                OTG_FS_IRQHandler
                0x080034d0                SPI3_IRQHandler
                0x080034d0                I2C1_ER_IRQHandler
                0x080034d0                FMC_IRQHandler
                0x080034d0                SWPMI1_IRQHandler
                0x080034d0                LPTIM1_IRQHandler
                0x080034d0                SAI1_IRQHandler
                0x080034d0                DMA2_Channel3_IRQHandler
                0x080034d0                TIM1_BRK_TIM15_IRQHandler
 *fill*         0x080034d2        0x2 
 .text.__libc_init_array
                0x080034d4       0x48 c:/gnu arm embedded toolchain/10 2020-q4-major/bin/../lib/gcc/arm-none-eabi/10.2.1/../../../../arm-none-eabi/lib/thumb/v7e-m+fp/hard\libc_nano.a(lib_a-init.o)
                0x080034d4                __libc_init_array
 .text.malloc   0x0800351c       0x10 c:/gnu arm embedded toolchain/10 2020-q4-major/bin/../lib/gcc/arm-none-eabi/10.2.1/../../../../arm-none-eabi/lib/thumb/v7e-m+fp/hard\libc_nano.a(lib_a-malloc.o)
                0x0800351c                malloc
 .text.free     0x0800352c       0x10 c:/gnu arm embedded toolchain/10 2020-q4-major/bin/../lib/gcc/arm-none-eabi/10.2.1/../../../../arm-none-eabi/lib/thumb/v7e-m+fp/hard\libc_nano.a(lib_a-malloc.o)
                0x0800352c                free
 .text.memset   0x0800353c       0x10 c:/gnu arm embedded toolchain/10 2020-q4-major/bin/../lib/gcc/arm-none-eabi/10.2.1/../../../../arm-none-eabi/lib/thumb/v7e-m+fp/hard\libc_nano.a(lib_a-memset.o)
                0x0800353c                memset
 .text._free_r  0x0800354c       0x98 c:/gnu arm embedded toolchain/10 2020-q4-major/bin/../lib/gcc/arm-none-eabi/10.2.1/../../../../arm-none-eabi/lib/thumb/v7e-m+fp/hard\libc_nano.a(lib_a-nano-freer.o)
                0x0800354c                _free_r
 .text._malloc_r
                0x080035e4       0xb4 c:/gnu arm embedded toolchain/10 2020-q4-major/bin/../lib/gcc/arm-none-eabi/10.2.1/../../../../arm-none-eabi/lib/thumb/v7e-m+fp/hard\libc_nano.a(lib_a-nano-mallocr.o)
                0x080035e4                _malloc_r
 .text.printf   0x08003698       0x30 c:/gnu arm embedded toolchain/10 2020-q4-major/bin/../lib/gcc/arm-none-eabi/10.2.1/../../../../arm-none-eabi/lib/thumb/v7e-m+fp/hard\libc_nano.a(lib_a-printf.o)
                0x08003698                iprintf
                0x08003698                printf
 .text._puts_r  0x080036c8       0xdc c:/gnu arm embedded toolchain/10 2020-q4-major/bin/../lib/gcc/arm-none-eabi/10.2.1/../../../../arm-none-eabi/lib/thumb/v7e-m+fp/hard\libc_nano.a(lib_a-puts.o)
                0x080036c8                _puts_r
 .text.puts     0x080037a4       0x10 c:/gnu arm embedded toolchain/10 2020-q4-major/bin/../lib/gcc/arm-none-eabi/10.2.1/../../../../arm-none-eabi/lib/thumb/v7e-m+fp/hard\libc_nano.a(lib_a-puts.o)
                0x080037a4                puts
 .text._sbrk_r  0x080037b4       0x20 c:/gnu arm embedded toolchain/10 2020-q4-major/bin/../lib/gcc/arm-none-eabi/10.2.1/../../../../arm-none-eabi/lib/thumb/v7e-m+fp/hard\libc_nano.a(lib_a-sbrkr.o)
                0x080037b4                _sbrk_r
 .text.strncpy  0x080037d4       0x26 c:/gnu arm embedded toolchain/10 2020-q4-major/bin/../lib/gcc/arm-none-eabi/10.2.1/../../../../arm-none-eabi/lib/thumb/v7e-m+fp/hard\libc_nano.a(lib_a-strncpy.o)
                0x080037d4                strncpy
 *fill*         0x080037fa        0x2 
 .text.__swbuf_r
                0x080037fc       0xa4 c:/gnu arm embedded toolchain/10 2020-q4-major/bin/../lib/gcc/arm-none-eabi/10.2.1/../../../../arm-none-eabi/lib/thumb/v7e-m+fp/hard\libc_nano.a(lib_a-wbuf.o)
                0x080037fc                __swbuf_r
 .text.__swsetup_r
                0x080038a0       0xdc c:/gnu arm embedded toolchain/10 2020-q4-major/bin/../lib/gcc/arm-none-eabi/10.2.1/../../../../arm-none-eabi/lib/thumb/v7e-m+fp/hard\libc_nano.a(lib_a-wsetup.o)
                0x080038a0                __swsetup_r
 .text.__sflush_r
                0x0800397c      0x10c c:/gnu arm embedded toolchain/10 2020-q4-major/bin/../lib/gcc/arm-none-eabi/10.2.1/../../../../arm-none-eabi/lib/thumb/v7e-m+fp/hard\libc_nano.a(lib_a-fflush.o)
                0x0800397c                __sflush_r
 .text._fflush_r
                0x08003a88       0x78 c:/gnu arm embedded toolchain/10 2020-q4-major/bin/../lib/gcc/arm-none-eabi/10.2.1/../../../../arm-none-eabi/lib/thumb/v7e-m+fp/hard\libc_nano.a(lib_a-fflush.o)
                0x08003a88                _fflush_r
 .text.std      0x08003b00       0x48 c:/gnu arm embedded toolchain/10 2020-q4-major/bin/../lib/gcc/arm-none-eabi/10.2.1/../../../../arm-none-eabi/lib/thumb/v7e-m+fp/hard\libc_nano.a(lib_a-findfp.o)
 .text._cleanup_r
                0x08003b48        0xc c:/gnu arm embedded toolchain/10 2020-q4-major/bin/../lib/gcc/arm-none-eabi/10.2.1/../../../../arm-none-eabi/lib/thumb/v7e-m+fp/hard\libc_nano.a(lib_a-findfp.o)
                0x08003b48                _cleanup_r
 .text.__sfmoreglue
                0x08003b54       0x2c c:/gnu arm embedded toolchain/10 2020-q4-major/bin/../lib/gcc/arm-none-eabi/10.2.1/../../../../arm-none-eabi/lib/thumb/v7e-m+fp/hard\libc_nano.a(lib_a-findfp.o)
                0x08003b54                __sfmoreglue
 .text.__sfp_lock_acquire
                0x08003b80        0xc c:/gnu arm embedded toolchain/10 2020-q4-major/bin/../lib/gcc/arm-none-eabi/10.2.1/../../../../arm-none-eabi/lib/thumb/v7e-m+fp/hard\libc_nano.a(lib_a-findfp.o)
                0x08003b80                __sfp_lock_acquire
 .text.__sfp_lock_release
                0x08003b8c        0xc c:/gnu arm embedded toolchain/10 2020-q4-major/bin/../lib/gcc/arm-none-eabi/10.2.1/../../../../arm-none-eabi/lib/thumb/v7e-m+fp/hard\libc_nano.a(lib_a-findfp.o)
                0x08003b8c                __sfp_lock_release
 .text.__sinit_lock_acquire
                0x08003b98        0xc c:/gnu arm embedded toolchain/10 2020-q4-major/bin/../lib/gcc/arm-none-eabi/10.2.1/../../../../arm-none-eabi/lib/thumb/v7e-m+fp/hard\libc_nano.a(lib_a-findfp.o)
                0x08003b98                __sinit_lock_acquire
 .text.__sinit_lock_release
                0x08003ba4        0xc c:/gnu arm embedded toolchain/10 2020-q4-major/bin/../lib/gcc/arm-none-eabi/10.2.1/../../../../arm-none-eabi/lib/thumb/v7e-m+fp/hard\libc_nano.a(lib_a-findfp.o)
                0x08003ba4                __sinit_lock_release
 .text.__sinit  0x08003bb0       0x70 c:/gnu arm embedded toolchain/10 2020-q4-major/bin/../lib/gcc/arm-none-eabi/10.2.1/../../../../arm-none-eabi/lib/thumb/v7e-m+fp/hard\libc_nano.a(lib_a-findfp.o)
                0x08003bb0                __sinit
 .text.__sfp    0x08003c20       0x8c c:/gnu arm embedded toolchain/10 2020-q4-major/bin/../lib/gcc/arm-none-eabi/10.2.1/../../../../arm-none-eabi/lib/thumb/v7e-m+fp/hard\libc_nano.a(lib_a-findfp.o)
                0x08003c20                __sfp
 .text._fwalk_reent
                0x08003cac       0x3e c:/gnu arm embedded toolchain/10 2020-q4-major/bin/../lib/gcc/arm-none-eabi/10.2.1/../../../../arm-none-eabi/lib/thumb/v7e-m+fp/hard\libc_nano.a(lib_a-fwalk.o)
                0x08003cac                _fwalk_reent
 .text.__retarget_lock_init_recursive
                0x08003cea        0x2 c:/gnu arm embedded toolchain/10 2020-q4-major/bin/../lib/gcc/arm-none-eabi/10.2.1/../../../../arm-none-eabi/lib/thumb/v7e-m+fp/hard\libc_nano.a(lib_a-lock.o)
                0x08003cea                __retarget_lock_init_recursive
 .text.__retarget_lock_acquire_recursive
                0x08003cec        0x2 c:/gnu arm embedded toolchain/10 2020-q4-major/bin/../lib/gcc/arm-none-eabi/10.2.1/../../../../arm-none-eabi/lib/thumb/v7e-m+fp/hard\libc_nano.a(lib_a-lock.o)
                0x08003cec                __retarget_lock_acquire_recursive
 .text.__retarget_lock_release_recursive
                0x08003cee        0x2 c:/gnu arm embedded toolchain/10 2020-q4-major/bin/../lib/gcc/arm-none-eabi/10.2.1/../../../../arm-none-eabi/lib/thumb/v7e-m+fp/hard\libc_nano.a(lib_a-lock.o)
                0x08003cee                __retarget_lock_release_recursive
 .text.__swhatbuf_r
                0x08003cf0       0x4a c:/gnu arm embedded toolchain/10 2020-q4-major/bin/../lib/gcc/arm-none-eabi/10.2.1/../../../../arm-none-eabi/lib/thumb/v7e-m+fp/hard\libc_nano.a(lib_a-makebuf.o)
                0x08003cf0                __swhatbuf_r
 *fill*         0x08003d3a        0x2 
 .text.__smakebuf_r
                0x08003d3c       0x80 c:/gnu arm embedded toolchain/10 2020-q4-major/bin/../lib/gcc/arm-none-eabi/10.2.1/../../../../arm-none-eabi/lib/thumb/v7e-m+fp/hard\libc_nano.a(lib_a-makebuf.o)
                0x08003d3c                __smakebuf_r
 .text.__malloc_lock
                0x08003dbc        0xc c:/gnu arm embedded toolchain/10 2020-q4-major/bin/../lib/gcc/arm-none-eabi/10.2.1/../../../../arm-none-eabi/lib/thumb/v7e-m+fp/hard\libc_nano.a(lib_a-mlock.o)
                0x08003dbc                __malloc_lock
 .text.__malloc_unlock
                0x08003dc8        0xc c:/gnu arm embedded toolchain/10 2020-q4-major/bin/../lib/gcc/arm-none-eabi/10.2.1/../../../../arm-none-eabi/lib/thumb/v7e-m+fp/hard\libc_nano.a(lib_a-mlock.o)
                0x08003dc8                __malloc_unlock
 .text.__sfputc_r
                0x08003dd4       0x2e c:/gnu arm embedded toolchain/10 2020-q4-major/bin/../lib/gcc/arm-none-eabi/10.2.1/../../../../arm-none-eabi/lib/thumb/v7e-m+fp/hard\libc_nano.a(lib_a-nano-vfprintf.o)
 .text.__sfputs_r
                0x08003e02       0x24 c:/gnu arm embedded toolchain/10 2020-q4-major/bin/../lib/gcc/arm-none-eabi/10.2.1/../../../../arm-none-eabi/lib/thumb/v7e-m+fp/hard\libc_nano.a(lib_a-nano-vfprintf.o)
                0x08003e02                __sfputs_r
 *fill*         0x08003e26        0x2 
 .text._vfprintf_r
                0x08003e28      0x260 c:/gnu arm embedded toolchain/10 2020-q4-major/bin/../lib/gcc/arm-none-eabi/10.2.1/../../../../arm-none-eabi/lib/thumb/v7e-m+fp/hard\libc_nano.a(lib_a-nano-vfprintf.o)
                0x08003e28                _vfprintf_r
                0x08003e28                _vfiprintf_r
 .text._printf_common
                0x08004088       0xda c:/gnu arm embedded toolchain/10 2020-q4-major/bin/../lib/gcc/arm-none-eabi/10.2.1/../../../../arm-none-eabi/lib/thumb/v7e-m+fp/hard\libc_nano.a(lib_a-nano-vfprintf_i.o)
                0x08004088                _printf_common
 *fill*         0x08004162        0x2 
 .text._printf_i
                0x08004164      0x24c c:/gnu arm embedded toolchain/10 2020-q4-major/bin/../lib/gcc/arm-none-eabi/10.2.1/../../../../arm-none-eabi/lib/thumb/v7e-m+fp/hard\libc_nano.a(lib_a-nano-vfprintf_i.o)
                0x08004164                _printf_i
 .text.__sread  0x080043b0       0x22 c:/gnu arm embedded toolchain/10 2020-q4-major/bin/../lib/gcc/arm-none-eabi/10.2.1/../../../../arm-none-eabi/lib/thumb/v7e-m+fp/hard\libc_nano.a(lib_a-stdio.o)
                0x080043b0                __sread
 .text.__swrite
                0x080043d2       0x38 c:/gnu arm embedded toolchain/10 2020-q4-major/bin/../lib/gcc/arm-none-eabi/10.2.1/../../../../arm-none-eabi/lib/thumb/v7e-m+fp/hard\libc_nano.a(lib_a-stdio.o)
                0x080043d2                __swrite
 .text.__sseek  0x0800440a       0x24 c:/gnu arm embedded toolchain/10 2020-q4-major/bin/../lib/gcc/arm-none-eabi/10.2.1/../../../../arm-none-eabi/lib/thumb/v7e-m+fp/hard\libc_nano.a(lib_a-stdio.o)
                0x0800440a                __sseek
 .text.__sclose
                0x0800442e        0x8 c:/gnu arm embedded toolchain/10 2020-q4-major/bin/../lib/gcc/arm-none-eabi/10.2.1/../../../../arm-none-eabi/lib/thumb/v7e-m+fp/hard\libc_nano.a(lib_a-stdio.o)
                0x0800442e                __sclose
 *fill*         0x08004436        0x2 
 .text._write_r
                0x08004438       0x24 c:/gnu arm embedded toolchain/10 2020-q4-major/bin/../lib/gcc/arm-none-eabi/10.2.1/../../../../arm-none-eabi/lib/thumb/v7e-m+fp/hard\libc_nano.a(lib_a-writer.o)
                0x08004438                _write_r
 .text._close_r
                0x0800445c       0x20 c:/gnu arm embedded toolchain/10 2020-q4-major/bin/../lib/gcc/arm-none-eabi/10.2.1/../../../../arm-none-eabi/lib/thumb/v7e-m+fp/hard\libc_nano.a(lib_a-closer.o)
                0x0800445c                _close_r
 .text._fstat_r
                0x0800447c       0x24 c:/gnu arm embedded toolchain/10 2020-q4-major/bin/../lib/gcc/arm-none-eabi/10.2.1/../../../../arm-none-eabi/lib/thumb/v7e-m+fp/hard\libc_nano.a(lib_a-fstatr.o)
                0x0800447c                _fstat_r
 .text._isatty_r
                0x080044a0       0x20 c:/gnu arm embedded toolchain/10 2020-q4-major/bin/../lib/gcc/arm-none-eabi/10.2.1/../../../../arm-none-eabi/lib/thumb/v7e-m+fp/hard\libc_nano.a(lib_a-isattyr.o)
                0x080044a0                _isatty_r
 .text._lseek_r
                0x080044c0       0x24 c:/gnu arm embedded toolchain/10 2020-q4-major/bin/../lib/gcc/arm-none-eabi/10.2.1/../../../../arm-none-eabi/lib/thumb/v7e-m+fp/hard\libc_nano.a(lib_a-lseekr.o)
                0x080044c0                _lseek_r
 .text._read_r  0x080044e4       0x24 c:/gnu arm embedded toolchain/10 2020-q4-major/bin/../lib/gcc/arm-none-eabi/10.2.1/../../../../arm-none-eabi/lib/thumb/v7e-m+fp/hard\libc_nano.a(lib_a-readr.o)
                0x080044e4                _read_r
 .text._close   0x08004508       0x10 c:/gnu arm embedded toolchain/10 2020-q4-major/bin/../lib/gcc/arm-none-eabi/10.2.1/../../../../arm-none-eabi/lib/thumb/v7e-m+fp/hard\libnosys.a(close.o)
                0x08004508                _close
 .text._fstat   0x08004518       0x10 c:/gnu arm embedded toolchain/10 2020-q4-major/bin/../lib/gcc/arm-none-eabi/10.2.1/../../../../arm-none-eabi/lib/thumb/v7e-m+fp/hard\libnosys.a(fstat.o)
                0x08004518                _fstat
 .text._isatty  0x08004528       0x10 c:/gnu arm embedded toolchain/10 2020-q4-major/bin/../lib/gcc/arm-none-eabi/10.2.1/../../../../arm-none-eabi/lib/thumb/v7e-m+fp/hard\libnosys.a(isatty.o)
                0x08004528                _isatty
 .text._lseek   0x08004538       0x10 c:/gnu arm embedded toolchain/10 2020-q4-major/bin/../lib/gcc/arm-none-eabi/10.2.1/../../../../arm-none-eabi/lib/thumb/v7e-m+fp/hard\libnosys.a(lseek.o)
                0x08004538                _lseek
 .text._read    0x08004548       0x10 c:/gnu arm embedded toolchain/10 2020-q4-major/bin/../lib/gcc/arm-none-eabi/10.2.1/../../../../arm-none-eabi/lib/thumb/v7e-m+fp/hard\libnosys.a(read.o)
                0x08004548                _read
 .text._sbrk    0x08004558       0x1c c:/gnu arm embedded toolchain/10 2020-q4-major/bin/../lib/gcc/arm-none-eabi/10.2.1/../../../../arm-none-eabi/lib/thumb/v7e-m+fp/hard\libnosys.a(sbrk.o)
                0x08004558                _sbrk
 *(.glue_7)
 .glue_7        0x08004574        0x0 linker stubs
 *(.glue_7t)
 .glue_7t       0x08004574        0x0 linker stubs
 *(.eh_frame)
 .eh_frame      0x08004574        0x0 c:/gnu arm embedded toolchain/10 2020-q4-major/bin/../lib/gcc/arm-none-eabi/10.2.1/thumb/v7e-m+fp/hard/crtbegin.o
 *(.init)
 .init          0x08004574        0x4 c:/gnu arm embedded toolchain/10 2020-q4-major/bin/../lib/gcc/arm-none-eabi/10.2.1/thumb/v7e-m+fp/hard/crti.o
                0x08004574                _init
 .init          0x08004578        0x8 c:/gnu arm embedded toolchain/10 2020-q4-major/bin/../lib/gcc/arm-none-eabi/10.2.1/thumb/v7e-m+fp/hard/crtn.o
 *(.fini)
 .fini          0x08004580        0x4 c:/gnu arm embedded toolchain/10 2020-q4-major/bin/../lib/gcc/arm-none-eabi/10.2.1/thumb/v7e-m+fp/hard/crti.o
                0x08004580                _fini
 .fini          0x08004584        0x8 c:/gnu arm embedded toolchain/10 2020-q4-major/bin/../lib/gcc/arm-none-eabi/10.2.1/thumb/v7e-m+fp/hard/crtn.o
                0x08004590                . = ALIGN (0x8)
 *fill*         0x0800458c        0x4 
                0x08004590                _etext = .

.vfp11_veneer   0x08004590        0x0
 .vfp11_veneer  0x08004590        0x0 linker stubs

.v4_bx          0x08004590        0x0
 .v4_bx         0x08004590        0x0 linker stubs

.iplt           0x08004590        0x0
 .iplt          0x08004590        0x0 c:/gnu arm embedded toolchain/10 2020-q4-major/bin/../lib/gcc/arm-none-eabi/10.2.1/thumb/v7e-m+fp/hard/crtbegin.o

.rodata         0x08004590      0x190
                0x08004590                . = ALIGN (0x8)
 *(.rodata)
 *(.rodata*)
 .rodata.main.str1.4
                0x08004590       0x2d build/main.o
 *fill*         0x080045bd        0x3 
 .rodata.AHBPrescTable
                0x080045c0       0x10 build/system_stm32l4xx.o
                0x080045c0                AHBPrescTable
 .rodata.APBPrescTable
                0x080045d0        0x8 build/system_stm32l4xx.o
                0x080045d0                APBPrescTable
 .rodata.MSIRangeTable
                0x080045d8       0x30 build/system_stm32l4xx.o
                0x080045d8                MSIRangeTable
 .rodata.radio_comm_GetResp.str1.4
                0x08004608       0x1a build/radio_comm.o
 *fill*         0x08004622        0x2 
 .rodata.bRadio_Check_Tx_RX.str1.4
                0x08004624       0x4a build/radio.o
 *fill*         0x0800466e        0x2 
 .rodata.vRadio_StartTx_Variable_Packet.str1.4
                0x08004670       0x13 build/radio.o
 *fill*         0x08004683        0x1 
 .rodata._global_impure_ptr
                0x08004684        0x4 c:/gnu arm embedded toolchain/10 2020-q4-major/bin/../lib/gcc/arm-none-eabi/10.2.1/../../../../arm-none-eabi/lib/thumb/v7e-m+fp/hard\libc_nano.a(lib_a-impure.o)
                0x08004684                _global_impure_ptr
 .rodata.__sf_fake_stderr
                0x08004688       0x20 c:/gnu arm embedded toolchain/10 2020-q4-major/bin/../lib/gcc/arm-none-eabi/10.2.1/../../../../arm-none-eabi/lib/thumb/v7e-m+fp/hard\libc_nano.a(lib_a-findfp.o)
                0x08004688                __sf_fake_stderr
 .rodata.__sf_fake_stdin
                0x080046a8       0x20 c:/gnu arm embedded toolchain/10 2020-q4-major/bin/../lib/gcc/arm-none-eabi/10.2.1/../../../../arm-none-eabi/lib/thumb/v7e-m+fp/hard\libc_nano.a(lib_a-findfp.o)
                0x080046a8                __sf_fake_stdin
 .rodata.__sf_fake_stdout
                0x080046c8       0x20 c:/gnu arm embedded toolchain/10 2020-q4-major/bin/../lib/gcc/arm-none-eabi/10.2.1/../../../../arm-none-eabi/lib/thumb/v7e-m+fp/hard\libc_nano.a(lib_a-findfp.o)
                0x080046c8                __sf_fake_stdout
 .rodata._vfprintf_r.str1.1
                0x080046e8       0x11 c:/gnu arm embedded toolchain/10 2020-q4-major/bin/../lib/gcc/arm-none-eabi/10.2.1/../../../../arm-none-eabi/lib/thumb/v7e-m+fp/hard\libc_nano.a(lib_a-nano-vfprintf.o)
 .rodata._printf_i.str1.1
                0x080046f9       0x22 c:/gnu arm embedded toolchain/10 2020-q4-major/bin/../lib/gcc/arm-none-eabi/10.2.1/../../../../arm-none-eabi/lib/thumb/v7e-m+fp/hard\libc_nano.a(lib_a-nano-vfprintf_i.o)
                0x08004720                . = ALIGN (0x8)
 *fill*         0x0800471b        0x5 

.ARM.extab      0x08004720        0x0
                0x08004720                . = ALIGN (0x8)
 *(.ARM.extab* .gnu.linkonce.armextab.*)
                0x08004720                . = ALIGN (0x8)

.ARM            0x08004720        0x8
                0x08004720                . = ALIGN (0x8)
                0x08004720                __exidx_start = .
 *(.ARM.exidx*)
 .ARM.exidx     0x08004720        0x8 c:/gnu arm embedded toolchain/10 2020-q4-major/bin/../lib/gcc/arm-none-eabi/10.2.1/thumb/v7e-m+fp/hard\libgcc.a(_udivmoddi4.o)
                0x08004728                __exidx_end = .
                0x08004728                . = ALIGN (0x8)

.rel.dyn        0x08004728        0x0
 .rel.iplt      0x08004728        0x0 c:/gnu arm embedded toolchain/10 2020-q4-major/bin/../lib/gcc/arm-none-eabi/10.2.1/thumb/v7e-m+fp/hard/crtbegin.o

.preinit_array  0x08004728        0x0
                0x08004728                . = ALIGN (0x8)
                0x08004728                PROVIDE (__preinit_array_start = .)
 *(.preinit_array*)
                0x08004728                PROVIDE (__preinit_array_end = .)
                0x08004728                . = ALIGN (0x8)

.init_array     0x08004728        0x8
                0x08004728                . = ALIGN (0x8)
                0x08004728                PROVIDE (__init_array_start = .)
 *(SORT_BY_NAME(.init_array.*))
 *(.init_array*)
 .init_array    0x08004728        0x4 c:/gnu arm embedded toolchain/10 2020-q4-major/bin/../lib/gcc/arm-none-eabi/10.2.1/thumb/v7e-m+fp/hard/crtbegin.o
                0x0800472c                PROVIDE (__init_array_end = .)
                0x08004730                . = ALIGN (0x8)
 *fill*         0x0800472c        0x4 

.fini_array     0x08004730        0x8
                0x08004730                . = ALIGN (0x8)
                [!provide]                PROVIDE (__fini_array_start = .)
 *(SORT_BY_NAME(.fini_array.*))
 *(.fini_array*)
 .fini_array    0x08004730        0x4 c:/gnu arm embedded toolchain/10 2020-q4-major/bin/../lib/gcc/arm-none-eabi/10.2.1/thumb/v7e-m+fp/hard/crtbegin.o
                [!provide]                PROVIDE (__fini_array_end = .)
                0x08004738                . = ALIGN (0x8)
 *fill*         0x08004734        0x4 
                0x08004738                _sidata = LOADADDR (.data)

.data           0x20000000      0x490 load address 0x08004738
                0x20000000                . = ALIGN (0x8)
                0x20000000                _sdata = .
 *(.data)
 *(.data*)
 .data.uwTickFreq
                0x20000000        0x1 build/stm32l4xx_hal.o
                0x20000000                uwTickFreq
 *fill*         0x20000001        0x3 
 .data.uwTickPrio
                0x20000004        0x4 build/stm32l4xx_hal.o
                0x20000004                uwTickPrio
 .data.SystemCoreClock
                0x20000008        0x4 build/system_stm32l4xx.o
                0x20000008                SystemCoreClock
 .data.RadioConfiguration
                0x2000000c       0x4c build/radio.o
                0x2000000c                RadioConfiguration
 .data.Radio_Configuration_Data_Array
                0x20000058      0x3ca build/radio.o
                0x20000058                Radio_Configuration_Data_Array
 *fill*         0x20000422        0x2 
 .data.pRadioConfiguration
                0x20000424        0x4 build/radio.o
                0x20000424                pRadioConfiguration
 .data._impure_ptr
                0x20000428        0x4 c:/gnu arm embedded toolchain/10 2020-q4-major/bin/../lib/gcc/arm-none-eabi/10.2.1/../../../../arm-none-eabi/lib/thumb/v7e-m+fp/hard\libc_nano.a(lib_a-impure.o)
                0x20000428                _impure_ptr
 .data.impure_data
                0x2000042c       0x60 c:/gnu arm embedded toolchain/10 2020-q4-major/bin/../lib/gcc/arm-none-eabi/10.2.1/../../../../arm-none-eabi/lib/thumb/v7e-m+fp/hard\libc_nano.a(lib_a-impure.o)
                0x20000490                . = ALIGN (0x8)
 *fill*         0x2000048c        0x4 
                0x20000490                _edata = .

.igot.plt       0x20000490        0x0 load address 0x08004bc8
 .igot.plt      0x20000490        0x0 c:/gnu arm embedded toolchain/10 2020-q4-major/bin/../lib/gcc/arm-none-eabi/10.2.1/thumb/v7e-m+fp/hard/crtbegin.o
                0x20000490                . = ALIGN (0x4)

.bss            0x20000490      0x1a4 load address 0x08004bc8
                0x20000490                _sbss = .
                0x20000490                __bss_start__ = _sbss
 *(.bss)
 .bss           0x20000490       0x1c c:/gnu arm embedded toolchain/10 2020-q4-major/bin/../lib/gcc/arm-none-eabi/10.2.1/thumb/v7e-m+fp/hard/crtbegin.o
 *(.bss*)
 .bss.hrtc      0x200004ac       0x24 build/main.o
                0x200004ac                hrtc
 .bss.hspi1     0x200004d0       0x64 build/main.o
                0x200004d0                hspi1
 .bss.huart2    0x20000534       0x84 build/main.o
                0x20000534                huart2
 .bss.uwTick    0x200005b8        0x4 build/stm32l4xx_hal.o
                0x200005b8                uwTick
 .bss.ctsWentHigh
                0x200005bc        0x1 build/radio_comm.o
                0x200005bc                ctsWentHigh
 *fill*         0x200005bd        0x3 
 .bss.Pro2Cmd   0x200005c0       0x10 build/si446x_api_lib.o
                0x200005c0                Pro2Cmd
 .bss.Si446xCmd
                0x200005d0       0x10 build/si446x_api_lib.o
                0x200005d0                Si446xCmd
 .bss.customRadioPacket
                0x200005e0       0x40 build/radio.o
                0x200005e0                customRadioPacket
 .bss.__malloc_free_list
                0x20000620        0x4 c:/gnu arm embedded toolchain/10 2020-q4-major/bin/../lib/gcc/arm-none-eabi/10.2.1/../../../../arm-none-eabi/lib/thumb/v7e-m+fp/hard\libc_nano.a(lib_a-nano-mallocr.o)
                0x20000620                __malloc_free_list
 .bss.__malloc_sbrk_start
                0x20000624        0x4 c:/gnu arm embedded toolchain/10 2020-q4-major/bin/../lib/gcc/arm-none-eabi/10.2.1/../../../../arm-none-eabi/lib/thumb/v7e-m+fp/hard\libc_nano.a(lib_a-nano-mallocr.o)
                0x20000624                __malloc_sbrk_start
 .bss.__lock___malloc_recursive_mutex
                0x20000628        0x1 c:/gnu arm embedded toolchain/10 2020-q4-major/bin/../lib/gcc/arm-none-eabi/10.2.1/../../../../arm-none-eabi/lib/thumb/v7e-m+fp/hard\libc_nano.a(lib_a-lock.o)
                0x20000628                __lock___malloc_recursive_mutex
 .bss.__lock___sfp_recursive_mutex
                0x20000629        0x1 c:/gnu arm embedded toolchain/10 2020-q4-major/bin/../lib/gcc/arm-none-eabi/10.2.1/../../../../arm-none-eabi/lib/thumb/v7e-m+fp/hard\libc_nano.a(lib_a-lock.o)
                0x20000629                __lock___sfp_recursive_mutex
 .bss.__lock___sinit_recursive_mutex
                0x2000062a        0x1 c:/gnu arm embedded toolchain/10 2020-q4-major/bin/../lib/gcc/arm-none-eabi/10.2.1/../../../../arm-none-eabi/lib/thumb/v7e-m+fp/hard\libc_nano.a(lib_a-lock.o)
                0x2000062a                __lock___sinit_recursive_mutex
 *fill*         0x2000062b        0x1 
 .bss.errno     0x2000062c        0x4 c:/gnu arm embedded toolchain/10 2020-q4-major/bin/../lib/gcc/arm-none-eabi/10.2.1/../../../../arm-none-eabi/lib/thumb/v7e-m+fp/hard\libc_nano.a(lib_a-reent.o)
                0x2000062c                errno
 .bss.heap_end.0
                0x20000630        0x4 c:/gnu arm embedded toolchain/10 2020-q4-major/bin/../lib/gcc/arm-none-eabi/10.2.1/../../../../arm-none-eabi/lib/thumb/v7e-m+fp/hard\libnosys.a(sbrk.o)
 *(COMMON)
                0x20000634                . = ALIGN (0x4)
                0x20000634                _ebss = .
                0x20000634                __bss_end__ = _ebss

._user_heap_stack
                0x20000634      0x604 load address 0x08004bc8
                0x20000638                . = ALIGN (0x8)
 *fill*         0x20000634        0x4 
                0x20000638                PROVIDE (end = .)
                [!provide]                PROVIDE (_end = .)
                0x20000838                . = (. + _Min_Heap_Size)
 *fill*         0x20000638      0x200 
                0x20000c38                . = (. + _Min_Stack_Size)
 *fill*         0x20000838      0x400 
                0x20000c38                . = ALIGN (0x8)

/DISCARD/
 libc.a(*)
 libm.a(*)
 libgcc.a(*)

.ARM.attributes
                0x00000000       0x30
 *(.ARM.attributes)
 .ARM.attributes
                0x00000000       0x1e c:/gnu arm embedded toolchain/10 2020-q4-major/bin/../lib/gcc/arm-none-eabi/10.2.1/thumb/v7e-m+fp/hard/crti.o
 .ARM.attributes
                0x0000001e       0x34 c:/gnu arm embedded toolchain/10 2020-q4-major/bin/../lib/gcc/arm-none-eabi/10.2.1/thumb/v7e-m+fp/hard/crtbegin.o
 .ARM.attributes
                0x00000052       0x34 build/main.o
 .ARM.attributes
                0x00000086       0x34 build/stm32l4xx_it.o
 .ARM.attributes
                0x000000ba       0x34 build/stm32l4xx_hal_msp.o
 .ARM.attributes
                0x000000ee       0x34 build/stm32l4xx_hal_rtc.o
 .ARM.attributes
                0x00000122       0x34 build/stm32l4xx_hal.o
 .ARM.attributes
                0x00000156       0x34 build/stm32l4xx_hal_rcc.o
 .ARM.attributes
                0x0000018a       0x34 build/stm32l4xx_hal_rcc_ex.o
 .ARM.attributes
                0x000001be       0x34 build/stm32l4xx_hal_gpio.o
 .ARM.attributes
                0x000001f2       0x34 build/stm32l4xx_hal_pwr_ex.o
 .ARM.attributes
                0x00000226       0x34 build/stm32l4xx_hal_cortex.o
 .ARM.attributes
                0x0000025a       0x34 build/stm32l4xx_hal_spi.o
 .ARM.attributes
                0x0000028e       0x34 build/stm32l4xx_hal_uart.o
 .ARM.attributes
                0x000002c2       0x34 build/system_stm32l4xx.o
 .ARM.attributes
                0x000002f6       0x34 build/radio_comm.o
 .ARM.attributes
                0x0000032a       0x34 build/radio_hal.o
 .ARM.attributes
                0x0000035e       0x34 build/si446x_api_lib.o
 .ARM.attributes
                0x00000392       0x34 build/radio.o
 .ARM.attributes
                0x000003c6       0x21 build/startup_stm32l476xx.o
 .ARM.attributes
                0x000003e7       0x32 c:/gnu arm embedded toolchain/10 2020-q4-major/bin/../lib/gcc/arm-none-eabi/10.2.1/../../../../arm-none-eabi/lib/thumb/v7e-m+fp/hard\libc_nano.a(lib_a-impure.o)
 .ARM.attributes
                0x00000419       0x34 c:/gnu arm embedded toolchain/10 2020-q4-major/bin/../lib/gcc/arm-none-eabi/10.2.1/../../../../arm-none-eabi/lib/thumb/v7e-m+fp/hard\libc_nano.a(lib_a-init.o)
 .ARM.attributes
                0x0000044d       0x34 c:/gnu arm embedded toolchain/10 2020-q4-major/bin/../lib/gcc/arm-none-eabi/10.2.1/../../../../arm-none-eabi/lib/thumb/v7e-m+fp/hard\libc_nano.a(lib_a-malloc.o)
 .ARM.attributes
                0x00000481       0x34 c:/gnu arm embedded toolchain/10 2020-q4-major/bin/../lib/gcc/arm-none-eabi/10.2.1/../../../../arm-none-eabi/lib/thumb/v7e-m+fp/hard\libc_nano.a(lib_a-memset.o)
 .ARM.attributes
                0x000004b5       0x34 c:/gnu arm embedded toolchain/10 2020-q4-major/bin/../lib/gcc/arm-none-eabi/10.2.1/../../../../arm-none-eabi/lib/thumb/v7e-m+fp/hard\libc_nano.a(lib_a-nano-freer.o)
 .ARM.attributes
                0x000004e9       0x34 c:/gnu arm embedded toolchain/10 2020-q4-major/bin/../lib/gcc/arm-none-eabi/10.2.1/../../../../arm-none-eabi/lib/thumb/v7e-m+fp/hard\libc_nano.a(lib_a-nano-mallocr.o)
 .ARM.attributes
                0x0000051d       0x34 c:/gnu arm embedded toolchain/10 2020-q4-major/bin/../lib/gcc/arm-none-eabi/10.2.1/../../../../arm-none-eabi/lib/thumb/v7e-m+fp/hard\libc_nano.a(lib_a-printf.o)
 .ARM.attributes
                0x00000551       0x34 c:/gnu arm embedded toolchain/10 2020-q4-major/bin/../lib/gcc/arm-none-eabi/10.2.1/../../../../arm-none-eabi/lib/thumb/v7e-m+fp/hard\libc_nano.a(lib_a-puts.o)
 .ARM.attributes
                0x00000585       0x34 c:/gnu arm embedded toolchain/10 2020-q4-major/bin/../lib/gcc/arm-none-eabi/10.2.1/../../../../arm-none-eabi/lib/thumb/v7e-m+fp/hard\libc_nano.a(lib_a-sbrkr.o)
 .ARM.attributes
                0x000005b9       0x34 c:/gnu arm embedded toolchain/10 2020-q4-major/bin/../lib/gcc/arm-none-eabi/10.2.1/../../../../arm-none-eabi/lib/thumb/v7e-m+fp/hard\libc_nano.a(lib_a-strncpy.o)
 .ARM.attributes
                0x000005ed       0x34 c:/gnu arm embedded toolchain/10 2020-q4-major/bin/../lib/gcc/arm-none-eabi/10.2.1/../../../../arm-none-eabi/lib/thumb/v7e-m+fp/hard\libc_nano.a(lib_a-wbuf.o)
 .ARM.attributes
                0x00000621       0x34 c:/gnu arm embedded toolchain/10 2020-q4-major/bin/../lib/gcc/arm-none-eabi/10.2.1/../../../../arm-none-eabi/lib/thumb/v7e-m+fp/hard\libc_nano.a(lib_a-wsetup.o)
 .ARM.attributes
                0x00000655       0x34 c:/gnu arm embedded toolchain/10 2020-q4-major/bin/../lib/gcc/arm-none-eabi/10.2.1/../../../../arm-none-eabi/lib/thumb/v7e-m+fp/hard\libc_nano.a(lib_a-fflush.o)
 .ARM.attributes
                0x00000689       0x34 c:/gnu arm embedded toolchain/10 2020-q4-major/bin/../lib/gcc/arm-none-eabi/10.2.1/../../../../arm-none-eabi/lib/thumb/v7e-m+fp/hard\libc_nano.a(lib_a-findfp.o)
 .ARM.attributes
                0x000006bd       0x34 c:/gnu arm embedded toolchain/10 2020-q4-major/bin/../lib/gcc/arm-none-eabi/10.2.1/../../../../arm-none-eabi/lib/thumb/v7e-m+fp/hard\libc_nano.a(lib_a-fwalk.o)
 .ARM.attributes
                0x000006f1       0x34 c:/gnu arm embedded toolchain/10 2020-q4-major/bin/../lib/gcc/arm-none-eabi/10.2.1/../../../../arm-none-eabi/lib/thumb/v7e-m+fp/hard\libc_nano.a(lib_a-lock.o)
 .ARM.attributes
                0x00000725       0x34 c:/gnu arm embedded toolchain/10 2020-q4-major/bin/../lib/gcc/arm-none-eabi/10.2.1/../../../../arm-none-eabi/lib/thumb/v7e-m+fp/hard\libc_nano.a(lib_a-makebuf.o)
 .ARM.attributes
                0x00000759       0x34 c:/gnu arm embedded toolchain/10 2020-q4-major/bin/../lib/gcc/arm-none-eabi/10.2.1/../../../../arm-none-eabi/lib/thumb/v7e-m+fp/hard\libc_nano.a(lib_a-mlock.o)
 .ARM.attributes
                0x0000078d       0x34 c:/gnu arm embedded toolchain/10 2020-q4-major/bin/../lib/gcc/arm-none-eabi/10.2.1/../../../../arm-none-eabi/lib/thumb/v7e-m+fp/hard\libc_nano.a(lib_a-nano-vfprintf.o)
 .ARM.attributes
                0x000007c1       0x34 c:/gnu arm embedded toolchain/10 2020-q4-major/bin/../lib/gcc/arm-none-eabi/10.2.1/../../../../arm-none-eabi/lib/thumb/v7e-m+fp/hard\libc_nano.a(lib_a-nano-vfprintf_i.o)
 .ARM.attributes
                0x000007f5       0x34 c:/gnu arm embedded toolchain/10 2020-q4-major/bin/../lib/gcc/arm-none-eabi/10.2.1/../../../../arm-none-eabi/lib/thumb/v7e-m+fp/hard\libc_nano.a(lib_a-reent.o)
 .ARM.attributes
                0x00000829       0x34 c:/gnu arm embedded toolchain/10 2020-q4-major/bin/../lib/gcc/arm-none-eabi/10.2.1/../../../../arm-none-eabi/lib/thumb/v7e-m+fp/hard\libc_nano.a(lib_a-stdio.o)
 .ARM.attributes
                0x0000085d       0x34 c:/gnu arm embedded toolchain/10 2020-q4-major/bin/../lib/gcc/arm-none-eabi/10.2.1/../../../../arm-none-eabi/lib/thumb/v7e-m+fp/hard\libc_nano.a(lib_a-writer.o)
 .ARM.attributes
                0x00000891       0x34 c:/gnu arm embedded toolchain/10 2020-q4-major/bin/../lib/gcc/arm-none-eabi/10.2.1/../../../../arm-none-eabi/lib/thumb/v7e-m+fp/hard\libc_nano.a(lib_a-closer.o)
 .ARM.attributes
                0x000008c5       0x34 c:/gnu arm embedded toolchain/10 2020-q4-major/bin/../lib/gcc/arm-none-eabi/10.2.1/../../../../arm-none-eabi/lib/thumb/v7e-m+fp/hard\libc_nano.a(lib_a-fstatr.o)
 .ARM.attributes
                0x000008f9       0x34 c:/gnu arm embedded toolchain/10 2020-q4-major/bin/../lib/gcc/arm-none-eabi/10.2.1/../../../../arm-none-eabi/lib/thumb/v7e-m+fp/hard\libc_nano.a(lib_a-isattyr.o)
 .ARM.attributes
                0x0000092d       0x34 c:/gnu arm embedded toolchain/10 2020-q4-major/bin/../lib/gcc/arm-none-eabi/10.2.1/../../../../arm-none-eabi/lib/thumb/v7e-m+fp/hard\libc_nano.a(lib_a-lseekr.o)
 .ARM.attributes
                0x00000961       0x1c c:/gnu arm embedded toolchain/10 2020-q4-major/bin/../lib/gcc/arm-none-eabi/10.2.1/../../../../arm-none-eabi/lib/thumb/v7e-m+fp/hard\libc_nano.a(lib_a-memchr.o)
 .ARM.attributes
                0x0000097d       0x34 c:/gnu arm embedded toolchain/10 2020-q4-major/bin/../lib/gcc/arm-none-eabi/10.2.1/../../../../arm-none-eabi/lib/thumb/v7e-m+fp/hard\libc_nano.a(lib_a-readr.o)
 .ARM.attributes
                0x000009b1       0x34 c:/gnu arm embedded toolchain/10 2020-q4-major/bin/../lib/gcc/arm-none-eabi/10.2.1/../../../../arm-none-eabi/lib/thumb/v7e-m+fp/hard\libnosys.a(close.o)
 .ARM.attributes
                0x000009e5       0x34 c:/gnu arm embedded toolchain/10 2020-q4-major/bin/../lib/gcc/arm-none-eabi/10.2.1/../../../../arm-none-eabi/lib/thumb/v7e-m+fp/hard\libnosys.a(fstat.o)
 .ARM.attributes
                0x00000a19       0x34 c:/gnu arm embedded toolchain/10 2020-q4-major/bin/../lib/gcc/arm-none-eabi/10.2.1/../../../../arm-none-eabi/lib/thumb/v7e-m+fp/hard\libnosys.a(isatty.o)
 .ARM.attributes
                0x00000a4d       0x34 c:/gnu arm embedded toolchain/10 2020-q4-major/bin/../lib/gcc/arm-none-eabi/10.2.1/../../../../arm-none-eabi/lib/thumb/v7e-m+fp/hard\libnosys.a(lseek.o)
 .ARM.attributes
                0x00000a81       0x34 c:/gnu arm embedded toolchain/10 2020-q4-major/bin/../lib/gcc/arm-none-eabi/10.2.1/../../../../arm-none-eabi/lib/thumb/v7e-m+fp/hard\libnosys.a(read.o)
 .ARM.attributes
                0x00000ab5       0x34 c:/gnu arm embedded toolchain/10 2020-q4-major/bin/../lib/gcc/arm-none-eabi/10.2.1/../../../../arm-none-eabi/lib/thumb/v7e-m+fp/hard\libnosys.a(sbrk.o)
 .ARM.attributes
                0x00000ae9       0x1e c:/gnu arm embedded toolchain/10 2020-q4-major/bin/../lib/gcc/arm-none-eabi/10.2.1/thumb/v7e-m+fp/hard\libgcc.a(_aeabi_uldivmod.o)
 .ARM.attributes
                0x00000b07       0x34 c:/gnu arm embedded toolchain/10 2020-q4-major/bin/../lib/gcc/arm-none-eabi/10.2.1/thumb/v7e-m+fp/hard\libgcc.a(_udivmoddi4.o)
 .ARM.attributes
                0x00000b3b       0x1e c:/gnu arm embedded toolchain/10 2020-q4-major/bin/../lib/gcc/arm-none-eabi/10.2.1/thumb/v7e-m+fp/hard\libgcc.a(_dvmd_tls.o)
 .ARM.attributes
                0x00000b59       0x1e c:/gnu arm embedded toolchain/10 2020-q4-major/bin/../lib/gcc/arm-none-eabi/10.2.1/thumb/v7e-m+fp/hard/crtn.o
OUTPUT(build/Si446x_BidirectionalPacket.elf elf32-littlearm)
LOAD linker stubs
LOAD c:/gnu arm embedded toolchain/10 2020-q4-major/bin/../lib/gcc/arm-none-eabi/10.2.1/../../../../arm-none-eabi/lib/thumb/v7e-m+fp/hard\libc.a
LOAD c:/gnu arm embedded toolchain/10 2020-q4-major/bin/../lib/gcc/arm-none-eabi/10.2.1/../../../../arm-none-eabi/lib/thumb/v7e-m+fp/hard\libm.a
LOAD c:/gnu arm embedded toolchain/10 2020-q4-major/bin/../lib/gcc/arm-none-eabi/10.2.1/thumb/v7e-m+fp/hard\libgcc.a

.debug_info     0x00000000    0x11b63
 .debug_info    0x00000000     0x21e8 build/main.o
 .debug_info    0x000021e8      0x1af build/stm32l4xx_it.o
 .debug_info    0x00002397     0x1493 build/stm32l4xx_hal_msp.o
 .debug_info    0x0000382a     0x13b9 build/stm32l4xx_hal_rtc.o
 .debug_info    0x00004be3      0xe26 build/stm32l4xx_hal.o
 .debug_info    0x00005a09     0x1057 build/stm32l4xx_hal_rcc.o
 .debug_info    0x00006a60     0x13d5 build/stm32l4xx_hal_rcc_ex.o
 .debug_info    0x00007e35      0x91c build/stm32l4xx_hal_gpio.o
 .debug_info    0x00008751      0xb9e build/stm32l4xx_hal_pwr_ex.o
 .debug_info    0x000092ef     0x117a build/stm32l4xx_hal_cortex.o
 .debug_info    0x0000a469     0x22ef build/stm32l4xx_hal_spi.o
 .debug_info    0x0000c758     0x2365 build/stm32l4xx_hal_uart.o
 .debug_info    0x0000eabd      0x678 build/system_stm32l4xx.o
 .debug_info    0x0000f135      0x4e8 build/radio_comm.o
 .debug_info    0x0000f61d      0x4f8 build/radio_hal.o
 .debug_info    0x0000fb15      0xf97 build/si446x_api_lib.o
 .debug_info    0x00010aac     0x1095 build/radio.o
 .debug_info    0x00011b41       0x22 build/startup_stm32l476xx.o

.debug_abbrev   0x00000000     0x2542
 .debug_abbrev  0x00000000      0x2c0 build/main.o
 .debug_abbrev  0x000002c0       0xa7 build/stm32l4xx_it.o
 .debug_abbrev  0x00000367      0x1bf build/stm32l4xx_hal_msp.o
 .debug_abbrev  0x00000526      0x22e build/stm32l4xx_hal_rtc.o
 .debug_abbrev  0x00000754      0x249 build/stm32l4xx_hal.o
 .debug_abbrev  0x0000099d      0x28e build/stm32l4xx_hal_rcc.o
 .debug_abbrev  0x00000c2b      0x2b0 build/stm32l4xx_hal_rcc_ex.o
 .debug_abbrev  0x00000edb      0x222 build/stm32l4xx_hal_gpio.o
 .debug_abbrev  0x000010fd      0x234 build/stm32l4xx_hal_pwr_ex.o
 .debug_abbrev  0x00001331      0x382 build/stm32l4xx_hal_cortex.o
 .debug_abbrev  0x000016b3      0x278 build/stm32l4xx_hal_spi.o
 .debug_abbrev  0x0000192b      0x28d build/stm32l4xx_hal_uart.o
 .debug_abbrev  0x00001bb8      0x11b build/system_stm32l4xx.o
 .debug_abbrev  0x00001cd3      0x14b build/radio_comm.o
 .debug_abbrev  0x00001e1e      0x187 build/radio_hal.o
 .debug_abbrev  0x00001fa5      0x288 build/si446x_api_lib.o
 .debug_abbrev  0x0000222d      0x303 build/radio.o
 .debug_abbrev  0x00002530       0x12 build/startup_stm32l476xx.o

.debug_loc      0x00000000     0xb8f2
 .debug_loc     0x00000000      0x278 build/main.o
 .debug_loc     0x00000278       0x40 build/stm32l4xx_it.o
 .debug_loc     0x000002b8      0x1fc build/stm32l4xx_hal_msp.o
 .debug_loc     0x000004b4      0xf87 build/stm32l4xx_hal_rtc.o
 .debug_loc     0x0000143b      0x2af build/stm32l4xx_hal.o
 .debug_loc     0x000016ea      0x99d build/stm32l4xx_hal_rcc.o
 .debug_loc     0x00002087     0x1cf1 build/stm32l4xx_hal_rcc_ex.o
 .debug_loc     0x00003d78      0x48a build/stm32l4xx_hal_gpio.o
 .debug_loc     0x00004202      0xb66 build/stm32l4xx_hal_pwr_ex.o
 .debug_loc     0x00004d68      0x7a4 build/stm32l4xx_hal_cortex.o
 .debug_loc     0x0000550c     0x2786 build/stm32l4xx_hal_spi.o
 .debug_loc     0x00007c92     0x243f build/stm32l4xx_hal_uart.o
 .debug_loc     0x0000a0d1      0x127 build/system_stm32l4xx.o
 .debug_loc     0x0000a1f8      0x3a7 build/radio_comm.o
 .debug_loc     0x0000a59f      0x22e build/radio_hal.o
 .debug_loc     0x0000a7cd      0xa6b build/si446x_api_lib.o
 .debug_loc     0x0000b238      0x6ba build/radio.o

.debug_aranges  0x00000000      0xcf0
 .debug_aranges
                0x00000000       0x60 build/main.o
 .debug_aranges
                0x00000060       0x68 build/stm32l4xx_it.o
 .debug_aranges
                0x000000c8       0x50 build/stm32l4xx_hal_msp.o
 .debug_aranges
                0x00000118       0xe8 build/stm32l4xx_hal_rtc.o
 .debug_aranges
                0x00000200      0x130 build/stm32l4xx_hal.o
 .debug_aranges
                0x00000330       0x88 build/stm32l4xx_hal_rcc.o
 .debug_aranges
                0x000003b8       0xc0 build/stm32l4xx_hal_rcc_ex.o
 .debug_aranges
                0x00000478       0x58 build/stm32l4xx_hal_gpio.o
 .debug_aranges
                0x000004d0      0x150 build/stm32l4xx_hal_pwr_ex.o
 .debug_aranges
                0x00000620       0xa8 build/stm32l4xx_hal_cortex.o
 .debug_aranges
                0x000006c8      0x1d8 build/stm32l4xx_hal_spi.o
 .debug_aranges
                0x000008a0      0x228 build/stm32l4xx_hal_uart.o
 .debug_aranges
                0x00000ac8       0x28 build/system_stm32l4xx.o
 .debug_aranges
                0x00000af0       0x50 build/radio_comm.o
 .debug_aranges
                0x00000b40       0x80 build/radio_hal.o
 .debug_aranges
                0x00000bc0       0x98 build/si446x_api_lib.o
 .debug_aranges
                0x00000c58       0x70 build/radio.o
 .debug_aranges
                0x00000cc8       0x28 build/startup_stm32l476xx.o

.debug_ranges   0x00000000      0xc98
 .debug_ranges  0x00000000       0x50 build/main.o
 .debug_ranges  0x00000050       0x58 build/stm32l4xx_it.o
 .debug_ranges  0x000000a8       0x40 build/stm32l4xx_hal_msp.o
 .debug_ranges  0x000000e8      0x108 build/stm32l4xx_hal_rtc.o
 .debug_ranges  0x000001f0      0x120 build/stm32l4xx_hal.o
 .debug_ranges  0x00000310       0x90 build/stm32l4xx_hal_rcc.o
 .debug_ranges  0x000003a0       0xc8 build/stm32l4xx_hal_rcc_ex.o
 .debug_ranges  0x00000468       0x48 build/stm32l4xx_hal_gpio.o
 .debug_ranges  0x000004b0      0x140 build/stm32l4xx_hal_pwr_ex.o
 .debug_ranges  0x000005f0       0xf8 build/stm32l4xx_hal_cortex.o
 .debug_ranges  0x000006e8      0x1c8 build/stm32l4xx_hal_spi.o
 .debug_ranges  0x000008b0      0x218 build/stm32l4xx_hal_uart.o
 .debug_ranges  0x00000ac8       0x18 build/system_stm32l4xx.o
 .debug_ranges  0x00000ae0       0x40 build/radio_comm.o
 .debug_ranges  0x00000b20       0x70 build/radio_hal.o
 .debug_ranges  0x00000b90       0x88 build/si446x_api_lib.o
 .debug_ranges  0x00000c18       0x60 build/radio.o
 .debug_ranges  0x00000c78       0x20 build/startup_stm32l476xx.o

.debug_line     0x00000000     0xc6ad
 .debug_line    0x00000000      0x7bb build/main.o
 .debug_line    0x000007bb      0x25a build/stm32l4xx_it.o
 .debug_line    0x00000a15      0x379 build/stm32l4xx_hal_msp.o
 .debug_line    0x00000d8e     0x10ab build/stm32l4xx_hal_rtc.o
 .debug_line    0x00001e39      0x68b build/stm32l4xx_hal.o
 .debug_line    0x000024c4      0xe9e build/stm32l4xx_hal_rcc.o
 .debug_line    0x00003362     0x1522 build/stm32l4xx_hal_rcc_ex.o
 .debug_line    0x00004884      0x6b3 build/stm32l4xx_hal_gpio.o
 .debug_line    0x00004f37      0xaa4 build/stm32l4xx_hal_pwr_ex.o
 .debug_line    0x000059db      0x765 build/stm32l4xx_hal_cortex.o
 .debug_line    0x00006140     0x28eb build/stm32l4xx_hal_spi.o
 .debug_line    0x00008a2b     0x246e build/stm32l4xx_hal_uart.o
 .debug_line    0x0000ae99      0x2b2 build/system_stm32l4xx.o
 .debug_line    0x0000b14b      0x2af build/radio_comm.o
 .debug_line    0x0000b3fa      0x348 build/radio_hal.o
 .debug_line    0x0000b742      0x88c build/si446x_api_lib.o
 .debug_line    0x0000bfce      0x66a build/radio.o
 .debug_line    0x0000c638       0x75 build/startup_stm32l476xx.o

.debug_str      0x00000000     0x47f8
 .debug_str     0x00000000     0x1637 build/main.o
                               0x1759 (size before relaxing)
 .debug_str     0x00001637       0xdd build/stm32l4xx_it.o
                                0x244 (size before relaxing)
 .debug_str     0x00001714       0xa7 build/stm32l4xx_hal_msp.o
                                0xb93 (size before relaxing)
 .debug_str     0x000017bb      0x286 build/stm32l4xx_hal_rtc.o
                                0x83c (size before relaxing)
 .debug_str     0x00001a41      0x4e8 build/stm32l4xx_hal.o
                                0xd32 (size before relaxing)
 .debug_str     0x00001f29      0x293 build/stm32l4xx_hal_rcc.o
                                0x857 (size before relaxing)
 .debug_str     0x000021bc      0x2f4 build/stm32l4xx_hal_rcc_ex.o
                                0xa93 (size before relaxing)
 .debug_str     0x000024b0       0xbc build/stm32l4xx_hal_gpio.o
                                0x518 (size before relaxing)
 .debug_str     0x0000256c      0x4fc build/stm32l4xx_hal_pwr_ex.o
                                0x7ec (size before relaxing)
 .debug_str     0x00002a68      0x438 build/stm32l4xx_hal_cortex.o
                                0xbf8 (size before relaxing)
 .debug_str     0x00002ea0      0x57f build/stm32l4xx_hal_spi.o
                                0xbaf (size before relaxing)
 .debug_str     0x0000341f      0x775 build/stm32l4xx_hal_uart.o
                                0xfa0 (size before relaxing)
 .debug_str     0x00003b94       0x38 build/system_stm32l4xx.o
                                0x3ac (size before relaxing)
 .debug_str     0x00003bcc      0x185 build/radio_comm.o
                                0x31d (size before relaxing)
 .debug_str     0x00003d51       0xc9 build/radio_hal.o
                                0x34e (size before relaxing)
 .debug_str     0x00003e1a      0x7df build/si446x_api_lib.o
                                0xa81 (size before relaxing)
 .debug_str     0x000045f9      0x1db build/radio.o
                                0xa30 (size before relaxing)
 .debug_str     0x000047d4       0x24 build/startup_stm32l476xx.o
                                 0x42 (size before relaxing)

.comment        0x00000000       0x4d
 .comment       0x00000000       0x4d build/main.o
                                 0x4e (size before relaxing)
 .comment       0x0000004d       0x4e build/stm32l4xx_it.o
 .comment       0x0000004d       0x4e build/stm32l4xx_hal_msp.o
 .comment       0x0000004d       0x4e build/stm32l4xx_hal_rtc.o
 .comment       0x0000004d       0x4e build/stm32l4xx_hal.o
 .comment       0x0000004d       0x4e build/stm32l4xx_hal_rcc.o
 .comment       0x0000004d       0x4e build/stm32l4xx_hal_rcc_ex.o
 .comment       0x0000004d       0x4e build/stm32l4xx_hal_gpio.o
 .comment       0x0000004d       0x4e build/stm32l4xx_hal_pwr_ex.o
 .comment       0x0000004d       0x4e build/stm32l4xx_hal_cortex.o
 .comment       0x0000004d       0x4e build/stm32l4xx_hal_spi.o
 .comment       0x0000004d       0x4e build/stm32l4xx_hal_uart.o
 .comment       0x0000004d       0x4e build/system_stm32l4xx.o
 .comment       0x0000004d       0x4e build/radio_comm.o
 .comment       0x0000004d       0x4e build/radio_hal.o
 .comment       0x0000004d       0x4e build/si446x_api_lib.o
 .comment       0x0000004d       0x4e build/radio.o

.debug_frame    0x00000000     0x2a04
 .debug_frame   0x00000000      0x108 build/main.o
 .debug_frame   0x00000108       0xc0 build/stm32l4xx_it.o
 .debug_frame   0x000001c8       0xb8 build/stm32l4xx_hal_msp.o
 .debug_frame   0x00000280      0x278 build/stm32l4xx_hal_rtc.o
 .debug_frame   0x000004f8      0x274 build/stm32l4xx_hal.o
 .debug_frame   0x0000076c      0x18c build/stm32l4xx_hal_rcc.o
 .debug_frame   0x000008f8      0x204 build/stm32l4xx_hal_rcc_ex.o
 .debug_frame   0x00000afc       0xd0 build/stm32l4xx_hal_gpio.o
 .debug_frame   0x00000bcc      0x298 build/stm32l4xx_hal_pwr_ex.o
 .debug_frame   0x00000e64      0x148 build/stm32l4xx_hal_cortex.o
 .debug_frame   0x00000fac      0x5d8 build/stm32l4xx_hal_spi.o
 .debug_frame   0x00001584      0x5fc build/stm32l4xx_hal_uart.o
 .debug_frame   0x00001b80       0x30 build/system_stm32l4xx.o
 .debug_frame   0x00001bb0       0xd0 build/radio_comm.o
 .debug_frame   0x00001c80      0x130 build/radio_hal.o
 .debug_frame   0x00001db0      0x1a8 build/si446x_api_lib.o
 .debug_frame   0x00001f58      0x10c build/radio.o
 .debug_frame   0x00002064       0x2c c:/gnu arm embedded toolchain/10 2020-q4-major/bin/../lib/gcc/arm-none-eabi/10.2.1/../../../../arm-none-eabi/lib/thumb/v7e-m+fp/hard\libc_nano.a(lib_a-init.o)
 .debug_frame   0x00002090       0x30 c:/gnu arm embedded toolchain/10 2020-q4-major/bin/../lib/gcc/arm-none-eabi/10.2.1/../../../../arm-none-eabi/lib/thumb/v7e-m+fp/hard\libc_nano.a(lib_a-malloc.o)
 .debug_frame   0x000020c0       0x20 c:/gnu arm embedded toolchain/10 2020-q4-major/bin/../lib/gcc/arm-none-eabi/10.2.1/../../../../arm-none-eabi/lib/thumb/v7e-m+fp/hard\libc_nano.a(lib_a-memset.o)
 .debug_frame   0x000020e0       0x38 c:/gnu arm embedded toolchain/10 2020-q4-major/bin/../lib/gcc/arm-none-eabi/10.2.1/../../../../arm-none-eabi/lib/thumb/v7e-m+fp/hard\libc_nano.a(lib_a-nano-freer.o)
 .debug_frame   0x00002118       0x30 c:/gnu arm embedded toolchain/10 2020-q4-major/bin/../lib/gcc/arm-none-eabi/10.2.1/../../../../arm-none-eabi/lib/thumb/v7e-m+fp/hard\libc_nano.a(lib_a-nano-mallocr.o)
 .debug_frame   0x00002148       0x74 c:/gnu arm embedded toolchain/10 2020-q4-major/bin/../lib/gcc/arm-none-eabi/10.2.1/../../../../arm-none-eabi/lib/thumb/v7e-m+fp/hard\libc_nano.a(lib_a-printf.o)
 .debug_frame   0x000021bc       0x3c c:/gnu arm embedded toolchain/10 2020-q4-major/bin/../lib/gcc/arm-none-eabi/10.2.1/../../../../arm-none-eabi/lib/thumb/v7e-m+fp/hard\libc_nano.a(lib_a-puts.o)
 .debug_frame   0x000021f8       0x2c c:/gnu arm embedded toolchain/10 2020-q4-major/bin/../lib/gcc/arm-none-eabi/10.2.1/../../../../arm-none-eabi/lib/thumb/v7e-m+fp/hard\libc_nano.a(lib_a-sbrkr.o)
 .debug_frame   0x00002224       0x28 c:/gnu arm embedded toolchain/10 2020-q4-major/bin/../lib/gcc/arm-none-eabi/10.2.1/../../../../arm-none-eabi/lib/thumb/v7e-m+fp/hard\libc_nano.a(lib_a-strncpy.o)
 .debug_frame   0x0000224c       0x40 c:/gnu arm embedded toolchain/10 2020-q4-major/bin/../lib/gcc/arm-none-eabi/10.2.1/../../../../arm-none-eabi/lib/thumb/v7e-m+fp/hard\libc_nano.a(lib_a-wbuf.o)
 .debug_frame   0x0000228c       0x2c c:/gnu arm embedded toolchain/10 2020-q4-major/bin/../lib/gcc/arm-none-eabi/10.2.1/../../../../arm-none-eabi/lib/thumb/v7e-m+fp/hard\libc_nano.a(lib_a-wsetup.o)
 .debug_frame   0x000022b8       0x5c c:/gnu arm embedded toolchain/10 2020-q4-major/bin/../lib/gcc/arm-none-eabi/10.2.1/../../../../arm-none-eabi/lib/thumb/v7e-m+fp/hard\libc_nano.a(lib_a-fflush.o)
 .debug_frame   0x00002314      0x14c c:/gnu arm embedded toolchain/10 2020-q4-major/bin/../lib/gcc/arm-none-eabi/10.2.1/../../../../arm-none-eabi/lib/thumb/v7e-m+fp/hard\libc_nano.a(lib_a-findfp.o)
 .debug_frame   0x00002460       0x54 c:/gnu arm embedded toolchain/10 2020-q4-major/bin/../lib/gcc/arm-none-eabi/10.2.1/../../../../arm-none-eabi/lib/thumb/v7e-m+fp/hard\libc_nano.a(lib_a-fwalk.o)
 .debug_frame   0x000024b4       0xb0 c:/gnu arm embedded toolchain/10 2020-q4-major/bin/../lib/gcc/arm-none-eabi/10.2.1/../../../../arm-none-eabi/lib/thumb/v7e-m+fp/hard\libc_nano.a(lib_a-lock.o)
 .debug_frame   0x00002564       0x58 c:/gnu arm embedded toolchain/10 2020-q4-major/bin/../lib/gcc/arm-none-eabi/10.2.1/../../../../arm-none-eabi/lib/thumb/v7e-m+fp/hard\libc_nano.a(lib_a-makebuf.o)
 .debug_frame   0x000025bc       0x30 c:/gnu arm embedded toolchain/10 2020-q4-major/bin/../lib/gcc/arm-none-eabi/10.2.1/../../../../arm-none-eabi/lib/thumb/v7e-m+fp/hard\libc_nano.a(lib_a-mlock.o)
 .debug_frame   0x000025ec       0xac c:/gnu arm embedded toolchain/10 2020-q4-major/bin/../lib/gcc/arm-none-eabi/10.2.1/../../../../arm-none-eabi/lib/thumb/v7e-m+fp/hard\libc_nano.a(lib_a-nano-vfprintf.o)
 .debug_frame   0x00002698       0x60 c:/gnu arm embedded toolchain/10 2020-q4-major/bin/../lib/gcc/arm-none-eabi/10.2.1/../../../../arm-none-eabi/lib/thumb/v7e-m+fp/hard\libc_nano.a(lib_a-nano-vfprintf_i.o)
 .debug_frame   0x000026f8       0x5c c:/gnu arm embedded toolchain/10 2020-q4-major/bin/../lib/gcc/arm-none-eabi/10.2.1/../../../../arm-none-eabi/lib/thumb/v7e-m+fp/hard\libc_nano.a(lib_a-reent.o)
 .debug_frame   0x00002754       0x88 c:/gnu arm embedded toolchain/10 2020-q4-major/bin/../lib/gcc/arm-none-eabi/10.2.1/../../../../arm-none-eabi/lib/thumb/v7e-m+fp/hard\libc_nano.a(lib_a-stdio.o)
 .debug_frame   0x000027dc       0x2c c:/gnu arm embedded toolchain/10 2020-q4-major/bin/../lib/gcc/arm-none-eabi/10.2.1/../../../../arm-none-eabi/lib/thumb/v7e-m+fp/hard\libc_nano.a(lib_a-writer.o)
 .debug_frame   0x00002808       0x2c c:/gnu arm embedded toolchain/10 2020-q4-major/bin/../lib/gcc/arm-none-eabi/10.2.1/../../../../arm-none-eabi/lib/thumb/v7e-m+fp/hard\libc_nano.a(lib_a-closer.o)
 .debug_frame   0x00002834       0x2c c:/gnu arm embedded toolchain/10 2020-q4-major/bin/../lib/gcc/arm-none-eabi/10.2.1/../../../../arm-none-eabi/lib/thumb/v7e-m+fp/hard\libc_nano.a(lib_a-fstatr.o)
 .debug_frame   0x00002860       0x2c c:/gnu arm embedded toolchain/10 2020-q4-major/bin/../lib/gcc/arm-none-eabi/10.2.1/../../../../arm-none-eabi/lib/thumb/v7e-m+fp/hard\libc_nano.a(lib_a-isattyr.o)
 .debug_frame   0x0000288c       0x2c c:/gnu arm embedded toolchain/10 2020-q4-major/bin/../lib/gcc/arm-none-eabi/10.2.1/../../../../arm-none-eabi/lib/thumb/v7e-m+fp/hard\libc_nano.a(lib_a-lseekr.o)
 .debug_frame   0x000028b8       0x2c c:/gnu arm embedded toolchain/10 2020-q4-major/bin/../lib/gcc/arm-none-eabi/10.2.1/../../../../arm-none-eabi/lib/thumb/v7e-m+fp/hard\libc_nano.a(lib_a-readr.o)
 .debug_frame   0x000028e4       0x20 c:/gnu arm embedded toolchain/10 2020-q4-major/bin/../lib/gcc/arm-none-eabi/10.2.1/../../../../arm-none-eabi/lib/thumb/v7e-m+fp/hard\libnosys.a(close.o)
 .debug_frame   0x00002904       0x20 c:/gnu arm embedded toolchain/10 2020-q4-major/bin/../lib/gcc/arm-none-eabi/10.2.1/../../../../arm-none-eabi/lib/thumb/v7e-m+fp/hard\libnosys.a(fstat.o)
 .debug_frame   0x00002924       0x20 c:/gnu arm embedded toolchain/10 2020-q4-major/bin/../lib/gcc/arm-none-eabi/10.2.1/../../../../arm-none-eabi/lib/thumb/v7e-m+fp/hard\libnosys.a(isatty.o)
 .debug_frame   0x00002944       0x20 c:/gnu arm embedded toolchain/10 2020-q4-major/bin/../lib/gcc/arm-none-eabi/10.2.1/../../../../arm-none-eabi/lib/thumb/v7e-m+fp/hard\libnosys.a(lseek.o)
 .debug_frame   0x00002964       0x20 c:/gnu arm embedded toolchain/10 2020-q4-major/bin/../lib/gcc/arm-none-eabi/10.2.1/../../../../arm-none-eabi/lib/thumb/v7e-m+fp/hard\libnosys.a(read.o)
 .debug_frame   0x00002984       0x20 c:/gnu arm embedded toolchain/10 2020-q4-major/bin/../lib/gcc/arm-none-eabi/10.2.1/../../../../arm-none-eabi/lib/thumb/v7e-m+fp/hard\libnosys.a(sbrk.o)
 .debug_frame   0x000029a4       0x2c c:/gnu arm embedded toolchain/10 2020-q4-major/bin/../lib/gcc/arm-none-eabi/10.2.1/thumb/v7e-m+fp/hard\libgcc.a(_aeabi_uldivmod.o)
 .debug_frame   0x000029d0       0x34 c:/gnu arm embedded toolchain/10 2020-q4-major/bin/../lib/gcc/arm-none-eabi/10.2.1/thumb/v7e-m+fp/hard\libgcc.a(_udivmoddi4.o)

.stab           0x00000000       0x84
 .stab          0x00000000       0x24 c:/gnu arm embedded toolchain/10 2020-q4-major/bin/../lib/gcc/arm-none-eabi/10.2.1/../../../../arm-none-eabi/lib/thumb/v7e-m+fp/hard\libnosys.a(close.o)
 .stab          0x00000024       0x18 c:/gnu arm embedded toolchain/10 2020-q4-major/bin/../lib/gcc/arm-none-eabi/10.2.1/../../../../arm-none-eabi/lib/thumb/v7e-m+fp/hard\libnosys.a(fstat.o)
                                 0x24 (size before relaxing)
 .stab          0x0000003c       0x18 c:/gnu arm embedded toolchain/10 2020-q4-major/bin/../lib/gcc/arm-none-eabi/10.2.1/../../../../arm-none-eabi/lib/thumb/v7e-m+fp/hard\libnosys.a(isatty.o)
                                 0x24 (size before relaxing)
 .stab          0x00000054       0x18 c:/gnu arm embedded toolchain/10 2020-q4-major/bin/../lib/gcc/arm-none-eabi/10.2.1/../../../../arm-none-eabi/lib/thumb/v7e-m+fp/hard\libnosys.a(lseek.o)
                                 0x24 (size before relaxing)
 .stab          0x0000006c       0x18 c:/gnu arm embedded toolchain/10 2020-q4-major/bin/../lib/gcc/arm-none-eabi/10.2.1/../../../../arm-none-eabi/lib/thumb/v7e-m+fp/hard\libnosys.a(read.o)
                                 0x24 (size before relaxing)

.stabstr        0x00000000      0x117
 .stabstr       0x00000000      0x117 c:/gnu arm embedded toolchain/10 2020-q4-major/bin/../lib/gcc/arm-none-eabi/10.2.1/../../../../arm-none-eabi/lib/thumb/v7e-m+fp/hard\libnosys.a(close.o)

Cross Reference Table

Symbol                                            File
ADC1_2_IRQHandler                                 build/startup_stm32l476xx.o
ADC3_IRQHandler                                   build/startup_stm32l476xx.o
AHBPrescTable                                     build/system_stm32l4xx.o
                                                  build/stm32l4xx_hal_rcc.o
APBPrescTable                                     build/system_stm32l4xx.o
                                                  build/stm32l4xx_hal_rcc.o
BusFault_Handler                                  build/stm32l4xx_it.o
CAN1_RX0_IRQHandler                               build/startup_stm32l476xx.o
CAN1_RX1_IRQHandler                               build/startup_stm32l476xx.o
CAN1_SCE_IRQHandler                               build/startup_stm32l476xx.o
CAN1_TX_IRQHandler                                build/startup_stm32l476xx.o
COMP_IRQHandler                                   build/startup_stm32l476xx.o
CRC16                                             build/radio.o
DFSDM1_FLT0_IRQHandler                            build/startup_stm32l476xx.o
DFSDM1_FLT1_IRQHandler                            build/startup_stm32l476xx.o
DFSDM1_FLT2_IRQHandler                            build/startup_stm32l476xx.o
DFSDM1_FLT3_IRQHandler                            build/startup_stm32l476xx.o
DMA1_Channel1_IRQHandler                          build/startup_stm32l476xx.o
DMA1_Channel2_IRQHandler                          build/startup_stm32l476xx.o
DMA1_Channel3_IRQHandler                          build/startup_stm32l476xx.o
DMA1_Channel4_IRQHandler                          build/startup_stm32l476xx.o
DMA1_Channel5_IRQHandler                          build/startup_stm32l476xx.o
DMA1_Channel6_IRQHandler                          build/startup_stm32l476xx.o
DMA1_Channel7_IRQHandler                          build/startup_stm32l476xx.o
DMA2_Channel1_IRQHandler                          build/startup_stm32l476xx.o
DMA2_Channel2_IRQHandler                          build/startup_stm32l476xx.o
DMA2_Channel3_IRQHandler                          build/startup_stm32l476xx.o
DMA2_Channel4_IRQHandler                          build/startup_stm32l476xx.o
DMA2_Channel5_IRQHandler                          build/startup_stm32l476xx.o
DMA2_Channel6_IRQHandler                          build/startup_stm32l476xx.o
DMA2_Channel7_IRQHandler                          build/startup_stm32l476xx.o
DebugMon_Handler                                  build/stm32l4xx_it.o
Default_Handler                                   build/startup_stm32l476xx.o
EXTI0_IRQHandler                                  build/startup_stm32l476xx.o
EXTI15_10_IRQHandler                              build/stm32l4xx_it.o
EXTI1_IRQHandler                                  build/startup_stm32l476xx.o
EXTI2_IRQHandler                                  build/startup_stm32l476xx.o
EXTI3_IRQHandler                                  build/startup_stm32l476xx.o
EXTI4_IRQHandler                                  build/startup_stm32l476xx.o
EXTI9_5_IRQHandler                                build/startup_stm32l476xx.o
Error_Handler                                     build/main.o
FLASH_FlushCaches                                 build/stm32l4xx_hal_flash_ex.o
                                                  build/stm32l4xx_hal_flash.o
FLASH_IRQHandler                                  build/startup_stm32l476xx.o
FLASH_PageErase                                   build/stm32l4xx_hal_flash_ex.o
                                                  build/stm32l4xx_hal_flash.o
FLASH_WaitForLastOperation                        build/stm32l4xx_hal_flash.o
                                                  build/stm32l4xx_hal_flash_ex.o
FMC_IRQHandler                                    build/startup_stm32l476xx.o
FPU_IRQHandler                                    build/startup_stm32l476xx.o
GetCRC16                                          build/radio.o
HAL_DBGMCU_DisableDBGSleepMode                    build/stm32l4xx_hal.o
HAL_DBGMCU_DisableDBGStandbyMode                  build/stm32l4xx_hal.o
HAL_DBGMCU_DisableDBGStopMode                     build/stm32l4xx_hal.o
HAL_DBGMCU_EnableDBGSleepMode                     build/stm32l4xx_hal.o
HAL_DBGMCU_EnableDBGStandbyMode                   build/stm32l4xx_hal.o
HAL_DBGMCU_EnableDBGStopMode                      build/stm32l4xx_hal.o
HAL_DMA_Abort                                     build/stm32l4xx_hal_dma.o
                                                  build/stm32l4xx_hal_uart.o
                                                  build/stm32l4xx_hal_spi.o
HAL_DMA_Abort_IT                                  build/stm32l4xx_hal_dma.o
                                                  build/stm32l4xx_hal_uart.o
                                                  build/stm32l4xx_hal_spi.o
                                                  build/stm32l4xx_hal_i2c.o
HAL_DMA_DeInit                                    build/stm32l4xx_hal_dma.o
HAL_DMA_GetError                                  build/stm32l4xx_hal_dma.o
                                                  build/stm32l4xx_hal_uart.o
HAL_DMA_GetState                                  build/stm32l4xx_hal_dma.o
                                                  build/stm32l4xx_hal_i2c.o
HAL_DMA_IRQHandler                                build/stm32l4xx_hal_dma.o
HAL_DMA_Init                                      build/stm32l4xx_hal_dma.o
HAL_DMA_PollForTransfer                           build/stm32l4xx_hal_dma.o
HAL_DMA_RegisterCallback                          build/stm32l4xx_hal_dma.o
HAL_DMA_Start                                     build/stm32l4xx_hal_dma.o
HAL_DMA_Start_IT                                  build/stm32l4xx_hal_dma.o
                                                  build/stm32l4xx_hal_uart.o
                                                  build/stm32l4xx_hal_spi.o
                                                  build/stm32l4xx_hal_i2c.o
HAL_DMA_UnRegisterCallback                        build/stm32l4xx_hal_dma.o
HAL_DeInit                                        build/stm32l4xx_hal.o
HAL_Delay                                         build/stm32l4xx_hal.o
                                                  build/main.o
HAL_EXTI_ClearConfigLine                          build/stm32l4xx_hal_exti.o
HAL_EXTI_ClearPending                             build/stm32l4xx_hal_exti.o
HAL_EXTI_GenerateSWI                              build/stm32l4xx_hal_exti.o
HAL_EXTI_GetConfigLine                            build/stm32l4xx_hal_exti.o
HAL_EXTI_GetHandle                                build/stm32l4xx_hal_exti.o
HAL_EXTI_GetPending                               build/stm32l4xx_hal_exti.o
HAL_EXTI_IRQHandler                               build/stm32l4xx_hal_exti.o
HAL_EXTI_RegisterCallback                         build/stm32l4xx_hal_exti.o
HAL_EXTI_SetConfigLine                            build/stm32l4xx_hal_exti.o
HAL_FLASHEx_DisableRunPowerDown                   build/stm32l4xx_hal_flash_ramfunc.o
HAL_FLASHEx_EnableRunPowerDown                    build/stm32l4xx_hal_flash_ramfunc.o
HAL_FLASHEx_Erase                                 build/stm32l4xx_hal_flash_ex.o
HAL_FLASHEx_Erase_IT                              build/stm32l4xx_hal_flash_ex.o
HAL_FLASHEx_OBGetConfig                           build/stm32l4xx_hal_flash_ex.o
HAL_FLASHEx_OBProgram                             build/stm32l4xx_hal_flash_ex.o
HAL_FLASH_EndOfOperationCallback                  build/stm32l4xx_hal_flash.o
HAL_FLASH_GetError                                build/stm32l4xx_hal_flash.o
HAL_FLASH_IRQHandler                              build/stm32l4xx_hal_flash.o
HAL_FLASH_Lock                                    build/stm32l4xx_hal_flash.o
HAL_FLASH_OB_Launch                               build/stm32l4xx_hal_flash.o
HAL_FLASH_OB_Lock                                 build/stm32l4xx_hal_flash.o
HAL_FLASH_OB_Unlock                               build/stm32l4xx_hal_flash.o
HAL_FLASH_OperationErrorCallback                  build/stm32l4xx_hal_flash.o
HAL_FLASH_Program                                 build/stm32l4xx_hal_flash.o
HAL_FLASH_Program_IT                              build/stm32l4xx_hal_flash.o
HAL_FLASH_Unlock                                  build/stm32l4xx_hal_flash.o
HAL_GPIO_DeInit                                   build/stm32l4xx_hal_gpio.o
                                                  build/stm32l4xx_hal_msp.o
HAL_GPIO_EXTI_Callback                            build/stm32l4xx_hal_gpio.o
HAL_GPIO_EXTI_IRQHandler                          build/stm32l4xx_hal_gpio.o
                                                  build/stm32l4xx_it.o
HAL_GPIO_Init                                     build/stm32l4xx_hal_gpio.o
                                                  build/stm32l4xx_hal_rcc_ex.o
                                                  build/stm32l4xx_hal_rcc.o
                                                  build/stm32l4xx_hal_msp.o
                                                  build/main.o
HAL_GPIO_LockPin                                  build/stm32l4xx_hal_gpio.o
HAL_GPIO_ReadPin                                  build/stm32l4xx_hal_gpio.o
                                                  build/radio_hal.o
HAL_GPIO_TogglePin                                build/stm32l4xx_hal_gpio.o
HAL_GPIO_WritePin                                 build/stm32l4xx_hal_gpio.o
                                                  build/radio_hal.o
                                                  build/main.o
HAL_GetDEVID                                      build/stm32l4xx_hal.o
HAL_GetHalVersion                                 build/stm32l4xx_hal.o
HAL_GetREVID                                      build/stm32l4xx_hal.o
HAL_GetTick                                       build/stm32l4xx_hal.o
                                                  build/stm32l4xx_hal_uart_ex.o
                                                  build/stm32l4xx_hal_uart.o
                                                  build/stm32l4xx_hal_spi.o
                                                  build/stm32l4xx_hal_dma.o
                                                  build/stm32l4xx_hal_flash.o
                                                  build/stm32l4xx_hal_rcc_ex.o
                                                  build/stm32l4xx_hal_rcc.o
                                                  build/stm32l4xx_hal_i2c.o
                                                  build/stm32l4xx_hal_rtc_ex.o
                                                  build/stm32l4xx_hal_rtc.o
HAL_GetTickFreq                                   build/stm32l4xx_hal.o
HAL_GetTickPrio                                   build/stm32l4xx_hal.o
HAL_GetUIDw0                                      build/stm32l4xx_hal.o
HAL_GetUIDw1                                      build/stm32l4xx_hal.o
HAL_GetUIDw2                                      build/stm32l4xx_hal.o
HAL_HalfDuplex_EnableReceiver                     build/stm32l4xx_hal_uart.o
HAL_HalfDuplex_EnableTransmitter                  build/stm32l4xx_hal_uart.o
HAL_HalfDuplex_Init                               build/stm32l4xx_hal_uart.o
HAL_I2CEx_ConfigAnalogFilter                      build/stm32l4xx_hal_i2c_ex.o
HAL_I2CEx_ConfigDigitalFilter                     build/stm32l4xx_hal_i2c_ex.o
HAL_I2CEx_DisableFastModePlus                     build/stm32l4xx_hal_i2c_ex.o
HAL_I2CEx_DisableWakeUp                           build/stm32l4xx_hal_i2c_ex.o
HAL_I2CEx_EnableFastModePlus                      build/stm32l4xx_hal_i2c_ex.o
HAL_I2CEx_EnableWakeUp                            build/stm32l4xx_hal_i2c_ex.o
HAL_I2C_AbortCpltCallback                         build/stm32l4xx_hal_i2c.o
HAL_I2C_AddrCallback                              build/stm32l4xx_hal_i2c.o
HAL_I2C_DeInit                                    build/stm32l4xx_hal_i2c.o
HAL_I2C_DisableListen_IT                          build/stm32l4xx_hal_i2c.o
HAL_I2C_ER_IRQHandler                             build/stm32l4xx_hal_i2c.o
HAL_I2C_EV_IRQHandler                             build/stm32l4xx_hal_i2c.o
HAL_I2C_EnableListen_IT                           build/stm32l4xx_hal_i2c.o
HAL_I2C_ErrorCallback                             build/stm32l4xx_hal_i2c.o
HAL_I2C_GetError                                  build/stm32l4xx_hal_i2c.o
HAL_I2C_GetMode                                   build/stm32l4xx_hal_i2c.o
HAL_I2C_GetState                                  build/stm32l4xx_hal_i2c.o
HAL_I2C_Init                                      build/stm32l4xx_hal_i2c.o
HAL_I2C_IsDeviceReady                             build/stm32l4xx_hal_i2c.o
HAL_I2C_ListenCpltCallback                        build/stm32l4xx_hal_i2c.o
HAL_I2C_MasterRxCpltCallback                      build/stm32l4xx_hal_i2c.o
HAL_I2C_MasterTxCpltCallback                      build/stm32l4xx_hal_i2c.o
HAL_I2C_Master_Abort_IT                           build/stm32l4xx_hal_i2c.o
HAL_I2C_Master_Receive                            build/stm32l4xx_hal_i2c.o
HAL_I2C_Master_Receive_DMA                        build/stm32l4xx_hal_i2c.o
HAL_I2C_Master_Receive_IT                         build/stm32l4xx_hal_i2c.o
HAL_I2C_Master_Seq_Receive_DMA                    build/stm32l4xx_hal_i2c.o
HAL_I2C_Master_Seq_Receive_IT                     build/stm32l4xx_hal_i2c.o
HAL_I2C_Master_Seq_Transmit_DMA                   build/stm32l4xx_hal_i2c.o
HAL_I2C_Master_Seq_Transmit_IT                    build/stm32l4xx_hal_i2c.o