Archive member included to satisfy reference by file (symbol)

c:/program files (x86)/gnu arm embedded toolchain/10 2020-q4-major/bin/../lib/gcc/arm-none-eabi/10.2.1/../../../../arm-none-eabi/lib/thumb/v7e-m+fp/hard\libc_nano.a(lib_a-exit.o)
                              c:/program files (x86)/gnu arm embedded toolchain/10 2020-q4-major/bin/../lib/gcc/arm-none-eabi/10.2.1/../../../../arm-none-eabi/lib/thumb/v7e-m+fp/hard/crt0.o (exit)
c:/program files (x86)/gnu arm embedded toolchain/10 2020-q4-major/bin/../lib/gcc/arm-none-eabi/10.2.1/../../../../arm-none-eabi/lib/thumb/v7e-m+fp/hard\libc_nano.a(lib_a-impure.o)
                              c:/program files (x86)/gnu arm embedded toolchain/10 2020-q4-major/bin/../lib/gcc/arm-none-eabi/10.2.1/../../../../arm-none-eabi/lib/thumb/v7e-m+fp/hard\libc_nano.a(lib_a-exit.o) (_global_impure_ptr)
c:/program files (x86)/gnu arm embedded toolchain/10 2020-q4-major/bin/../lib/gcc/arm-none-eabi/10.2.1/../../../../arm-none-eabi/lib/thumb/v7e-m+fp/hard\libc_nano.a(lib_a-init.o)
                              c:/program files (x86)/gnu arm embedded toolchain/10 2020-q4-major/bin/../lib/gcc/arm-none-eabi/10.2.1/../../../../arm-none-eabi/lib/thumb/v7e-m+fp/hard/crt0.o (__libc_init_array)
c:/program files (x86)/gnu arm embedded toolchain/10 2020-q4-major/bin/../lib/gcc/arm-none-eabi/10.2.1/../../../../arm-none-eabi/lib/thumb/v7e-m+fp/hard\libc_nano.a(lib_a-malloc.o)
                              build/radio.o (malloc)
c:/program files (x86)/gnu arm embedded toolchain/10 2020-q4-major/bin/../lib/gcc/arm-none-eabi/10.2.1/../../../../arm-none-eabi/lib/thumb/v7e-m+fp/hard\libc_nano.a(lib_a-memset.o)
                              c:/program files (x86)/gnu arm embedded toolchain/10 2020-q4-major/bin/../lib/gcc/arm-none-eabi/10.2.1/../../../../arm-none-eabi/lib/thumb/v7e-m+fp/hard/crt0.o (memset)
c:/program files (x86)/gnu arm embedded toolchain/10 2020-q4-major/bin/../lib/gcc/arm-none-eabi/10.2.1/../../../../arm-none-eabi/lib/thumb/v7e-m+fp/hard\libc_nano.a(lib_a-nano-freer.o)
                              c:/program files (x86)/gnu arm embedded toolchain/10 2020-q4-major/bin/../lib/gcc/arm-none-eabi/10.2.1/../../../../arm-none-eabi/lib/thumb/v7e-m+fp/hard\libc_nano.a(lib_a-malloc.o) (_free_r)
c:/program files (x86)/gnu arm embedded toolchain/10 2020-q4-major/bin/../lib/gcc/arm-none-eabi/10.2.1/../../../../arm-none-eabi/lib/thumb/v7e-m+fp/hard\libc_nano.a(lib_a-nano-mallocr.o)
                              c:/program files (x86)/gnu arm embedded toolchain/10 2020-q4-major/bin/../lib/gcc/arm-none-eabi/10.2.1/../../../../arm-none-eabi/lib/thumb/v7e-m+fp/hard\libc_nano.a(lib_a-malloc.o) (_malloc_r)
c:/program files (x86)/gnu arm embedded toolchain/10 2020-q4-major/bin/../lib/gcc/arm-none-eabi/10.2.1/../../../../arm-none-eabi/lib/thumb/v7e-m+fp/hard\libc_nano.a(lib_a-printf.o)
                              build/radio.o (printf)
c:/program files (x86)/gnu arm embedded toolchain/10 2020-q4-major/bin/../lib/gcc/arm-none-eabi/10.2.1/../../../../arm-none-eabi/lib/thumb/v7e-m+fp/hard\libc_nano.a(lib_a-puts.o)
                              build/main.o (puts)
c:/program files (x86)/gnu arm embedded toolchain/10 2020-q4-major/bin/../lib/gcc/arm-none-eabi/10.2.1/../../../../arm-none-eabi/lib/thumb/v7e-m+fp/hard\libc_nano.a(lib_a-sbrkr.o)
                              c:/program files (x86)/gnu arm embedded toolchain/10 2020-q4-major/bin/../lib/gcc/arm-none-eabi/10.2.1/../../../../arm-none-eabi/lib/thumb/v7e-m+fp/hard\libc_nano.a(lib_a-nano-mallocr.o) (_sbrk_r)
c:/program files (x86)/gnu arm embedded toolchain/10 2020-q4-major/bin/../lib/gcc/arm-none-eabi/10.2.1/../../../../arm-none-eabi/lib/thumb/v7e-m+fp/hard\libc_nano.a(lib_a-strncpy.o)
                              build/radio.o (strncpy)
c:/program files (x86)/gnu arm embedded toolchain/10 2020-q4-major/bin/../lib/gcc/arm-none-eabi/10.2.1/../../../../arm-none-eabi/lib/thumb/v7e-m+fp/hard\libc_nano.a(lib_a-wbuf.o)
                              c:/program files (x86)/gnu arm embedded toolchain/10 2020-q4-major/bin/../lib/gcc/arm-none-eabi/10.2.1/../../../../arm-none-eabi/lib/thumb/v7e-m+fp/hard\libc_nano.a(lib_a-puts.o) (__swbuf_r)
c:/program files (x86)/gnu arm embedded toolchain/10 2020-q4-major/bin/../lib/gcc/arm-none-eabi/10.2.1/../../../../arm-none-eabi/lib/thumb/v7e-m+fp/hard\libc_nano.a(lib_a-wsetup.o)
                              c:/program files (x86)/gnu arm embedded toolchain/10 2020-q4-major/bin/../lib/gcc/arm-none-eabi/10.2.1/../../../../arm-none-eabi/lib/thumb/v7e-m+fp/hard\libc_nano.a(lib_a-puts.o) (__swsetup_r)
c:/program files (x86)/gnu arm embedded toolchain/10 2020-q4-major/bin/../lib/gcc/arm-none-eabi/10.2.1/../../../../arm-none-eabi/lib/thumb/v7e-m+fp/hard\libc_nano.a(lib_a-fflush.o)
                              c:/program files (x86)/gnu arm embedded toolchain/10 2020-q4-major/bin/../lib/gcc/arm-none-eabi/10.2.1/../../../../arm-none-eabi/lib/thumb/v7e-m+fp/hard\libc_nano.a(lib_a-wbuf.o) (_fflush_r)
[...]
Memory Configuration

Name             Origin             Length             Attributes
RAM              0x20000000         0x00018000         xrw
RAM2             0x10000000         0x00008000         xrw
FLASH            0x08000000         0x00100000         xr
*default*        0x00000000         0xffffffff

Linker script and memory map

LOAD c:/program files (x86)/gnu arm embedded toolchain/10 2020-q4-major/bin/../lib/gcc/arm-none-eabi/10.2.1/thumb/v7e-m+fp/hard/crti.o
LOAD c:/program files (x86)/gnu arm embedded toolchain/10 2020-q4-major/bin/../lib/gcc/arm-none-eabi/10.2.1/thumb/v7e-m+fp/hard/crtbegin.o
LOAD c:/program files (x86)/gnu arm embedded toolchain/10 2020-q4-major/bin/../lib/gcc/arm-none-eabi/10.2.1/../../../../arm-none-eabi/lib/thumb/v7e-m+fp/hard/crt0.o
LOAD build/main.o
LOAD build/stm32l4xx_it.o
LOAD build/stm32l4xx_hal_msp.o
LOAD build/stm32l4xx_hal_rtc.o
LOAD build/stm32l4xx_hal_rtc_ex.o
LOAD build/stm32l4xx_hal.o
LOAD build/stm32l4xx_hal_i2c.o
LOAD build/stm32l4xx_hal_i2c_ex.o
LOAD build/stm32l4xx_hal_rcc.o
LOAD build/stm32l4xx_hal_rcc_ex.o
LOAD build/stm32l4xx_hal_flash.o
LOAD build/stm32l4xx_hal_flash_ex.o
LOAD build/stm32l4xx_hal_flash_ramfunc.o
LOAD build/stm32l4xx_hal_gpio.o
LOAD build/stm32l4xx_hal_dma.o
LOAD build/stm32l4xx_hal_dma_ex.o
LOAD build/stm32l4xx_hal_pwr.o
LOAD build/stm32l4xx_hal_pwr_ex.o
LOAD build/stm32l4xx_hal_cortex.o
LOAD build/stm32l4xx_hal_exti.o
LOAD build/stm32l4xx_hal_spi.o
LOAD build/stm32l4xx_hal_spi_ex.o
LOAD build/stm32l4xx_hal_tim.o
LOAD build/stm32l4xx_hal_tim_ex.o
LOAD build/stm32l4xx_hal_uart.o
LOAD build/stm32l4xx_hal_uart_ex.o
LOAD build/system_stm32l4xx.o
LOAD build/radio_comm.o
LOAD build/radio_hal.o
LOAD build/si446x_api_lib.o
LOAD build/si446x_nirq.o
LOAD build/radio.o
LOAD build/startup_stm32l476xx.o
LOAD c:/program files (x86)/gnu arm embedded toolchain/10 2020-q4-major/bin/../lib/gcc/arm-none-eabi/10.2.1/../../../../arm-none-eabi/lib/thumb/v7e-m+fp/hard\libc_nano.a
LOAD c:/program files (x86)/gnu arm embedded toolchain/10 2020-q4-major/bin/../lib/gcc/arm-none-eabi/10.2.1/../../../../arm-none-eabi/lib/thumb/v7e-m+fp/hard\libm.a
LOAD c:/program files (x86)/gnu arm embedded toolchain/10 2020-q4-major/bin/../lib/gcc/arm-none-eabi/10.2.1/../../../../arm-none-eabi/lib/thumb/v7e-m+fp/hard\libnosys.a
START GROUP
LOAD c:/program files (x86)/gnu arm embedded toolchain/10 2020-q4-major/bin/../lib/gcc/arm-none-eabi/10.2.1/thumb/v7e-m+fp/hard\libgcc.a
LOAD c:/program files (x86)/gnu arm embedded toolchain/10 2020-q4-major/bin/../lib/gcc/arm-none-eabi/10.2.1/../../../../arm-none-eabi/lib/thumb/v7e-m+fp/hard\libc_nano.a
END GROUP
START GROUP
LOAD c:/program files (x86)/gnu arm embedded toolchain/10 2020-q4-major/bin/../lib/gcc/arm-none-eabi/10.2.1/thumb/v7e-m+fp/hard\libgcc.a
LOAD c:/program files (x86)/gnu arm embedded toolchain/10 2020-q4-major/bin/../lib/gcc/arm-none-eabi/10.2.1/../../../../arm-none-eabi/lib/thumb/v7e-m+fp/hard\libc_nano.a
END GROUP
LOAD c:/program files (x86)/gnu arm embedded toolchain/10 2020-q4-major/bin/../lib/gcc/arm-none-eabi/10.2.1/thumb/v7e-m+fp/hard/crtend.o
LOAD c:/program files (x86)/gnu arm embedded toolchain/10 2020-q4-major/bin/../lib/gcc/arm-none-eabi/10.2.1/thumb/v7e-m+fp/hard/crtn.o
                0x20018000                _estack = 0x20018000
                0x00000200                _Min_Heap_Size = 0x200
                0x00000400                _Min_Stack_Size = 0x400

.isr_vector     0x08000000      0x188
                0x08000000                . = ALIGN (0x8)
 *(.isr_vector)
 .isr_vector    0x08000000      0x188 build/startup_stm32l476xx.o
                0x08000000                g_pfnVectors
                0x08000188                . = ALIGN (0x8)

.text           0x08000190     0x43e8
                0x08000190                . = ALIGN (0x8)
 *(.text)
 .text          0x08000190       0x40 c:/program files (x86)/gnu arm embedded toolchain/10 2020-q4-major/bin/../lib/gcc/arm-none-eabi/10.2.1/thumb/v7e-m+fp/hard/crtbegin.o
 .text          0x080001d0       0xa0 c:/program files (x86)/gnu arm embedded toolchain/10 2020-q4-major/bin/../lib/gcc/arm-none-eabi/10.2.1/../../../../arm-none-eabi/lib/thumb/v7e-m+fp/hard\libc_nano.a(lib_a-memchr.o)
                0x080001d0                memchr
 .text          0x08000270       0x30 c:/program files (x86)/gnu arm embedded toolchain/10 2020-q4-major/bin/../lib/gcc/arm-none-eabi/10.2.1/thumb/v7e-m+fp/hard\libgcc.a(_aeabi_uldivmod.o)
                0x08000270                __aeabi_uldivmod
 .text          0x080002a0      0x2d0 c:/program files (x86)/gnu arm embedded toolchain/10 2020-q4-major/bin/../lib/gcc/arm-none-eabi/10.2.1/thumb/v7e-m+fp/hard\libgcc.a(_udivmoddi4.o)
                0x080002a0                __udivmoddi4
 .text          0x08000570        0x4 c:/program files (x86)/gnu arm embedded toolchain/10 2020-q4-major/bin/../lib/gcc/arm-none-eabi/10.2.1/thumb/v7e-m+fp/hard\libgcc.a(_dvmd_tls.o)
                0x08000570                __aeabi_idiv0
                0x08000570                __aeabi_ldiv0
 *(.text*)
 .text.MX_GPIO_Init
                0x08000574       0xe4 build/main.o
 .text.SpiInOut
                0x08000658       0x34 build/main.o
                0x08000658                SpiInOut
 .text._write   0x0800068c       0x28 build/main.o
                0x0800068c                _write
 .text.Error_Handler
                0x080006b4        0x4 build/main.o
                0x080006b4                Error_Handler
 .text.MX_RTC_Init
                0x080006b8       0xd4 build/main.o
 .text.MX_SPI1_Init
                0x0800078c       0x4c build/main.o
 .text.MX_USART2_UART_Init
                0x080007d8       0x38 build/main.o
 .text.SystemClock_Config
                0x08000810       0xa0 build/main.o
                0x08000810                SystemClock_Config
 .text.main     0x080008b0       0x54 build/main.o
                0x080008b0                main
 .text.NMI_Handler
                0x08000904        0x2 build/stm32l4xx_it.o
                0x08000904                NMI_Handler
 .text.HardFault_Handler
                0x08000906        0x2 build/stm32l4xx_it.o
                0x08000906                HardFault_Handler
 .text.MemManage_Handler
                0x08000908        0x2 build/stm32l4xx_it.o
                0x08000908                MemManage_Handler
 .text.BusFault_Handler
                0x0800090a        0x2 build/stm32l4xx_it.o
                0x0800090a                BusFault_Handler
 .text.UsageFault_Handler
                0x0800090c        0x2 build/stm32l4xx_it.o
                0x0800090c                UsageFault_Handler
 .text.SVC_Handler
                0x0800090e        0x2 build/stm32l4xx_it.o
                0x0800090e                SVC_Handler
 .text.DebugMon_Handler
                0x08000910        0x2 build/stm32l4xx_it.o
                0x08000910                DebugMon_Handler
 .text.PendSV_Handler
                0x08000912        0x2 build/stm32l4xx_it.o
                0x08000912                PendSV_Handler
 .text.SysTick_Handler
                0x08000914        0x8 build/stm32l4xx_it.o
                0x08000914                SysTick_Handler
 .text.EXTI15_10_IRQHandler
                0x0800091c        0xc build/stm32l4xx_it.o
                0x0800091c                EXTI15_10_IRQHandler
 .text.HAL_MspInit
                0x08000928       0x30 build/stm32l4xx_hal_msp.o
                0x08000928                HAL_MspInit
 .text.HAL_RTC_MspInit
                0x08000958       0x24 build/stm32l4xx_hal_msp.o
                0x08000958                HAL_RTC_MspInit
 .text.HAL_SPI_MspInit
                0x0800097c       0x68 build/stm32l4xx_hal_msp.o
                0x0800097c                HAL_SPI_MspInit
 .text.HAL_UART_MspInit
                0x080009e4       0x68 build/stm32l4xx_hal_msp.o
                0x080009e4                HAL_UART_MspInit
 .text.HAL_RTC_WaitForSynchro
                0x08000a4c       0x32 build/stm32l4xx_hal_rtc.o
                0x08000a4c                HAL_RTC_WaitForSynchro
 .text.RTC_EnterInitMode
                0x08000a7e       0x44 build/stm32l4xx_hal_rtc.o
                0x08000a7e                RTC_EnterInitMode
 *fill*         0x08000ac2        0x2 
 .text.RTC_ExitInitMode
                0x08000ac4       0x50 build/stm32l4xx_hal_rtc.o
                0x08000ac4                RTC_ExitInitMode
 .text.HAL_RTC_Init
                0x08000b14       0x9a build/stm32l4xx_hal_rtc.o
                0x08000b14                HAL_RTC_Init
 .text.RTC_ByteToBcd2
                0x08000bae       0x16 build/stm32l4xx_hal_rtc.o
                0x08000bae                RTC_ByteToBcd2
 .text.HAL_RTC_SetTime
                0x08000bc4       0xc8 build/stm32l4xx_hal_rtc.o
                0x08000bc4                HAL_RTC_SetTime
 .text.HAL_RTC_SetDate
                0x08000c8c       0xa6 build/stm32l4xx_hal_rtc.o
                0x08000c8c                HAL_RTC_SetDate
 .text.HAL_RTC_SetAlarm
                0x08000d32      0x18a build/stm32l4xx_hal_rtc.o
                0x08000d32                HAL_RTC_SetAlarm
 .text.HAL_InitTick
                0x08000ebc       0x50 build/stm32l4xx_hal.o
                0x08000ebc                HAL_InitTick
 .text.HAL_Init
                0x08000f0c       0x2c build/stm32l4xx_hal.o
                0x08000f0c                HAL_Init
 .text.HAL_IncTick
                0x08000f38       0x18 build/stm32l4xx_hal.o
                0x08000f38                HAL_IncTick
 .text.HAL_GetTick
                0x08000f50        0xc build/stm32l4xx_hal.o
                0x08000f50                HAL_GetTick
 .text.HAL_Delay
                0x08000f5c       0x28 build/stm32l4xx_hal.o
                0x08000f5c                HAL_Delay
 .text.RCC_SetFlashLatencyFromMSIRange
                0x08000f84       0x90 build/stm32l4xx_hal_rcc.o
 .text.HAL_RCC_GetSysClockFreq
                0x08001014       0xb4 build/stm32l4xx_hal_rcc.o
                0x08001014                HAL_RCC_GetSysClockFreq
 .text.HAL_RCC_OscConfig
                0x080010c8      0x62c build/stm32l4xx_hal_rcc.o
                0x080010c8                HAL_RCC_OscConfig
 .text.HAL_RCC_ClockConfig
                0x080016f4      0x15c build/stm32l4xx_hal_rcc.o
                0x080016f4                HAL_RCC_ClockConfig
 .text.HAL_RCC_GetHCLKFreq
                0x08001850        0xc build/stm32l4xx_hal_rcc.o
                0x08001850                HAL_RCC_GetHCLKFreq
 .text.HAL_RCC_GetPCLK1Freq
                0x0800185c       0x24 build/stm32l4xx_hal_rcc.o
                0x0800185c                HAL_RCC_GetPCLK1Freq
 .text.HAL_RCC_GetPCLK2Freq
                0x08001880       0x24 build/stm32l4xx_hal_rcc.o
                0x08001880                HAL_RCC_GetPCLK2Freq
 .text.RCCEx_PLLSAI1_Config
                0x080018a4      0x170 build/stm32l4xx_hal_rcc_ex.o
 .text.RCCEx_PLLSAI2_Config
                0x08001a14      0x14c build/stm32l4xx_hal_rcc_ex.o
 .text.HAL_RCCEx_PeriphCLKConfig
                0x08001b60      0x454 build/stm32l4xx_hal_rcc_ex.o
                0x08001b60                HAL_RCCEx_PeriphCLKConfig
 .text.HAL_GPIO_Init
                0x08001fb4      0x1dc build/stm32l4xx_hal_gpio.o
                0x08001fb4                HAL_GPIO_Init
 .text.HAL_GPIO_ReadPin
                0x08002190        0xe build/stm32l4xx_hal_gpio.o
                0x08002190                HAL_GPIO_ReadPin
 .text.HAL_GPIO_WritePin
                0x0800219e        0xa build/stm32l4xx_hal_gpio.o
                0x0800219e                HAL_GPIO_WritePin
 .text.HAL_GPIO_EXTI_Callback
                0x080021a8        0x2 build/stm32l4xx_hal_gpio.o
                0x080021a8                HAL_GPIO_EXTI_Callback
 *fill*         0x080021aa        0x2 
 .text.HAL_GPIO_EXTI_IRQHandler
                0x080021ac       0x1c build/stm32l4xx_hal_gpio.o
                0x080021ac                HAL_GPIO_EXTI_IRQHandler
 .text.HAL_PWREx_GetVoltageRange
                0x080021c8       0x10 build/stm32l4xx_hal_pwr_ex.o
                0x080021c8                HAL_PWREx_GetVoltageRange
 .text.HAL_PWREx_ControlVoltageScaling
                0x080021d8       0x90 build/stm32l4xx_hal_pwr_ex.o
                0x080021d8                HAL_PWREx_ControlVoltageScaling
 .text.HAL_NVIC_SetPriorityGrouping
                0x08002268       0x24 build/stm32l4xx_hal_cortex.o
                0x08002268                HAL_NVIC_SetPriorityGrouping
 .text.HAL_NVIC_SetPriority
                0x0800228c       0x70 build/stm32l4xx_hal_cortex.o
                0x0800228c                HAL_NVIC_SetPriority
 .text.HAL_NVIC_EnableIRQ
                0x080022fc       0x1c build/stm32l4xx_hal_cortex.o
                0x080022fc                HAL_NVIC_EnableIRQ
 .text.HAL_SYSTICK_Config
                0x08002318       0x28 build/stm32l4xx_hal_cortex.o
                0x08002318                HAL_SYSTICK_Config
 .text.SPI_WaitFlagStateUntilTimeout
                0x08002340       0xd4 build/stm32l4xx_hal_spi.o
 .text.SPI_WaitFifoStateUntilTimeout
                0x08002414       0xe4 build/stm32l4xx_hal_spi.o
 .text.SPI_EndRxTxTransaction
                0x080024f8       0x62 build/stm32l4xx_hal_spi.o
 .text.HAL_SPI_Init
                0x0800255a       0xde build/stm32l4xx_hal_spi.o
                0x0800255a                HAL_SPI_Init
 .text.HAL_SPI_TransmitReceive
                0x08002638      0x2de build/stm32l4xx_hal_spi.o
                0x08002638                HAL_SPI_TransmitReceive
 *fill*         0x08002916        0x2 
 .text.UART_SetConfig
                0x08002918      0x328 build/stm32l4xx_hal_uart.o
                0x08002918                UART_SetConfig
 .text.UART_AdvFeatureConfig
                0x08002c40       0xca build/stm32l4xx_hal_uart.o
                0x08002c40                UART_AdvFeatureConfig
 .text.UART_WaitOnFlagUntilTimeout
                0x08002d0a       0xa8 build/stm32l4xx_hal_uart.o
                0x08002d0a                UART_WaitOnFlagUntilTimeout
 .text.HAL_UART_Transmit
                0x08002db2       0xd8 build/stm32l4xx_hal_uart.o
                0x08002db2                HAL_UART_Transmit
 .text.UART_CheckIdleState
                0x08002e8a       0x70 build/stm32l4xx_hal_uart.o
                0x08002e8a                UART_CheckIdleState
 .text.HAL_UART_Init
                0x08002efa       0x62 build/stm32l4xx_hal_uart.o
                0x08002efa                HAL_UART_Init
 .text.SystemInit
                0x08002f5c       0x44 build/system_stm32l4xx.o
                0x08002f5c                SystemInit
 .text.radio_comm_GetResp
                0x08002fa0       0x60 build/radio_comm.o
                0x08002fa0                radio_comm_GetResp
 .text.radio_comm_PollCTS
                0x08003000        0xc build/radio_comm.o
                0x08003000                radio_comm_PollCTS
 .text.radio_comm_SendCmd
                0x0800300c       0x30 build/radio_comm.o
                0x0800300c                radio_comm_SendCmd
 .text.radio_comm_ReadData
                0x0800303c       0x3c build/radio_comm.o
                0x0800303c                radio_comm_ReadData
 .text.radio_comm_WriteData
                0x08003078       0x3c build/radio_comm.o
                0x08003078                radio_comm_WriteData
 .text.radio_comm_ClearCTS
                0x080030b4        0xc build/radio_comm.o
                0x080030b4                radio_comm_ClearCTS
 .text.radio_comm_SendCmdGetResp
                0x080030c0       0x14 build/radio_comm.o
                0x080030c0                radio_comm_SendCmdGetResp
 .text.radio_hal_AssertShutdown
                0x080030d4       0x10 build/radio_hal.o
                0x080030d4                radio_hal_AssertShutdown
 .text.radio_hal_DeassertShutdown
                0x080030e4       0x10 build/radio_hal.o
                0x080030e4                radio_hal_DeassertShutdown
 .text.radio_hal_ClearNsel
                0x080030f4       0x12 build/radio_hal.o
                0x080030f4                radio_hal_ClearNsel
 .text.radio_hal_SetNsel
                0x08003106       0x12 build/radio_hal.o
                0x08003106                radio_hal_SetNsel
 .text.radio_hal_NirqLevel
                0x08003118       0x10 build/radio_hal.o
                0x08003118                radio_hal_NirqLevel
 .text.radio_hal_SpiWriteByte
                0x08003128        0x8 build/radio_hal.o
                0x08003128                radio_hal_SpiWriteByte
 .text.radio_hal_SpiReadByte
                0x08003130        0xc build/radio_hal.o
                0x08003130                radio_hal_SpiReadByte
 .text.radio_hal_SpiWriteData
                0x0800313c       0x18 build/radio_hal.o
                0x0800313c                radio_hal_SpiWriteData
 .text.radio_hal_SpiReadData
                0x08003154       0x1a build/radio_hal.o
                0x08003154                radio_hal_SpiReadData
 .text.si446x_reset
                0x0800316e       0x28 build/si446x_api_lib.o
                0x0800316e                si446x_reset
 *fill*         0x08003196        0x2 
 .text.si446x_start_tx
                0x08003198       0x2c build/si446x_api_lib.o
                0x08003198                si446x_start_tx
 .text.si446x_get_int_status
                0x080031c4       0x48 build/si446x_api_lib.o
                0x080031c4                si446x_get_int_status
 .text.si446x_configuration_init
                0x0800320c       0x60 build/si446x_api_lib.o
                0x0800320c                si446x_configuration_init
 .text.si446x_set_property
                0x0800326c       0x2c build/si446x_api_lib.o
                0x0800326c                si446x_set_property
 .text.si446x_change_state
                0x08003298       0x18 build/si446x_api_lib.o
                0x08003298                si446x_change_state
 .text.si446x_fifo_info
                0x080032b0       0x2c build/si446x_api_lib.o
                0x080032b0                si446x_fifo_info
 .text.si446x_write_tx_fifo
                0x080032dc       0x10 build/si446x_api_lib.o
                0x080032dc                si446x_write_tx_fifo
 .text.si446x_read_rx_fifo
                0x080032ec       0x10 build/si446x_api_lib.o
                0x080032ec                si446x_read_rx_fifo
 .text.vRadio_PowerUp
                0x080032fc       0x20 build/radio.o
                0x080032fc                vRadio_PowerUp
 .text.vRadio_Init
                0x0800331c       0x38 build/radio.o
                0x0800331c                vRadio_Init
 .text.bRadio_Check_Tx_RX
                0x08003354       0xa4 build/radio.o
                0x08003354                bRadio_Check_Tx_RX
 .text.vRadio_StartTx_Variable_Packet
                0x080033f8       0x74 build/radio.o
                0x080033f8                vRadio_StartTx_Variable_Packet
 .text.Reset_Handler
                0x0800346c       0x50 build/startup_stm32l476xx.o
                0x0800346c                Reset_Handler
 .text.Default_Handler
                0x080034bc        0x2 build/startup_stm32l476xx.o
                0x080034bc                RTC_Alarm_IRQHandler
                0x080034bc                EXTI2_IRQHandler
                0x080034bc                TIM8_TRG_COM_IRQHandler
                0x080034bc                TIM8_CC_IRQHandler
                0x080034bc                TIM1_CC_IRQHandler
                0x080034bc                TSC_IRQHandler
                0x080034bc                TAMP_STAMP_IRQHandler
                0x080034bc                EXTI3_IRQHandler
                0x080034bc                LPTIM2_IRQHandler
                0x080034bc                DFSDM1_FLT1_IRQHandler
                0x080034bc                I2C3_ER_IRQHandler
                0x080034bc                DFSDM1_FLT2_IRQHandler
                0x080034bc                EXTI0_IRQHandler
                0x080034bc                I2C2_EV_IRQHandler
                0x080034bc                CAN1_RX0_IRQHandler
                0x080034bc                FPU_IRQHandler
                0x080034bc                TIM1_UP_TIM16_IRQHandler
                0x080034bc                ADC1_2_IRQHandler
                0x080034bc                SPI1_IRQHandler
                0x080034bc                TIM6_DAC_IRQHandler
                0x080034bc                TIM8_UP_IRQHandler
                0x080034bc                DMA2_Channel2_IRQHandler
                0x080034bc                DMA1_Channel4_IRQHandler
                0x080034bc                SAI2_IRQHandler
                0x080034bc                DFSDM1_FLT3_IRQHandler
                0x080034bc                USART3_IRQHandler
                0x080034bc                DMA1_Channel7_IRQHandler
                0x080034bc                CAN1_RX1_IRQHandler
                0x080034bc                LCD_IRQHandler
                0x080034bc                UART5_IRQHandler
                0x080034bc                ADC3_IRQHandler
                0x080034bc                TIM4_IRQHandler
                0x080034bc                DMA2_Channel1_IRQHandler
                0x080034bc                QUADSPI_IRQHandler
                0x080034bc                I2C1_EV_IRQHandler
                0x080034bc                DMA1_Channel6_IRQHandler
                0x080034bc                UART4_IRQHandler
                0x080034bc                DMA2_Channel4_IRQHandler
                0x080034bc                TIM3_IRQHandler
                0x080034bc                RCC_IRQHandler
                0x080034bc                DMA1_Channel1_IRQHandler
                0x080034bc                Default_Handler
                0x080034bc                DMA2_Channel7_IRQHandler
                0x080034bc                TIM7_IRQHandler
                0x080034bc                SDMMC1_IRQHandler
                0x080034bc                TIM5_IRQHandler
                0x080034bc                I2C3_EV_IRQHandler
                0x080034bc                EXTI9_5_IRQHandler
                0x080034bc                RTC_WKUP_IRQHandler
                0x080034bc                PVD_PVM_IRQHandler
                0x080034bc                SPI2_IRQHandler
                0x080034bc                CAN1_TX_IRQHandler
                0x080034bc                DMA2_Channel5_IRQHandler
                0x080034bc                DMA1_Channel5_IRQHandler
                0x080034bc                EXTI4_IRQHandler
                0x080034bc                RNG_IRQHandler
                0x080034bc                TIM1_TRG_COM_TIM17_IRQHandler
                0x080034bc                DMA1_Channel3_IRQHandler
                0x080034bc                COMP_IRQHandler
                0x080034bc                WWDG_IRQHandler
                0x080034bc                LPUART1_IRQHandler
                0x080034bc                DMA2_Channel6_IRQHandler
                0x080034bc                TIM2_IRQHandler
                0x080034bc                EXTI1_IRQHandler
                0x080034bc                USART2_IRQHandler
                0x080034bc                DFSDM1_FLT0_IRQHandler
                0x080034bc                I2C2_ER_IRQHandler
                0x080034bc                DMA1_Channel2_IRQHandler
                0x080034bc                TIM8_BRK_IRQHandler
                0x080034bc                CAN1_SCE_IRQHandler
                0x080034bc                FLASH_IRQHandler
                0x080034bc                USART1_IRQHandler
                0x080034bc                OTG_FS_IRQHandler
                0x080034bc                SPI3_IRQHandler
                0x080034bc                I2C1_ER_IRQHandler
                0x080034bc                FMC_IRQHandler
                0x080034bc                SWPMI1_IRQHandler
                0x080034bc                LPTIM1_IRQHandler
                0x080034bc                SAI1_IRQHandler
                0x080034bc                DMA2_Channel3_IRQHandler
                0x080034bc                TIM1_BRK_TIM15_IRQHandler
 *fill*         0x080034be        0x2 
 .text.__libc_init_array
                0x080034c0       0x48 c:/program files (x86)/gnu arm embedded toolchain/10 2020-q4-major/bin/../lib/gcc/arm-none-eabi/10.2.1/../../../../arm-none-eabi/lib/thumb/v7e-m+fp/hard\libc_nano.a(lib_a-init.o)
                0x080034c0                __libc_init_array
 .text.malloc   0x08003508       0x10 c:/program files (x86)/gnu arm embedded toolchain/10 2020-q4-major/bin/../lib/gcc/arm-none-eabi/10.2.1/../../../../arm-none-eabi/lib/thumb/v7e-m+fp/hard\libc_nano.a(lib_a-malloc.o)
                0x08003508                malloc
 .text.free     0x08003518       0x10 c:/program files (x86)/gnu arm embedded toolchain/10 2020-q4-major/bin/../lib/gcc/arm-none-eabi/10.2.1/../../../../arm-none-eabi/lib/thumb/v7e-m+fp/hard\libc_nano.a(lib_a-malloc.o)
                0x08003518                free
 .text.memset   0x08003528       0x10 c:/program files (x86)/gnu arm embedded toolchain/10 2020-q4-major/bin/../lib/gcc/arm-none-eabi/10.2.1/../../../../arm-none-eabi/lib/thumb/v7e-m+fp/hard\libc_nano.a(lib_a-memset.o)
                0x08003528                memset
 .text._free_r  0x08003538       0x98 c:/program files (x86)/gnu arm embedded toolchain/10 2020-q4-major/bin/../lib/gcc/arm-none-eabi/10.2.1/../../../../arm-none-eabi/lib/thumb/v7e-m+fp/hard\libc_nano.a(lib_a-nano-freer.o)
                0x08003538                _free_r
 .text._malloc_r
                0x080035d0       0xb4 c:/program files (x86)/gnu arm embedded toolchain/10 2020-q4-major/bin/../lib/gcc/arm-none-eabi/10.2.1/../../../../arm-none-eabi/lib/thumb/v7e-m+fp/hard\libc_nano.a(lib_a-nano-mallocr.o)
                0x080035d0                _malloc_r
 .text.printf   0x08003684       0x30 c:/program files (x86)/gnu arm embedded toolchain/10 2020-q4-major/bin/../lib/gcc/arm-none-eabi/10.2.1/../../../../arm-none-eabi/lib/thumb/v7e-m+fp/hard\libc_nano.a(lib_a-printf.o)
                0x08003684                iprintf
                0x08003684                printf
 .text._puts_r  0x080036b4       0xdc c:/program files (x86)/gnu arm embedded toolchain/10 2020-q4-major/bin/../lib/gcc/arm-none-eabi/10.2.1/../../../../arm-none-eabi/lib/thumb/v7e-m+fp/hard\libc_nano.a(lib_a-puts.o)
                0x080036b4                _puts_r
 .text.puts     0x08003790       0x10 c:/program files (x86)/gnu arm embedded toolchain/10 2020-q4-major/bin/../lib/gcc/arm-none-eabi/10.2.1/../../../../arm-none-eabi/lib/thumb/v7e-m+fp/hard\libc_nano.a(lib_a-puts.o)
                0x08003790                puts
 .text._sbrk_r  0x080037a0       0x20 c:/program files (x86)/gnu arm embedded toolchain/10 2020-q4-major/bin/../lib/gcc/arm-none-eabi/10.2.1/../../../../arm-none-eabi/lib/thumb/v7e-m+fp/hard\libc_nano.a(lib_a-sbrkr.o)
                0x080037a0                _sbrk_r
 .text.strncpy  0x080037c0       0x26 c:/program files (x86)/gnu arm embedded toolchain/10 2020-q4-major/bin/../lib/gcc/arm-none-eabi/10.2.1/../../../../arm-none-eabi/lib/thumb/v7e-m+fp/hard\libc_nano.a(lib_a-strncpy.o)
                0x080037c0                strncpy
 *fill*         0x080037e6        0x2 
 .text.__swbuf_r
                0x080037e8       0xa4 c:/program files (x86)/gnu arm embedded toolchain/10 2020-q4-major/bin/../lib/gcc/arm-none-eabi/10.2.1/../../../../arm-none-eabi/lib/thumb/v7e-m+fp/hard\libc_nano.a(lib_a-wbuf.o)
                0x080037e8                __swbuf_r
 .text.__swsetup_r
                0x0800388c       0xdc c:/program files (x86)/gnu arm embedded toolchain/10 2020-q4-major/bin/../lib/gcc/arm-none-eabi/10.2.1/../../../../arm-none-eabi/lib/thumb/v7e-m+fp/hard\libc_nano.a(lib_a-wsetup.o)
                0x0800388c                __swsetup_r
 .text.__sflush_r
                0x08003968      0x10c c:/program files (x86)/gnu arm embedded toolchain/10 2020-q4-major/bin/../lib/gcc/arm-none-eabi/10.2.1/../../../../arm-none-eabi/lib/thumb/v7e-m+fp/hard\libc_nano.a(lib_a-fflush.o)
                0x08003968                __sflush_r
 .text._fflush_r
                0x08003a74       0x78 c:/program files (x86)/gnu arm embedded toolchain/10 2020-q4-major/bin/../lib/gcc/arm-none-eabi/10.2.1/../../../../arm-none-eabi/lib/thumb/v7e-m+fp/hard\libc_nano.a(lib_a-fflush.o)
                0x08003a74                _fflush_r
 .text.std      0x08003aec       0x48 c:/program files (x86)/gnu arm embedded toolchain/10 2020-q4-major/bin/../lib/gcc/arm-none-eabi/10.2.1/../../../../arm-none-eabi/lib/thumb/v7e-m+fp/hard\libc_nano.a(lib_a-findfp.o)
 .text._cleanup_r
                0x08003b34        0xc c:/program files (x86)/gnu arm embedded toolchain/10 2020-q4-major/bin/../lib/gcc/arm-none-eabi/10.2.1/../../../../arm-none-eabi/lib/thumb/v7e-m+fp/hard\libc_nano.a(lib_a-findfp.o)
                0x08003b34                _cleanup_r
 .text.__sfmoreglue
                0x08003b40       0x2c c:/program files (x86)/gnu arm embedded toolchain/10 2020-q4-major/bin/../lib/gcc/arm-none-eabi/10.2.1/../../../../arm-none-eabi/lib/thumb/v7e-m+fp/hard\libc_nano.a(lib_a-findfp.o)
                0x08003b40                __sfmoreglue
 .text.__sfp_lock_acquire
                0x08003b6c        0xc c:/program files (x86)/gnu arm embedded toolchain/10 2020-q4-major/bin/../lib/gcc/arm-none-eabi/10.2.1/../../../../arm-none-eabi/lib/thumb/v7e-m+fp/hard\libc_nano.a(lib_a-findfp.o)
                0x08003b6c                __sfp_lock_acquire
 .text.__sfp_lock_release
                0x08003b78        0xc c:/program files (x86)/gnu arm embedded toolchain/10 2020-q4-major/bin/../lib/gcc/arm-none-eabi/10.2.1/../../../../arm-none-eabi/lib/thumb/v7e-m+fp/hard\libc_nano.a(lib_a-findfp.o)
                0x08003b78                __sfp_lock_release
 .text.__sinit_lock_acquire
                0x08003b84        0xc c:/program files (x86)/gnu arm embedded toolchain/10 2020-q4-major/bin/../lib/gcc/arm-none-eabi/10.2.1/../../../../arm-none-eabi/lib/thumb/v7e-m+fp/hard\libc_nano.a(lib_a-findfp.o)
                0x08003b84                __sinit_lock_acquire
 .text.__sinit_lock_release
                0x08003b90        0xc c:/program files (x86)/gnu arm embedded toolchain/10 2020-q4-major/bin/../lib/gcc/arm-none-eabi/10.2.1/../../../../arm-none-eabi/lib/thumb/v7e-m+fp/hard\libc_nano.a(lib_a-findfp.o)
                0x08003b90                __sinit_lock_release
 .text.__sinit  0x08003b9c       0x70 c:/program files (x86)/gnu arm embedded toolchain/10 2020-q4-major/bin/../lib/gcc/arm-none-eabi/10.2.1/../../../../arm-none-eabi/lib/thumb/v7e-m+fp/hard\libc_nano.a(lib_a-findfp.o)
                0x08003b9c                __sinit
 .text.__sfp    0x08003c0c       0x8c c:/program files (x86)/gnu arm embedded toolchain/10 2020-q4-major/bin/../lib/gcc/arm-none-eabi/10.2.1/../../../../arm-none-eabi/lib/thumb/v7e-m+fp/hard\libc_nano.a(lib_a-findfp.o)
                0x08003c0c                __sfp
 .text._fwalk_reent
                0x08003c98       0x3e c:/program files (x86)/gnu arm embedded toolchain/10 2020-q4-major/bin/../lib/gcc/arm-none-eabi/10.2.1/../../../../arm-none-eabi/lib/thumb/v7e-m+fp/hard\libc_nano.a(lib_a-fwalk.o)
                0x08003c98                _fwalk_reent
 .text.__retarget_lock_init_recursive
                0x08003cd6        0x2 c:/program files (x86)/gnu arm embedded toolchain/10 2020-q4-major/bin/../lib/gcc/arm-none-eabi/10.2.1/../../../../arm-none-eabi/lib/thumb/v7e-m+fp/hard\libc_nano.a(lib_a-lock.o)
                0x08003cd6                __retarget_lock_init_recursive
 .text.__retarget_lock_acquire_recursive
                0x08003cd8        0x2 c:/program files (x86)/gnu arm embedded toolchain/10 2020-q4-major/bin/../lib/gcc/arm-none-eabi/10.2.1/../../../../arm-none-eabi/lib/thumb/v7e-m+fp/hard\libc_nano.a(lib_a-lock.o)
                0x08003cd8                __retarget_lock_acquire_recursive
 .text.__retarget_lock_release_recursive
                0x08003cda        0x2 c:/program files (x86)/gnu arm embedded toolchain/10 2020-q4-major/bin/../lib/gcc/arm-none-eabi/10.2.1/../../../../arm-none-eabi/lib/thumb/v7e-m+fp/hard\libc_nano.a(lib_a-lock.o)
                0x08003cda                __retarget_lock_release_recursive
 .text.__swhatbuf_r
                0x08003cdc       0x4a c:/program files (x86)/gnu arm embedded toolchain/10 2020-q4-major/bin/../lib/gcc/arm-none-eabi/10.2.1/../../../../arm-none-eabi/lib/thumb/v7e-m+fp/hard\libc_nano.a(lib_a-makebuf.o)
                0x08003cdc                __swhatbuf_r
 *fill*         0x08003d26        0x2 
 .text.__smakebuf_r
                0x08003d28       0x80 c:/program files (x86)/gnu arm embedded toolchain/10 2020-q4-major/bin/../lib/gcc/arm-none-eabi/10.2.1/../../../../arm-none-eabi/lib/thumb/v7e-m+fp/hard\libc_nano.a(lib_a-makebuf.o)
                0x08003d28                __smakebuf_r
 .text.__malloc_lock
                0x08003da8        0xc c:/program files (x86)/gnu arm embedded toolchain/10 2020-q4-major/bin/../lib/gcc/arm-none-eabi/10.2.1/../../../../arm-none-eabi/lib/thumb/v7e-m+fp/hard\libc_nano.a(lib_a-mlock.o)
                0x08003da8                __malloc_lock
 .text.__malloc_unlock
                0x08003db4        0xc c:/program files (x86)/gnu arm embedded toolchain/10 2020-q4-major/bin/../lib/gcc/arm-none-eabi/10.2.1/../../../../arm-none-eabi/lib/thumb/v7e-m+fp/hard\libc_nano.a(lib_a-mlock.o)
                0x08003db4                __malloc_unlock
 .text.__sfputc_r
                0x08003dc0       0x2e c:/program files (x86)/gnu arm embedded toolchain/10 2020-q4-major/bin/../lib/gcc/arm-none-eabi/10.2.1/../../../../arm-none-eabi/lib/thumb/v7e-m+fp/hard\libc_nano.a(lib_a-nano-vfprintf.o)
 .text.__sfputs_r
                0x08003dee       0x24 c:/program files (x86)/gnu arm embedded toolchain/10 2020-q4-major/bin/../lib/gcc/arm-none-eabi/10.2.1/../../../../arm-none-eabi/lib/thumb/v7e-m+fp/hard\libc_nano.a(lib_a-nano-vfprintf.o)
                0x08003dee                __sfputs_r
 *fill*         0x08003e12        0x2 
 .text._vfprintf_r
                0x08003e14      0x260 c:/program files (x86)/gnu arm embedded toolchain/10 2020-q4-major/bin/../lib/gcc/arm-none-eabi/10.2.1/../../../../arm-none-eabi/lib/thumb/v7e-m+fp/hard\libc_nano.a(lib_a-nano-vfprintf.o)
                0x08003e14                _vfprintf_r
                0x08003e14                _vfiprintf_r
 .text._printf_common
                0x08004074       0xda c:/program files (x86)/gnu arm embedded toolchain/10 2020-q4-major/bin/../lib/gcc/arm-none-eabi/10.2.1/../../../../arm-none-eabi/lib/thumb/v7e-m+fp/hard\libc_nano.a(lib_a-nano-vfprintf_i.o)
                0x08004074                _printf_common
 *fill*         0x0800414e        0x2 
 .text._printf_i
                0x08004150      0x24c c:/program files (x86)/gnu arm embedded toolchain/10 2020-q4-major/bin/../lib/gcc/arm-none-eabi/10.2.1/../../../../arm-none-eabi/lib/thumb/v7e-m+fp/hard\libc_nano.a(lib_a-nano-vfprintf_i.o)
                0x08004150                _printf_i
 .text.__sread  0x0800439c       0x22 c:/program files (x86)/gnu arm embedded toolchain/10 2020-q4-major/bin/../lib/gcc/arm-none-eabi/10.2.1/../../../../arm-none-eabi/lib/thumb/v7e-m+fp/hard\libc_nano.a(lib_a-stdio.o)
                0x0800439c                __sread
 .text.__swrite
                0x080043be       0x38 c:/program files (x86)/gnu arm embedded toolchain/10 2020-q4-major/bin/../lib/gcc/arm-none-eabi/10.2.1/../../../../arm-none-eabi/lib/thumb/v7e-m+fp/hard\libc_nano.a(lib_a-stdio.o)
                0x080043be                __swrite
 .text.__sseek  0x080043f6       0x24 c:/program files (x86)/gnu arm embedded toolchain/10 2020-q4-major/bin/../lib/gcc/arm-none-eabi/10.2.1/../../../../arm-none-eabi/lib/thumb/v7e-m+fp/hard\libc_nano.a(lib_a-stdio.o)
                0x080043f6                __sseek
 .text.__sclose
                0x0800441a        0x8 c:/program files (x86)/gnu arm embedded toolchain/10 2020-q4-major/bin/../lib/gcc/arm-none-eabi/10.2.1/../../../../arm-none-eabi/lib/thumb/v7e-m+fp/hard\libc_nano.a(lib_a-stdio.o)
                0x0800441a                __sclose
 *fill*         0x08004422        0x2 
 .text._write_r
                0x08004424       0x24 c:/program files (x86)/gnu arm embedded toolchain/10 2020-q4-major/bin/../lib/gcc/arm-none-eabi/10.2.1/../../../../arm-none-eabi/lib/thumb/v7e-m+fp/hard\libc_nano.a(lib_a-writer.o)
                0x08004424                _write_r
 .text._close_r
                0x08004448       0x20 c:/program files (x86)/gnu arm embedded toolchain/10 2020-q4-major/bin/../lib/gcc/arm-none-eabi/10.2.1/../../../../arm-none-eabi/lib/thumb/v7e-m+fp/hard\libc_nano.a(lib_a-closer.o)
                0x08004448                _close_r
 .text._fstat_r
                0x08004468       0x24 c:/program files (x86)/gnu arm embedded toolchain/10 2020-q4-major/bin/../lib/gcc/arm-none-eabi/10.2.1/../../../../arm-none-eabi/lib/thumb/v7e-m+fp/hard\libc_nano.a(lib_a-fstatr.o)
                0x08004468                _fstat_r
 .text._isatty_r
                0x0800448c       0x20 c:/program files (x86)/gnu arm embedded toolchain/10 2020-q4-major/bin/../lib/gcc/arm-none-eabi/10.2.1/../../../../arm-none-eabi/lib/thumb/v7e-m+fp/hard\libc_nano.a(lib_a-isattyr.o)
                0x0800448c                _isatty_r
 .text._lseek_r
                0x080044ac       0x24 c:/program files (x86)/gnu arm embedded toolchain/10 2020-q4-major/bin/../lib/gcc/arm-none-eabi/10.2.1/../../../../arm-none-eabi/lib/thumb/v7e-m+fp/hard\libc_nano.a(lib_a-lseekr.o)
                0x080044ac                _lseek_r
 .text._read_r  0x080044d0       0x24 c:/program files (x86)/gnu arm embedded toolchain/10 2020-q4-major/bin/../lib/gcc/arm-none-eabi/10.2.1/../../../../arm-none-eabi/lib/thumb/v7e-m+fp/hard\libc_nano.a(lib_a-readr.o)
                0x080044d0                _read_r
 .text._close   0x080044f4       0x10 c:/program files (x86)/gnu arm embedded toolchain/10 2020-q4-major/bin/../lib/gcc/arm-none-eabi/10.2.1/../../../../arm-none-eabi/lib/thumb/v7e-m+fp/hard\libnosys.a(close.o)
                0x080044f4                _close
 .text._fstat   0x08004504       0x10 c:/program files (x86)/gnu arm embedded toolchain/10 2020-q4-major/bin/../lib/gcc/arm-none-eabi/10.2.1/../../../../arm-none-eabi/lib/thumb/v7e-m+fp/hard\libnosys.a(fstat.o)
                0x08004504                _fstat
 .text._isatty  0x08004514       0x10 c:/program files (x86)/gnu arm embedded toolchain/10 2020-q4-major/bin/../lib/gcc/arm-none-eabi/10.2.1/../../../../arm-none-eabi/lib/thumb/v7e-m+fp/hard\libnosys.a(isatty.o)
                0x08004514                _isatty
 .text._lseek   0x08004524       0x10 c:/program files (x86)/gnu arm embedded toolchain/10 2020-q4-major/bin/../lib/gcc/arm-none-eabi/10.2.1/../../../../arm-none-eabi/lib/thumb/v7e-m+fp/hard\libnosys.a(lseek.o)
                0x08004524                _lseek
 .text._read    0x08004534       0x10 c:/program files (x86)/gnu arm embedded toolchain/10 2020-q4-major/bin/../lib/gcc/arm-none-eabi/10.2.1/../../../../arm-none-eabi/lib/thumb/v7e-m+fp/hard\libnosys.a(read.o)
                0x08004534                _read
 .text._sbrk    0x08004544       0x1c c:/program files (x86)/gnu arm embedded toolchain/10 2020-q4-major/bin/../lib/gcc/arm-none-eabi/10.2.1/../../../../arm-none-eabi/lib/thumb/v7e-m+fp/hard\libnosys.a(sbrk.o)
                0x08004544                _sbrk
 *(.glue_7)
 .glue_7        0x08004560        0x0 linker stubs
 *(.glue_7t)
 .glue_7t       0x08004560        0x0 linker stubs
 *(.eh_frame)
 .eh_frame      0x08004560        0x0 c:/program files (x86)/gnu arm embedded toolchain/10 2020-q4-major/bin/../lib/gcc/arm-none-eabi/10.2.1/thumb/v7e-m+fp/hard/crtbegin.o
 *(.init)
 .init          0x08004560        0x4 c:/program files (x86)/gnu arm embedded toolchain/10 2020-q4-major/bin/../lib/gcc/arm-none-eabi/10.2.1/thumb/v7e-m+fp/hard/crti.o
                0x08004560                _init
 .init          0x08004564        0x8 c:/program files (x86)/gnu arm embedded toolchain/10 2020-q4-major/bin/../lib/gcc/arm-none-eabi/10.2.1/thumb/v7e-m+fp/hard/crtn.o
 *(.fini)
 .fini          0x0800456c        0x4 c:/program files (x86)/gnu arm embedded toolchain/10 2020-q4-major/bin/../lib/gcc/arm-none-eabi/10.2.1/thumb/v7e-m+fp/hard/crti.o
                0x0800456c                _fini
 .fini          0x08004570        0x8 c:/program files (x86)/gnu arm embedded toolchain/10 2020-q4-major/bin/../lib/gcc/arm-none-eabi/10.2.1/thumb/v7e-m+fp/hard/crtn.o
                0x08004578                . = ALIGN (0x8)
                0x08004578                _etext = .

.vfp11_veneer   0x08004578        0x0
 .vfp11_veneer  0x08004578        0x0 linker stubs

.v4_bx          0x08004578        0x0
 .v4_bx         0x08004578        0x0 linker stubs

.iplt           0x08004578        0x0
 .iplt          0x08004578        0x0 c:/program files (x86)/gnu arm embedded toolchain/10 2020-q4-major/bin/../lib/gcc/arm-none-eabi/10.2.1/thumb/v7e-m+fp/hard/crtbegin.o

.rodata         0x08004578      0x188
                0x08004578                . = ALIGN (0x8)
 *(.rodata)
 *(.rodata*)
 .rodata.main.str1.4
                0x08004578       0x2b build/main.o
 *fill*         0x080045a3        0x1 
 .rodata.AHBPrescTable
                0x080045a4       0x10 build/system_stm32l4xx.o
                0x080045a4                AHBPrescTable
 .rodata.APBPrescTable
                0x080045b4        0x8 build/system_stm32l4xx.o
                0x080045b4                APBPrescTable
 .rodata.MSIRangeTable
                0x080045bc       0x30 build/system_stm32l4xx.o
                0x080045bc                MSIRangeTable
 .rodata.radio_comm_GetResp.str1.4
                0x080045ec       0x1a build/radio_comm.o
 *fill*         0x08004606        0x2 
 .rodata.bRadio_Check_Tx_RX.str1.4
                0x08004608       0x4a build/radio.o
 *fill*         0x08004652        0x2 
 .rodata.vRadio_StartTx_Variable_Packet.str1.4
                0x08004654       0x13 build/radio.o
 *fill*         0x08004667        0x1 
 .rodata._global_impure_ptr
                0x08004668        0x4 c:/program files (x86)/gnu arm embedded toolchain/10 2020-q4-major/bin/../lib/gcc/arm-none-eabi/10.2.1/../../../../arm-none-eabi/lib/thumb/v7e-m+fp/hard\libc_nano.a(lib_a-impure.o)
                0x08004668                _global_impure_ptr
 .rodata.__sf_fake_stderr
                0x0800466c       0x20 c:/program files (x86)/gnu arm embedded toolchain/10 2020-q4-major/bin/../lib/gcc/arm-none-eabi/10.2.1/../../../../arm-none-eabi/lib/thumb/v7e-m+fp/hard\libc_nano.a(lib_a-findfp.o)
                0x0800466c                __sf_fake_stderr
 .rodata.__sf_fake_stdin
                0x0800468c       0x20 c:/program files (x86)/gnu arm embedded toolchain/10 2020-q4-major/bin/../lib/gcc/arm-none-eabi/10.2.1/../../../../arm-none-eabi/lib/thumb/v7e-m+fp/hard\libc_nano.a(lib_a-findfp.o)
                0x0800468c                __sf_fake_stdin
 .rodata.__sf_fake_stdout
                0x080046ac       0x20 c:/program files (x86)/gnu arm embedded toolchain/10 2020-q4-major/bin/../lib/gcc/arm-none-eabi/10.2.1/../../../../arm-none-eabi/lib/thumb/v7e-m+fp/hard\libc_nano.a(lib_a-findfp.o)
                0x080046ac                __sf_fake_stdout
 .rodata._vfprintf_r.str1.1
                0x080046cc       0x11 c:/program files (x86)/gnu arm embedded toolchain/10 2020-q4-major/bin/../lib/gcc/arm-none-eabi/10.2.1/../../../../arm-none-eabi/lib/thumb/v7e-m+fp/hard\libc_nano.a(lib_a-nano-vfprintf.o)
 .rodata._printf_i.str1.1
                0x080046dd       0x22 c:/program files (x86)/gnu arm embedded toolchain/10 2020-q4-major/bin/../lib/gcc/arm-none-eabi/10.2.1/../../../../arm-none-eabi/lib/thumb/v7e-m+fp/hard\libc_nano.a(lib_a-nano-vfprintf_i.o)
                0x08004700                . = ALIGN (0x8)
 *fill*         0x080046ff        0x1 

.ARM.extab      0x08004700        0x0
                0x08004700                . = ALIGN (0x8)
 *(.ARM.extab* .gnu.linkonce.armextab.*)
                0x08004700                . = ALIGN (0x8)

.ARM            0x08004700        0x8
                0x08004700                . = ALIGN (0x8)
                0x08004700                __exidx_start = .
 *(.ARM.exidx*)
 .ARM.exidx     0x08004700        0x8 c:/program files (x86)/gnu arm embedded toolchain/10 2020-q4-major/bin/../lib/gcc/arm-none-eabi/10.2.1/thumb/v7e-m+fp/hard\libgcc.a(_udivmoddi4.o)
                0x08004708                __exidx_end = .
                0x08004708                . = ALIGN (0x8)

.rel.dyn        0x08004708        0x0
 .rel.iplt      0x08004708        0x0 c:/program files (x86)/gnu arm embedded toolchain/10 2020-q4-major/bin/../lib/gcc/arm-none-eabi/10.2.1/thumb/v7e-m+fp/hard/crtbegin.o

.preinit_array  0x08004708        0x0
                0x08004708                . = ALIGN (0x8)
                0x08004708                PROVIDE (__preinit_array_start = .)
 *(.preinit_array*)
                0x08004708                PROVIDE (__preinit_array_end = .)
                0x08004708                . = ALIGN (0x8)

.init_array     0x08004708        0x8
                0x08004708                . = ALIGN (0x8)
                0x08004708                PROVIDE (__init_array_start = .)
 *(SORT_BY_NAME(.init_array.*))
 *(.init_array*)
 .init_array    0x08004708        0x4 c:/program files (x86)/gnu arm embedded toolchain/10 2020-q4-major/bin/../lib/gcc/arm-none-eabi/10.2.1/thumb/v7e-m+fp/hard/crtbegin.o
                0x0800470c                PROVIDE (__init_array_end = .)
                0x08004710                . = ALIGN (0x8)
 *fill*         0x0800470c        0x4 

.fini_array     0x08004710        0x8
                0x08004710                . = ALIGN (0x8)
                [!provide]                PROVIDE (__fini_array_start = .)
 *(SORT_BY_NAME(.fini_array.*))
 *(.fini_array*)
 .fini_array    0x08004710        0x4 c:/program files (x86)/gnu arm embedded toolchain/10 2020-q4-major/bin/../lib/gcc/arm-none-eabi/10.2.1/thumb/v7e-m+fp/hard/crtbegin.o
                [!provide]                PROVIDE (__fini_array_end = .)
                0x08004718                . = ALIGN (0x8)
 *fill*         0x08004714        0x4 
                0x08004718                _sidata = LOADADDR (.data)

.data           0x20000000      0x490 load address 0x08004718
                0x20000000                . = ALIGN (0x8)
                0x20000000                _sdata = .
 *(.data)
 *(.data*)
 .data.uwTickFreq
                0x20000000        0x1 build/stm32l4xx_hal.o
                0x20000000                uwTickFreq
 *fill*         0x20000001        0x3 
 .data.uwTickPrio
                0x20000004        0x4 build/stm32l4xx_hal.o
                0x20000004                uwTickPrio
 .data.SystemCoreClock
                0x20000008        0x4 build/system_stm32l4xx.o
                0x20000008                SystemCoreClock
 .data.RadioConfiguration
                0x2000000c       0x4c build/radio.o
                0x2000000c                RadioConfiguration
 .data.Radio_Configuration_Data_Array
                0x20000058      0x3ca build/radio.o
                0x20000058                Radio_Configuration_Data_Array
 *fill*         0x20000422        0x2 
 .data.pRadioConfiguration
                0x20000424        0x4 build/radio.o
                0x20000424                pRadioConfiguration
 .data._impure_ptr
                0x20000428        0x4 c:/program files (x86)/gnu arm embedded toolchain/10 2020-q4-major/bin/../lib/gcc/arm-none-eabi/10.2.1/../../../../arm-none-eabi/lib/thumb/v7e-m+fp/hard\libc_nano.a(lib_a-impure.o)
                0x20000428                _impure_ptr
 .data.impure_data
                0x2000042c       0x60 c:/program files (x86)/gnu arm embedded toolchain/10 2020-q4-major/bin/../lib/gcc/arm-none-eabi/10.2.1/../../../../arm-none-eabi/lib/thumb/v7e-m+fp/hard\libc_nano.a(lib_a-impure.o)
                0x20000490                . = ALIGN (0x8)
 *fill*         0x2000048c        0x4 
                0x20000490                _edata = .

.igot.plt       0x20000490        0x0 load address 0x08004ba8
 .igot.plt      0x20000490        0x0 c:/program files (x86)/gnu arm embedded toolchain/10 2020-q4-major/bin/../lib/gcc/arm-none-eabi/10.2.1/thumb/v7e-m+fp/hard/crtbegin.o
                0x20000490                . = ALIGN (0x4)

.bss            0x20000490      0x1a4 load address 0x08004ba8
                0x20000490                _sbss = .
                0x20000490                __bss_start__ = _sbss
 *(.bss)
 .bss           0x20000490       0x1c c:/program files (x86)/gnu arm embedded toolchain/10 2020-q4-major/bin/../lib/gcc/arm-none-eabi/10.2.1/thumb/v7e-m+fp/hard/crtbegin.o
 *(.bss*)
 .bss.hrtc      0x200004ac       0x24 build/main.o
                0x200004ac                hrtc
 .bss.hspi1     0x200004d0       0x64 build/main.o
                0x200004d0                hspi1
 .bss.huart2    0x20000534       0x84 build/main.o
                0x20000534                huart2
 .bss.uwTick    0x200005b8        0x4 build/stm32l4xx_hal.o
                0x200005b8                uwTick
 .bss.ctsWentHigh
                0x200005bc        0x1 build/radio_comm.o
                0x200005bc                ctsWentHigh
 *fill*         0x200005bd        0x3 
 .bss.Pro2Cmd   0x200005c0       0x10 build/si446x_api_lib.o
                0x200005c0                Pro2Cmd
 .bss.Si446xCmd
                0x200005d0       0x10 build/si446x_api_lib.o
                0x200005d0                Si446xCmd
 .bss.customRadioPacket
                0x200005e0       0x40 build/radio.o
                0x200005e0                customRadioPacket
 .bss.__malloc_free_list
                0x20000620        0x4 c:/program files (x86)/gnu arm embedded toolchain/10 2020-q4-major/bin/../lib/gcc/arm-none-eabi/10.2.1/../../../../arm-none-eabi/lib/thumb/v7e-m+fp/hard\libc_nano.a(lib_a-nano-mallocr.o)
                0x20000620                __malloc_free_list
 .bss.__malloc_sbrk_start
                0x20000624        0x4 c:/program files (x86)/gnu arm embedded toolchain/10 2020-q4-major/bin/../lib/gcc/arm-none-eabi/10.2.1/../../../../arm-none-eabi/lib/thumb/v7e-m+fp/hard\libc_nano.a(lib_a-nano-mallocr.o)
                0x20000624                __malloc_sbrk_start
 .bss.__lock___malloc_recursive_mutex
                0x20000628        0x1 c:/program files (x86)/gnu arm embedded toolchain/10 2020-q4-major/bin/../lib/gcc/arm-none-eabi/10.2.1/../../../../arm-none-eabi/lib/thumb/v7e-m+fp/hard\libc_nano.a(lib_a-lock.o)
                0x20000628                __lock___malloc_recursive_mutex
 .bss.__lock___sfp_recursive_mutex
                0x20000629        0x1 c:/program files (x86)/gnu arm embedded toolchain/10 2020-q4-major/bin/../lib/gcc/arm-none-eabi/10.2.1/../../../../arm-none-eabi/lib/thumb/v7e-m+fp/hard\libc_nano.a(lib_a-lock.o)
                0x20000629                __lock___sfp_recursive_mutex
 .bss.__lock___sinit_recursive_mutex
                0x2000062a        0x1 c:/program files (x86)/gnu arm embedded toolchain/10 2020-q4-major/bin/../lib/gcc/arm-none-eabi/10.2.1/../../../../arm-none-eabi/lib/thumb/v7e-m+fp/hard\libc_nano.a(lib_a-lock.o)
                0x2000062a                __lock___sinit_recursive_mutex
 *fill*         0x2000062b        0x1 
 .bss.errno     0x2000062c        0x4 c:/program files (x86)/gnu arm embedded toolchain/10 2020-q4-major/bin/../lib/gcc/arm-none-eabi/10.2.1/../../../../arm-none-eabi/lib/thumb/v7e-m+fp/hard\libc_nano.a(lib_a-reent.o)
                0x2000062c                errno
 .bss.heap_end.0
                0x20000630        0x4 c:/program files (x86)/gnu arm embedded toolchain/10 2020-q4-major/bin/../lib/gcc/arm-none-eabi/10.2.1/../../../../arm-none-eabi/lib/thumb/v7e-m+fp/hard\libnosys.a(sbrk.o)
 *(COMMON)
                0x20000634                . = ALIGN (0x4)
                0x20000634                _ebss = .
                0x20000634                __bss_end__ = _ebss

._user_heap_stack
                0x20000634      0x604 load address 0x08004ba8
                0x20000638                . = ALIGN (0x8)
 *fill*         0x20000634        0x4 
                0x20000638                PROVIDE (end = .)
                [!provide]                PROVIDE (_end = .)
                0x20000838                . = (. + _Min_Heap_Size)
 *fill*         0x20000638      0x200 
                0x20000c38                . = (. + _Min_Stack_Size)
 *fill*         0x20000838      0x400 
                0x20000c38                . = ALIGN (0x8)

/DISCARD/
 libc.a(*)
 libm.a(*)
 libgcc.a(*)

.ARM.attributes
                0x00000000       0x30
 *(.ARM.attributes)
 .ARM.attributes
                0x00000000       0x1e c:/program files (x86)/gnu arm embedded toolchain/10 2020-q4-major/bin/../lib/gcc/arm-none-eabi/10.2.1/thumb/v7e-m+fp/hard/crti.o
 .ARM.attributes
                0x0000001e       0x34 c:/program files (x86)/gnu arm embedded toolchain/10 2020-q4-major/bin/../lib/gcc/arm-none-eabi/10.2.1/thumb/v7e-m+fp/hard/crtbegin.o
 .ARM.attributes
                0x00000052       0x34 build/main.o
 .ARM.attributes
                0x00000086       0x34 build/stm32l4xx_it.o
 .ARM.attributes
                0x000000ba       0x34 build/stm32l4xx_hal_msp.o
 .ARM.attributes
                0x000000ee       0x34 build/stm32l4xx_hal_rtc.o
 .ARM.attributes
                0x00000122       0x34 build/stm32l4xx_hal.o
 .ARM.attributes
                0x00000156       0x34 build/stm32l4xx_hal_rcc.o
 .ARM.attributes
                0x0000018a       0x34 build/stm32l4xx_hal_rcc_ex.o
 .ARM.attributes
                0x000001be       0x34 build/stm32l4xx_hal_gpio.o
 .ARM.attributes
                0x000001f2       0x34 build/stm32l4xx_hal_pwr_ex.o
 .ARM.attributes
                0x00000226       0x34 build/stm32l4xx_hal_cortex.o
 .ARM.attributes
                0x0000025a       0x34 build/stm32l4xx_hal_spi.o
 .ARM.attributes
                0x0000028e       0x34 build/stm32l4xx_hal_uart.o
 .ARM.attributes
                0x000002c2       0x34 build/system_stm32l4xx.o
 .ARM.attributes
                0x000002f6       0x34 build/radio_comm.o
 .ARM.attributes
                0x0000032a       0x34 build/radio_hal.o
 .ARM.attributes
                0x0000035e       0x34 build/si446x_api_lib.o
 .ARM.attributes
                0x00000392       0x34 build/radio.o
 .ARM.attributes
                0x000003c6       0x21 build/startup_stm32l476xx.o
 .ARM.attributes
                0x000003e7       0x32 c:/program files (x86)/gnu arm embedded toolchain/10 2020-q4-major/bin/../lib/gcc/arm-none-eabi/10.2.1/../../../../arm-none-eabi/lib/thumb/v7e-m+fp/hard\libc_nano.a(lib_a-impure.o)
 .ARM.attributes
                0x00000419       0x34 c:/program files (x86)/gnu arm embedded toolchain/10 2020-q4-major/bin/../lib/gcc/arm-none-eabi/10.2.1/../../../../arm-none-eabi/lib/thumb/v7e-m+fp/hard\libc_nano.a(lib_a-init.o)
 .ARM.attributes
                0x0000044d       0x34 c:/program files (x86)/gnu arm embedded toolchain/10 2020-q4-major/bin/../lib/gcc/arm-none-eabi/10.2.1/../../../../arm-none-eabi/lib/thumb/v7e-m+fp/hard\libc_nano.a(lib_a-malloc.o)
 .ARM.attributes
                0x00000481       0x34 c:/program files (x86)/gnu arm embedded toolchain/10 2020-q4-major/bin/../lib/gcc/arm-none-eabi/10.2.1/../../../../arm-none-eabi/lib/thumb/v7e-m+fp/hard\libc_nano.a(lib_a-memset.o)
 .ARM.attributes
                0x000004b5       0x34 c:/program files (x86)/gnu arm embedded toolchain/10 2020-q4-major/bin/../lib/gcc/arm-none-eabi/10.2.1/../../../../arm-none-eabi/lib/thumb/v7e-m+fp/hard\libc_nano.a(lib_a-nano-freer.o)
 .ARM.attributes
                0x000004e9       0x34 c:/program files (x86)/gnu arm embedded toolchain/10 2020-q4-major/bin/../lib/gcc/arm-none-eabi/10.2.1/../../../../arm-none-eabi/lib/thumb/v7e-m+fp/hard\libc_nano.a(lib_a-nano-mallocr.o)
 .ARM.attributes
                0x0000051d       0x34 c:/program files (x86)/gnu arm embedded toolchain/10 2020-q4-major/bin/../lib/gcc/arm-none-eabi/10.2.1/../../../../arm-none-eabi/lib/thumb/v7e-m+fp/hard\libc_nano.a(lib_a-printf.o)
 .ARM.attributes
                0x00000551       0x34 c:/program files (x86)/gnu arm embedded toolchain/10 2020-q4-major/bin/../lib/gcc/arm-none-eabi/10.2.1/../../../../arm-none-eabi/lib/thumb/v7e-m+fp/hard\libc_nano.a(lib_a-puts.o)
 .ARM.attributes
                0x00000585       0x34 c:/program files (x86)/gnu arm embedded toolchain/10 2020-q4-major/bin/../lib/gcc/arm-none-eabi/10.2.1/../../../../arm-none-eabi/lib/thumb/v7e-m+fp/hard\libc_nano.a(lib_a-sbrkr.o)
 .ARM.attributes
                0x000005b9       0x34 c:/program files (x86)/gnu arm embedded toolchain/10 2020-q4-major/bin/../lib/gcc/arm-none-eabi/10.2.1/../../../../arm-none-eabi/lib/thumb/v7e-m+fp/hard\libc_nano.a(lib_a-strncpy.o)
 .ARM.attributes
                0x000005ed       0x34 c:/program files (x86)/gnu arm embedded toolchain/10 2020-q4-major/bin/../lib/gcc/arm-none-eabi/10.2.1/../../../../arm-none-eabi/lib/thumb/v7e-m+fp/hard\libc_nano.a(lib_a-wbuf.o)
 .ARM.attributes
                0x00000621       0x34 c:/program files (x86)/gnu arm embedded toolchain/10 2020-q4-major/bin/../lib/gcc/arm-none-eabi/10.2.1/../../../../arm-none-eabi/lib/thumb/v7e-m+fp/hard\libc_nano.a(lib_a-wsetup.o)
 .ARM.attributes
                0x00000655       0x34 c:/program files (x86)/gnu arm embedded toolchain/10 2020-q4-major/bin/../lib/gcc/arm-none-eabi/10.2.1/../../../../arm-none-eabi/lib/thumb/v7e-m+fp/hard\libc_nano.a(lib_a-fflush.o)
 .ARM.attributes
                0x00000689       0x34 c:/program files (x86)/gnu arm embedded toolchain/10 2020-q4-major/bin/../lib/gcc/arm-none-eabi/10.2.1/../../../../arm-none-eabi/lib/thumb/v7e-m+fp/hard\libc_nano.a(lib_a-findfp.o)
 .ARM.attributes
                0x000006bd       0x34 c:/program files (x86)/gnu arm embedded toolchain/10 2020-q4-major/bin/../lib/gcc/arm-none-eabi/10.2.1/../../../../arm-none-eabi/lib/thumb/v7e-m+fp/hard\libc_nano.a(lib_a-fwalk.o)
 .ARM.attributes
                0x000006f1       0x34 c:/program files (x86)/gnu arm embedded toolchain/10 2020-q4-major/bin/../lib/gcc/arm-none-eabi/10.2.1/../../../../arm-none-eabi/lib/thumb/v7e-m+fp/hard\libc_nano.a(lib_a-lock.o)
 .ARM.attributes
                0x00000725       0x34 c:/program files (x86)/gnu arm embedded toolchain/10 2020-q4-major/bin/../lib/gcc/arm-none-eabi/10.2.1/../../../../arm-none-eabi/lib/thumb/v7e-m+fp/hard\libc_nano.a(lib_a-makebuf.o)
 .ARM.attributes
                0x00000759       0x34 c:/program files (x86)/gnu arm embedded toolchain/10 2020-q4-major/bin/../lib/gcc/arm-none-eabi/10.2.1/../../../../arm-none-eabi/lib/thumb/v7e-m+fp/hard\libc_nano.a(lib_a-mlock.o)
 .ARM.attributes
                0x0000078d       0x34 c:/program files (x86)/gnu arm embedded toolchain/10 2020-q4-major/bin/../lib/gcc/arm-none-eabi/10.2.1/../../../../arm-none-eabi/lib/thumb/v7e-m+fp/hard\libc_nano.a(lib_a-nano-vfprintf.o)
 .ARM.attributes
                0x000007c1       0x34 c:/program files (x86)/gnu arm embedded toolchain/10 2020-q4-major/bin/../lib/gcc/arm-none-eabi/10.2.1/../../../../arm-none-eabi/lib/thumb/v7e-m+fp/hard\libc_nano.a(lib_a-nano-vfprintf_i.o)
 .ARM.attributes
                0x000007f5       0x34 c:/program files (x86)/gnu arm embedded toolchain/10 2020-q4-major/bin/../lib/gcc/arm-none-eabi/10.2.1/../../../../arm-none-eabi/lib/thumb/v7e-m+fp/hard\libc_nano.a(lib_a-reent.o)
 .ARM.attributes
                0x00000829       0x34 c:/program files (x86)/gnu arm embedded toolchain/10 2020-q4-major/bin/../lib/gcc/arm-none-eabi/10.2.1/../../../../arm-none-eabi/lib/thumb/v7e-m+fp/hard\libc_nano.a(lib_a-stdio.o)
 .ARM.attributes
                0x0000085d       0x34 c:/program files (x86)/gnu arm embedded toolchain/10 2020-q4-major/bin/../lib/gcc/arm-none-eabi/10.2.1/../../../../arm-none-eabi/lib/thumb/v7e-m+fp/hard\libc_nano.a(lib_a-writer.o)
 .ARM.attributes
                0x00000891       0x34 c:/program files (x86)/gnu arm embedded toolchain/10 2020-q4-major/bin/../lib/gcc/arm-none-eabi/10.2.1/../../../../arm-none-eabi/lib/thumb/v7e-m+fp/hard\libc_nano.a(lib_a-closer.o)
 .ARM.attributes
                0x000008c5       0x34 c:/program files (x86)/gnu arm embedded toolchain/10 2020-q4-major/bin/../lib/gcc/arm-none-eabi/10.2.1/../../../../arm-none-eabi/lib/thumb/v7e-m+fp/hard\libc_nano.a(lib_a-fstatr.o)
 .ARM.attributes
                0x000008f9       0x34 c:/program files (x86)/gnu arm embedded toolchain/10 2020-q4-major/bin/../lib/gcc/arm-none-eabi/10.2.1/../../../../arm-none-eabi/lib/thumb/v7e-m+fp/hard\libc_nano.a(lib_a-isattyr.o)
 .ARM.attributes
                0x0000092d       0x34 c:/program files (x86)/gnu arm embedded toolchain/10 2020-q4-major/bin/../lib/gcc/arm-none-eabi/10.2.1/../../../../arm-none-eabi/lib/thumb/v7e-m+fp/hard\libc_nano.a(lib_a-lseekr.o)
 .ARM.attributes
                0x00000961       0x1c c:/program files (x86)/gnu arm embedded toolchain/10 2020-q4-major/bin/../lib/gcc/arm-none-eabi/10.2.1/../../../../arm-none-eabi/lib/thumb/v7e-m+fp/hard\libc_nano.a(lib_a-memchr.o)
 .ARM.attributes
                0x0000097d       0x34 c:/program files (x86)/gnu arm embedded toolchain/10 2020-q4-major/bin/../lib/gcc/arm-none-eabi/10.2.1/../../../../arm-none-eabi/lib/thumb/v7e-m+fp/hard\libc_nano.a(lib_a-readr.o)
 .ARM.attributes
                0x000009b1       0x34 c:/program files (x86)/gnu arm embedded toolchain/10 2020-q4-major/bin/../lib/gcc/arm-none-eabi/10.2.1/../../../../arm-none-eabi/lib/thumb/v7e-m+fp/hard\libnosys.a(close.o)
 .ARM.attributes
                0x000009e5       0x34 c:/program files (x86)/gnu arm embedded toolchain/10 2020-q4-major/bin/../lib/gcc/arm-none-eabi/10.2.1/../../../../arm-none-eabi/lib/thumb/v7e-m+fp/hard\libnosys.a(fstat.o)
 .ARM.attributes
                0x00000a19       0x34 c:/program files (x86)/gnu arm embedded toolchain/10 2020-q4-major/bin/../lib/gcc/arm-none-eabi/10.2.1/../../../../arm-none-eabi/lib/thumb/v7e-m+fp/hard\libnosys.a(isatty.o)
 .ARM.attributes
                0x00000a4d       0x34 c:/program files (x86)/gnu arm embedded toolchain/10 2020-q4-major/bin/../lib/gcc/arm-none-eabi/10.2.1/../../../../arm-none-eabi/lib/thumb/v7e-m+fp/hard\libnosys.a(lseek.o)
 .ARM.attributes
                0x00000a81       0x34 c:/program files (x86)/gnu arm embedded toolchain/10 2020-q4-major/bin/../lib/gcc/arm-none-eabi/10.2.1/../../../../arm-none-eabi/lib/thumb/v7e-m+fp/hard\libnosys.a(read.o)
 .ARM.attributes
                0x00000ab5       0x34 c:/program files (x86)/gnu arm embedded toolchain/10 2020-q4-major/bin/../lib/gcc/arm-none-eabi/10.2.1/../../../../arm-none-eabi/lib/thumb/v7e-m+fp/hard\libnosys.a(sbrk.o)
 .ARM.attributes
                0x00000ae9       0x1e c:/program files (x86)/gnu arm embedded toolchain/10 2020-q4-major/bin/../lib/gcc/arm-none-eabi/10.2.1/thumb/v7e-m+fp/hard\libgcc.a(_aeabi_uldivmod.o)
 .ARM.attributes
                0x00000b07       0x34 c:/program files (x86)/gnu arm embedded toolchain/10 2020-q4-major/bin/../lib/gcc/arm-none-eabi/10.2.1/thumb/v7e-m+fp/hard\libgcc.a(_udivmoddi4.o)
 .ARM.attributes
                0x00000b3b       0x1e c:/program files (x86)/gnu arm embedded toolchain/10 2020-q4-major/bin/../lib/gcc/arm-none-eabi/10.2.1/thumb/v7e-m+fp/hard\libgcc.a(_dvmd_tls.o)
 .ARM.attributes
                0x00000b59       0x1e c:/program files (x86)/gnu arm embedded toolchain/10 2020-q4-major/bin/../lib/gcc/arm-none-eabi/10.2.1/thumb/v7e-m+fp/hard/crtn.o
OUTPUT(build/Si446x_BidirectionalPacket.elf elf32-littlearm)
LOAD linker stubs
LOAD c:/program files (x86)/gnu arm embedded toolchain/10 2020-q4-major/bin/../lib/gcc/arm-none-eabi/10.2.1/../../../../arm-none-eabi/lib/thumb/v7e-m+fp/hard\libc.a
LOAD c:/program files (x86)/gnu arm embedded toolchain/10 2020-q4-major/bin/../lib/gcc/arm-none-eabi/10.2.1/../../../../arm-none-eabi/lib/thumb/v7e-m+fp/hard\libm.a
LOAD c:/program files (x86)/gnu arm embedded toolchain/10 2020-q4-major/bin/../lib/gcc/arm-none-eabi/10.2.1/thumb/v7e-m+fp/hard\libgcc.a

.debug_info     0x00000000    0x11b31
 .debug_info    0x00000000     0x21b6 build/main.o
 .debug_info    0x000021b6      0x1af build/stm32l4xx_it.o
 .debug_info    0x00002365     0x1493 build/stm32l4xx_hal_msp.o
 .debug_info    0x000037f8     0x13b9 build/stm32l4xx_hal_rtc.o
 .debug_info    0x00004bb1      0xe26 build/stm32l4xx_hal.o
 .debug_info    0x000059d7     0x1057 build/stm32l4xx_hal_rcc.o
 .debug_info    0x00006a2e     0x13d5 build/stm32l4xx_hal_rcc_ex.o
 .debug_info    0x00007e03      0x91c build/stm32l4xx_hal_gpio.o
 .debug_info    0x0000871f      0xb9e build/stm32l4xx_hal_pwr_ex.o
 .debug_info    0x000092bd     0x117a build/stm32l4xx_hal_cortex.o
 .debug_info    0x0000a437     0x22ef build/stm32l4xx_hal_spi.o
 .debug_info    0x0000c726     0x2365 build/stm32l4xx_hal_uart.o
 .debug_info    0x0000ea8b      0x678 build/system_stm32l4xx.o
 .debug_info    0x0000f103      0x4e8 build/radio_comm.o
 .debug_info    0x0000f5eb      0x4f8 build/radio_hal.o
 .debug_info    0x0000fae3      0xf97 build/si446x_api_lib.o
 .debug_info    0x00010a7a     0x1095 build/radio.o
 .debug_info    0x00011b0f       0x22 build/startup_stm32l476xx.o

.debug_abbrev   0x00000000     0x2542
 .debug_abbrev  0x00000000      0x2c0 build/main.o
 .debug_abbrev  0x000002c0       0xa7 build/stm32l4xx_it.o
 .debug_abbrev  0x00000367      0x1bf build/stm32l4xx_hal_msp.o
 .debug_abbrev  0x00000526      0x22e build/stm32l4xx_hal_rtc.o
 .debug_abbrev  0x00000754      0x249 build/stm32l4xx_hal.o
 .debug_abbrev  0x0000099d      0x28e build/stm32l4xx_hal_rcc.o
 .debug_abbrev  0x00000c2b      0x2b0 build/stm32l4xx_hal_rcc_ex.o
 .debug_abbrev  0x00000edb      0x222 build/stm32l4xx_hal_gpio.o
 .debug_abbrev  0x000010fd      0x234 build/stm32l4xx_hal_pwr_ex.o
 .debug_abbrev  0x00001331      0x382 build/stm32l4xx_hal_cortex.o
 .debug_abbrev  0x000016b3      0x278 build/stm32l4xx_hal_spi.o
 .debug_abbrev  0x0000192b      0x28d build/stm32l4xx_hal_uart.o
 .debug_abbrev  0x00001bb8      0x11b build/system_stm32l4xx.o
 .debug_abbrev  0x00001cd3      0x14b build/radio_comm.o
 .debug_abbrev  0x00001e1e      0x187 build/radio_hal.o
 .debug_abbrev  0x00001fa5      0x288 build/si446x_api_lib.o
 .debug_abbrev  0x0000222d      0x303 build/radio.o
 .debug_abbrev  0x00002530       0x12 build/startup_stm32l476xx.o

.debug_loc      0x00000000     0xb8ce
 .debug_loc     0x00000000      0x254 build/main.o
 .debug_loc     0x00000254       0x40 build/stm32l4xx_it.o
 .debug_loc     0x00000294      0x1fc build/stm32l4xx_hal_msp.o
 .debug_loc     0x00000490      0xf87 build/stm32l4xx_hal_rtc.o
 .debug_loc     0x00001417      0x2af build/stm32l4xx_hal.o
 .debug_loc     0x000016c6      0x99d build/stm32l4xx_hal_rcc.o
 .debug_loc     0x00002063     0x1cf1 build/stm32l4xx_hal_rcc_ex.o
 .debug_loc     0x00003d54      0x48a build/stm32l4xx_hal_gpio.o
 .debug_loc     0x000041de      0xb66 build/stm32l4xx_hal_pwr_ex.o
 .debug_loc     0x00004d44      0x7a4 build/stm32l4xx_hal_cortex.o
 .debug_loc     0x000054e8     0x2786 build/stm32l4xx_hal_spi.o
 .debug_loc     0x00007c6e     0x243f build/stm32l4xx_hal_uart.o
 .debug_loc     0x0000a0ad      0x127 build/system_stm32l4xx.o
 .debug_loc     0x0000a1d4      0x3a7 build/radio_comm.o
 .debug_loc     0x0000a57b      0x22e build/radio_hal.o
 .debug_loc     0x0000a7a9      0xa6b build/si446x_api_lib.o
 .debug_loc     0x0000b214      0x6ba build/radio.o

.debug_aranges  0x00000000      0xcf0
 .debug_aranges
                0x00000000       0x60 build/main.o
 .debug_aranges
                0x00000060       0x68 build/stm32l4xx_it.o
 .debug_aranges
                0x000000c8       0x50 build/stm32l4xx_hal_msp.o
 .debug_aranges
                0x00000118       0xe8 build/stm32l4xx_hal_rtc.o
 .debug_aranges
                0x00000200      0x130 build/stm32l4xx_hal.o
 .debug_aranges
                0x00000330       0x88 build/stm32l4xx_hal_rcc.o
 .debug_aranges
                0x000003b8       0xc0 build/stm32l4xx_hal_rcc_ex.o
 .debug_aranges
                0x00000478       0x58 build/stm32l4xx_hal_gpio.o
 .debug_aranges
                0x000004d0      0x150 build/stm32l4xx_hal_pwr_ex.o
 .debug_aranges
                0x00000620       0xa8 build/stm32l4xx_hal_cortex.o
 .debug_aranges
                0x000006c8      0x1d8 build/stm32l4xx_hal_spi.o
 .debug_aranges
                0x000008a0      0x228 build/stm32l4xx_hal_uart.o
 .debug_aranges
                0x00000ac8       0x28 build/system_stm32l4xx.o
 .debug_aranges
                0x00000af0       0x50 build/radio_comm.o
 .debug_aranges
                0x00000b40       0x80 build/radio_hal.o
 .debug_aranges
                0x00000bc0       0x98 build/si446x_api_lib.o
 .debug_aranges
                0x00000c58       0x70 build/radio.o
 .debug_aranges
                0x00000cc8       0x28 build/startup_stm32l476xx.o

.debug_ranges   0x00000000      0xc98
 .debug_ranges  0x00000000       0x50 build/main.o
 .debug_ranges  0x00000050       0x58 build/stm32l4xx_it.o
 .debug_ranges  0x000000a8       0x40 build/stm32l4xx_hal_msp.o
 .debug_ranges  0x000000e8      0x108 build/stm32l4xx_hal_rtc.o
 .debug_ranges  0x000001f0      0x120 build/stm32l4xx_hal.o
 .debug_ranges  0x00000310       0x90 build/stm32l4xx_hal_rcc.o
 .debug_ranges  0x000003a0       0xc8 build/stm32l4xx_hal_rcc_ex.o
 .debug_ranges  0x00000468       0x48 build/stm32l4xx_hal_gpio.o
 .debug_ranges  0x000004b0      0x140 build/stm32l4xx_hal_pwr_ex.o
 .debug_ranges  0x000005f0       0xf8 build/stm32l4xx_hal_cortex.o
 .debug_ranges  0x000006e8      0x1c8 build/stm32l4xx_hal_spi.o
 .debug_ranges  0x000008b0      0x218 build/stm32l4xx_hal_uart.o
 .debug_ranges  0x00000ac8       0x18 build/system_stm32l4xx.o
 .debug_ranges  0x00000ae0       0x40 build/radio_comm.o
 .debug_ranges  0x00000b20       0x70 build/radio_hal.o
 .debug_ranges  0x00000b90       0x88 build/si446x_api_lib.o
 .debug_ranges  0x00000c18       0x60 build/radio.o
 .debug_ranges  0x00000c78       0x20 build/startup_stm32l476xx.o

.debug_line     0x00000000     0xc963
 .debug_line    0x00000000      0x7a1 build/main.o
 .debug_line    0x000007a1      0x282 build/stm32l4xx_it.o
 .debug_line    0x00000a23      0x3a1 build/stm32l4xx_hal_msp.o
 .debug_line    0x00000dc4     0x10d3 build/stm32l4xx_hal_rtc.o
 .debug_line    0x00001e97      0x6b3 build/stm32l4xx_hal.o
 .debug_line    0x0000254a      0xec6 build/stm32l4xx_hal_rcc.o
 .debug_line    0x00003410     0x154a build/stm32l4xx_hal_rcc_ex.o
 .debug_line    0x0000495a      0x6db build/stm32l4xx_hal_gpio.o
 .debug_line    0x00005035      0xacc build/stm32l4xx_hal_pwr_ex.o
 .debug_line    0x00005b01      0x78d build/stm32l4xx_hal_cortex.o
 .debug_line    0x0000628e     0x2913 build/stm32l4xx_hal_spi.o
 .debug_line    0x00008ba1     0x2496 build/stm32l4xx_hal_uart.o
 .debug_line    0x0000b037      0x2da build/system_stm32l4xx.o
 .debug_line    0x0000b311      0x2d7 build/radio_comm.o
 .debug_line    0x0000b5e8      0x370 build/radio_hal.o
 .debug_line    0x0000b958      0x8dc build/si446x_api_lib.o
 .debug_line    0x0000c234      0x6ba build/radio.o
 .debug_line    0x0000c8ee       0x75 build/startup_stm32l476xx.o

.debug_str      0x00000000     0x47f4
 .debug_str     0x00000000     0x1633 build/main.o
                               0x1755 (size before relaxing)
 .debug_str     0x00001633       0xdd build/stm32l4xx_it.o
                                0x248 (size before relaxing)
 .debug_str     0x00001710       0xa7 build/stm32l4xx_hal_msp.o
                                0xb97 (size before relaxing)
 .debug_str     0x000017b7      0x286 build/stm32l4xx_hal_rtc.o
                                0x840 (size before relaxing)
 .debug_str     0x00001a3d      0x4e8 build/stm32l4xx_hal.o
                                0xd36 (size before relaxing)
 .debug_str     0x00001f25      0x293 build/stm32l4xx_hal_rcc.o
                                0x85b (size before relaxing)
 .debug_str     0x000021b8      0x2f4 build/stm32l4xx_hal_rcc_ex.o
                                0xa97 (size before relaxing)
 .debug_str     0x000024ac       0xbc build/stm32l4xx_hal_gpio.o
                                0x51c (size before relaxing)
 .debug_str     0x00002568      0x4fc build/stm32l4xx_hal_pwr_ex.o
                                0x7f0 (size before relaxing)
 .debug_str     0x00002a64      0x438 build/stm32l4xx_hal_cortex.o
                                0xbfc (size before relaxing)
 .debug_str     0x00002e9c      0x57f build/stm32l4xx_hal_spi.o
                                0xbb3 (size before relaxing)
 .debug_str     0x0000341b      0x775 build/stm32l4xx_hal_uart.o
                                0xfa4 (size before relaxing)
 .debug_str     0x00003b90       0x38 build/system_stm32l4xx.o
                                0x3b0 (size before relaxing)
 .debug_str     0x00003bc8      0x185 build/radio_comm.o
                                0x321 (size before relaxing)
 .debug_str     0x00003d4d       0xc9 build/radio_hal.o
                                0x352 (size before relaxing)
 .debug_str     0x00003e16      0x7df build/si446x_api_lib.o
                                0xa85 (size before relaxing)
 .debug_str     0x000045f5      0x1db build/radio.o
                                0xa34 (size before relaxing)
 .debug_str     0x000047d0       0x24 build/startup_stm32l476xx.o
                                 0x46 (size before relaxing)

.comment        0x00000000       0x4d
 .comment       0x00000000       0x4d build/main.o
                                 0x4e (size before relaxing)
 .comment       0x0000004d       0x4e build/stm32l4xx_it.o
 .comment       0x0000004d       0x4e build/stm32l4xx_hal_msp.o
 .comment       0x0000004d       0x4e build/stm32l4xx_hal_rtc.o
 .comment       0x0000004d       0x4e build/stm32l4xx_hal.o
 .comment       0x0000004d       0x4e build/stm32l4xx_hal_rcc.o
 .comment       0x0000004d       0x4e build/stm32l4xx_hal_rcc_ex.o
 .comment       0x0000004d       0x4e build/stm32l4xx_hal_gpio.o
 .comment       0x0000004d       0x4e build/stm32l4xx_hal_pwr_ex.o
 .comment       0x0000004d       0x4e build/stm32l4xx_hal_cortex.o
 .comment       0x0000004d       0x4e build/stm32l4xx_hal_spi.o
 .comment       0x0000004d       0x4e build/stm32l4xx_hal_uart.o
 .comment       0x0000004d       0x4e build/system_stm32l4xx.o
 .comment       0x0000004d       0x4e build/radio_comm.o
 .comment       0x0000004d       0x4e build/radio_hal.o
 .comment       0x0000004d       0x4e build/si446x_api_lib.o
 .comment       0x0000004d       0x4e build/radio.o

.debug_frame    0x00000000     0x2a04
 .debug_frame   0x00000000      0x108 build/main.o
 .debug_frame   0x00000108       0xc0 build/stm32l4xx_it.o
 .debug_frame   0x000001c8       0xb8 build/stm32l4xx_hal_msp.o
 .debug_frame   0x00000280      0x278 build/stm32l4xx_hal_rtc.o
 .debug_frame   0x000004f8      0x274 build/stm32l4xx_hal.o
 .debug_frame   0x0000076c      0x18c build/stm32l4xx_hal_rcc.o
 .debug_frame   0x000008f8      0x204 build/stm32l4xx_hal_rcc_ex.o
 .debug_frame   0x00000afc       0xd0 build/stm32l4xx_hal_gpio.o
 .debug_frame   0x00000bcc      0x298 build/stm32l4xx_hal_pwr_ex.o
 .debug_frame   0x00000e64      0x148 build/stm32l4xx_hal_cortex.o
 .debug_frame   0x00000fac      0x5d8 build/stm32l4xx_hal_spi.o
 .debug_frame   0x00001584      0x5fc build/stm32l4xx_hal_uart.o
 .debug_frame   0x00001b80       0x30 build/system_stm32l4xx.o
 .debug_frame   0x00001bb0       0xd0 build/radio_comm.o
 .debug_frame   0x00001c80      0x130 build/radio_hal.o
 .debug_frame   0x00001db0      0x1a8 build/si446x_api_lib.o
 .debug_frame   0x00001f58      0x10c build/radio.o
 .debug_frame   0x00002064       0x2c c:/program files (x86)/gnu arm embedded toolchain/10 2020-q4-major/bin/../lib/gcc/arm-none-eabi/10.2.1/../../../../arm-none-eabi/lib/thumb/v7e-m+fp/hard\libc_nano.a(lib_a-init.o)
 .debug_frame   0x00002090       0x30 c:/program files (x86)/gnu arm embedded toolchain/10 2020-q4-major/bin/../lib/gcc/arm-none-eabi/10.2.1/../../../../arm-none-eabi/lib/thumb/v7e-m+fp/hard\libc_nano.a(lib_a-malloc.o)
 .debug_frame   0x000020c0       0x20 c:/program files (x86)/gnu arm embedded toolchain/10 2020-q4-major/bin/../lib/gcc/arm-none-eabi/10.2.1/../../../../arm-none-eabi/lib/thumb/v7e-m+fp/hard\libc_nano.a(lib_a-memset.o)
 .debug_frame   0x000020e0       0x38 c:/program files (x86)/gnu arm embedded toolchain/10 2020-q4-major/bin/../lib/gcc/arm-none-eabi/10.2.1/../../../../arm-none-eabi/lib/thumb/v7e-m+fp/hard\libc_nano.a(lib_a-nano-freer.o)
 .debug_frame   0x00002118       0x30 c:/program files (x86)/gnu arm embedded toolchain/10 2020-q4-major/bin/../lib/gcc/arm-none-eabi/10.2.1/../../../../arm-none-eabi/lib/thumb/v7e-m+fp/hard\libc_nano.a(lib_a-nano-mallocr.o)
 .debug_frame   0x00002148       0x74 c:/program files (x86)/gnu arm embedded toolchain/10 2020-q4-major/bin/../lib/gcc/arm-none-eabi/10.2.1/../../../../arm-none-eabi/lib/thumb/v7e-m+fp/hard\libc_nano.a(lib_a-printf.o)
 .debug_frame   0x000021bc       0x3c c:/program files (x86)/gnu arm embedded toolchain/10 2020-q4-major/bin/../lib/gcc/arm-none-eabi/10.2.1/../../../../arm-none-eabi/lib/thumb/v7e-m+fp/hard\libc_nano.a(lib_a-puts.o)
 .debug_frame   0x000021f8       0x2c c:/program files (x86)/gnu arm embedded toolchain/10 2020-q4-major/bin/../lib/gcc/arm-none-eabi/10.2.1/../../../../arm-none-eabi/lib/thumb/v7e-m+fp/hard\libc_nano.a(lib_a-sbrkr.o)
 .debug_frame   0x00002224       0x28 c:/program files (x86)/gnu arm embedded toolchain/10 2020-q4-major/bin/../lib/gcc/arm-none-eabi/10.2.1/../../../../arm-none-eabi/lib/thumb/v7e-m+fp/hard\libc_nano.a(lib_a-strncpy.o)
 .debug_frame   0x0000224c       0x40 c:/program files (x86)/gnu arm embedded toolchain/10 2020-q4-major/bin/../lib/gcc/arm-none-eabi/10.2.1/../../../../arm-none-eabi/lib/thumb/v7e-m+fp/hard\libc_nano.a(lib_a-wbuf.o)
 .debug_frame   0x0000228c       0x2c c:/program files (x86)/gnu arm embedded toolchain/10 2020-q4-major/bin/../lib/gcc/arm-none-eabi/10.2.1/../../../../arm-none-eabi/lib/thumb/v7e-m+fp/hard\libc_nano.a(lib_a-wsetup.o)
 .debug_frame   0x000022b8       0x5c c:/program files (x86)/gnu arm embedded toolchain/10 2020-q4-major/bin/../lib/gcc/arm-none-eabi/10.2.1/../../../../arm-none-eabi/lib/thumb/v7e-m+fp/hard\libc_nano.a(lib_a-fflush.o)
 .debug_frame   0x00002314      0x14c c:/program files (x86)/gnu arm embedded toolchain/10 2020-q4-major/bin/../lib/gcc/arm-none-eabi/10.2.1/../../../../arm-none-eabi/lib/thumb/v7e-m+fp/hard\libc_nano.a(lib_a-findfp.o)
 .debug_frame   0x00002460       0x54 c:/program files (x86)/gnu arm embedded toolchain/10 2020-q4-major/bin/../lib/gcc/arm-none-eabi/10.2.1/../../../../arm-none-eabi/lib/thumb/v7e-m+fp/hard\libc_nano.a(lib_a-fwalk.o)
 .debug_frame   0x000024b4       0xb0 c:/program files (x86)/gnu arm embedded toolchain/10 2020-q4-major/bin/../lib/gcc/arm-none-eabi/10.2.1/../../../../arm-none-eabi/lib/thumb/v7e-m+fp/hard\libc_nano.a(lib_a-lock.o)
 .debug_frame   0x00002564       0x58 c:/program files (x86)/gnu arm embedded toolchain/10 2020-q4-major/bin/../lib/gcc/arm-none-eabi/10.2.1/../../../../arm-none-eabi/lib/thumb/v7e-m+fp/hard\libc_nano.a(lib_a-makebuf.o)
 .debug_frame   0x000025bc       0x30 c:/program files (x86)/gnu arm embedded toolchain/10 2020-q4-major/bin/../lib/gcc/arm-none-eabi/10.2.1/../../../../arm-none-eabi/lib/thumb/v7e-m+fp/hard\libc_nano.a(lib_a-mlock.o)
 .debug_frame   0x000025ec       0xac c:/program files (x86)/gnu arm embedded toolchain/10 2020-q4-major/bin/../lib/gcc/arm-none-eabi/10.2.1/../../../../arm-none-eabi/lib/thumb/v7e-m+fp/hard\libc_nano.a(lib_a-nano-vfprintf.o)
 .debug_frame   0x00002698       0x60 c:/program files (x86)/gnu arm embedded toolchain/10 2020-q4-major/bin/../lib/gcc/arm-none-eabi/10.2.1/../../../../arm-none-eabi/lib/thumb/v7e-m+fp/hard\libc_nano.a(lib_a-nano-vfprintf_i.o)
 .debug_frame   0x000026f8       0x5c c:/program files (x86)/gnu arm embedded toolchain/10 2020-q4-major/bin/../lib/gcc/arm-none-eabi/10.2.1/../../../../arm-none-eabi/lib/thumb/v7e-m+fp/hard\libc_nano.a(lib_a-reent.o)
 .debug_frame   0x00002754       0x88 c:/program files (x86)/gnu arm embedded toolchain/10 2020-q4-major/bin/../lib/gcc/arm-none-eabi/10.2.1/../../../../arm-none-eabi/lib/thumb/v7e-m+fp/hard\libc_nano.a(lib_a-stdio.o)
 .debug_frame   0x000027dc       0x2c c:/program files (x86)/gnu arm embedded toolchain/10 2020-q4-major/bin/../lib/gcc/arm-none-eabi/10.2.1/../../../../arm-none-eabi/lib/thumb/v7e-m+fp/hard\libc_nano.a(lib_a-writer.o)
 .debug_frame   0x00002808       0x2c c:/program files (x86)/gnu arm embedded toolchain/10 2020-q4-major/bin/../lib/gcc/arm-none-eabi/10.2.1/../../../../arm-none-eabi/lib/thumb/v7e-m+fp/hard\libc_nano.a(lib_a-closer.o)
 .debug_frame   0x00002834       0x2c c:/program files (x86)/gnu arm embedded toolchain/10 2020-q4-major/bin/../lib/gcc/arm-none-eabi/10.2.1/../../../../arm-none-eabi/lib/thumb/v7e-m+fp/hard\libc_nano.a(lib_a-fstatr.o)
 .debug_frame   0x00002860       0x2c c:/program files (x86)/gnu arm embedded toolchain/10 2020-q4-major/bin/../lib/gcc/arm-none-eabi/10.2.1/../../../../arm-none-eabi/lib/thumb/v7e-m+fp/hard\libc_nano.a(lib_a-isattyr.o)
 .debug_frame   0x0000288c       0x2c c:/program files (x86)/gnu arm embedded toolchain/10 2020-q4-major/bin/../lib/gcc/arm-none-eabi/10.2.1/../../../../arm-none-eabi/lib/thumb/v7e-m+fp/hard\libc_nano.a(lib_a-lseekr.o)
 .debug_frame   0x000028b8       0x2c c:/program files (x86)/gnu arm embedded toolchain/10 2020-q4-major/bin/../lib/gcc/arm-none-eabi/10.2.1/../../../../arm-none-eabi/lib/thumb/v7e-m+fp/hard\libc_nano.a(lib_a-readr.o)
 .debug_frame   0x000028e4       0x20 c:/program files (x86)/gnu arm embedded toolchain/10 2020-q4-major/bin/../lib/gcc/arm-none-eabi/10.2.1/../../../../arm-none-eabi/lib/thumb/v7e-m+fp/hard\libnosys.a(close.o)
 .debug_frame   0x00002904       0x20 c:/program files (x86)/gnu arm embedded toolchain/10 2020-q4-major/bin/../lib/gcc/arm-none-eabi/10.2.1/../../../../arm-none-eabi/lib/thumb/v7e-m+fp/hard\libnosys.a(fstat.o)
 .debug_frame   0x00002924       0x20 c:/program files (x86)/gnu arm embedded toolchain/10 2020-q4-major/bin/../lib/gcc/arm-none-eabi/10.2.1/../../../../arm-none-eabi/lib/thumb/v7e-m+fp/hard\libnosys.a(isatty.o)
 .debug_frame   0x00002944       0x20 c:/program files (x86)/gnu arm embedded toolchain/10 2020-q4-major/bin/../lib/gcc/arm-none-eabi/10.2.1/../../../../arm-none-eabi/lib/thumb/v7e-m+fp/hard\libnosys.a(lseek.o)
 .debug_frame   0x00002964       0x20 c:/program files (x86)/gnu arm embedded toolchain/10 2020-q4-major/bin/../lib/gcc/arm-none-eabi/10.2.1/../../../../arm-none-eabi/lib/thumb/v7e-m+fp/hard\libnosys.a(read.o)
 .debug_frame   0x00002984       0x20 c:/program files (x86)/gnu arm embedded toolchain/10 2020-q4-major/bin/../lib/gcc/arm-none-eabi/10.2.1/../../../../arm-none-eabi/lib/thumb/v7e-m+fp/hard\libnosys.a(sbrk.o)
 .debug_frame   0x000029a4       0x2c c:/program files (x86)/gnu arm embedded toolchain/10 2020-q4-major/bin/../lib/gcc/arm-none-eabi/10.2.1/thumb/v7e-m+fp/hard\libgcc.a(_aeabi_uldivmod.o)
 .debug_frame   0x000029d0       0x34 c:/program files (x86)/gnu arm embedded toolchain/10 2020-q4-major/bin/../lib/gcc/arm-none-eabi/10.2.1/thumb/v7e-m+fp/hard\libgcc.a(_udivmoddi4.o)

.stab           0x00000000       0x84
 .stab          0x00000000       0x24 c:/program files (x86)/gnu arm embedded toolchain/10 2020-q4-major/bin/../lib/gcc/arm-none-eabi/10.2.1/../../../../arm-none-eabi/lib/thumb/v7e-m+fp/hard\libnosys.a(close.o)
 .stab          0x00000024       0x18 c:/program files (x86)/gnu arm embedded toolchain/10 2020-q4-major/bin/../lib/gcc/arm-none-eabi/10.2.1/../../../../arm-none-eabi/lib/thumb/v7e-m+fp/hard\libnosys.a(fstat.o)
                                 0x24 (size before relaxing)
 .stab          0x0000003c       0x18 c:/program files (x86)/gnu arm embedded toolchain/10 2020-q4-major/bin/../lib/gcc/arm-none-eabi/10.2.1/../../../../arm-none-eabi/lib/thumb/v7e-m+fp/hard\libnosys.a(isatty.o)
                                 0x24 (size before relaxing)
 .stab          0x00000054       0x18 c:/program files (x86)/gnu arm embedded toolchain/10 2020-q4-major/bin/../lib/gcc/arm-none-eabi/10.2.1/../../../../arm-none-eabi/lib/thumb/v7e-m+fp/hard\libnosys.a(lseek.o)
                                 0x24 (size before relaxing)
 .stab          0x0000006c       0x18 c:/program files (x86)/gnu arm embedded toolchain/10 2020-q4-major/bin/../lib/gcc/arm-none-eabi/10.2.1/../../../../arm-none-eabi/lib/thumb/v7e-m+fp/hard\libnosys.a(read.o)
                                 0x24 (size before relaxing)

.stabstr        0x00000000      0x117
 .stabstr       0x00000000      0x117 c:/program files (x86)/gnu arm embedded toolchain/10 2020-q4-major/bin/../lib/gcc/arm-none-eabi/10.2.1/../../../../arm-none-eabi/lib/thumb/v7e-m+fp/hard\libnosys.a(close.o)

Cross Reference Table

Symbol                                            File
ADC1_2_IRQHandler                                 build/startup_stm32l476xx.o
ADC3_IRQHandler                                   build/startup_stm32l476xx.o
AHBPrescTable                                     build/system_stm32l4xx.o
                                                  build/stm32l4xx_hal_rcc.o
APBPrescTable                                     build/system_stm32l4xx.o
                                                  build/stm32l4xx_hal_rcc.o
BusFault_Handler                                  build/stm32l4xx_it.o
CAN1_RX0_IRQHandler                               build/startup_stm32l476xx.o
CAN1_RX1_IRQHandler                               build/startup_stm32l476xx.o
CAN1_SCE_IRQHandler                               build/startup_stm32l476xx.o
CAN1_TX_IRQHandler                                build/startup_stm32l476xx.o
COMP_IRQHandler                                   build/startup_stm32l476xx.o
CRC16                                             build/radio.o
DFSDM1_FLT0_IRQHandler                            build/startup_stm32l476xx.o
DFSDM1_FLT1_IRQHandler                            build/startup_stm32l476xx.o
DFSDM1_FLT2_IRQHandler                            build/startup_stm32l476xx.o
DFSDM1_FLT3_IRQHandler                            build/startup_stm32l476xx.o
DMA1_Channel1_IRQHandler                          build/startup_stm32l476xx.o
DMA1_Channel2_IRQHandler                          build/startup_stm32l476xx.o
DMA1_Channel3_IRQHandler                          build/startup_stm32l476xx.o
DMA1_Channel4_IRQHandler                          build/startup_stm32l476xx.o
DMA1_Channel5_IRQHandler                          build/startup_stm32l476xx.o
DMA1_Channel6_IRQHandler                          build/startup_stm32l476xx.o
DMA1_Channel7_IRQHandler                          build/startup_stm32l476xx.o
DMA2_Channel1_IRQHandler                          build/startup_stm32l476xx.o
DMA2_Channel2_IRQHandler                          build/startup_stm32l476xx.o
DMA2_Channel3_IRQHandler                          build/startup_stm32l476xx.o
DMA2_Channel4_IRQHandler                          build/startup_stm32l476xx.o
DMA2_Channel5_IRQHandler                          build/startup_stm32l476xx.o
DMA2_Channel6_IRQHandler                          build/startup_stm32l476xx.o
DMA2_Channel7_IRQHandler                          build/startup_stm32l476xx.o
DebugMon_Handler                                  build/stm32l4xx_it.o
Default_Handler                                   build/startup_stm32l476xx.o
EXTI0_IRQHandler                                  build/startup_stm32l476xx.o
EXTI15_10_IRQHandler                              build/stm32l4xx_it.o
EXTI1_IRQHandler                                  build/startup_stm32l476xx.o
EXTI2_IRQHandler                                  build/startup_stm32l476xx.o
EXTI3_IRQHandler                                  build/startup_stm32l476xx.o
EXTI4_IRQHandler                                  build/startup_stm32l476xx.o
EXTI9_5_IRQHandler                                build/startup_stm32l476xx.o
Error_Handler                                     build/main.o
FLASH_FlushCaches                                 build/stm32l4xx_hal_flash_ex.o
                                                  build/stm32l4xx_hal_flash.o
FLASH_IRQHandler                                  build/startup_stm32l476xx.o
FLASH_PageErase                                   build/stm32l4xx_hal_flash_ex.o
                                                  build/stm32l4xx_hal_flash.o
FLASH_WaitForLastOperation                        build/stm32l4xx_hal_flash.o
                                                  build/stm32l4xx_hal_flash_ex.o
FMC_IRQHandler                                    build/startup_stm32l476xx.o
FPU_IRQHandler                                    build/startup_stm32l476xx.o
GetCRC16                                          build/radio.o
HAL_DBGMCU_DisableDBGSleepMode                    build/stm32l4xx_hal.o
HAL_DBGMCU_DisableDBGStandbyMode                  build/stm32l4xx_hal.o
HAL_DBGMCU_DisableDBGStopMode                     build/stm32l4xx_hal.o
HAL_DBGMCU_EnableDBGSleepMode                     build/stm32l4xx_hal.o
HAL_DBGMCU_EnableDBGStandbyMode                   build/stm32l4xx_hal.o
HAL_DBGMCU_EnableDBGStopMode                      build/stm32l4xx_hal.o
HAL_DMA_Abort                                     build/stm32l4xx_hal_dma.o
                                                  build/stm32l4xx_hal_uart.o
                                                  build/stm32l4xx_hal_spi.o
HAL_DMA_Abort_IT                                  build/stm32l4xx_hal_dma.o
                                                  build/stm32l4xx_hal_uart.o
                                                  build/stm32l4xx_hal_spi.o
                                                  build/stm32l4xx_hal_i2c.o
HAL_DMA_DeInit                                    build/stm32l4xx_hal_dma.o
HAL_DMA_GetError                                  build/stm32l4xx_hal_dma.o
                                                  build/stm32l4xx_hal_uart.o
HAL_DMA_GetState                                  build/stm32l4xx_hal_dma.o
                                                  build/stm32l4xx_hal_i2c.o
HAL_DMA_IRQHandler                                build/stm32l4xx_hal_dma.o
HAL_DMA_Init                                      build/stm32l4xx_hal_dma.o
HAL_DMA_PollForTransfer                           build/stm32l4xx_hal_dma.o
HAL_DMA_RegisterCallback                          build/stm32l4xx_hal_dma.o
HAL_DMA_Start                                     build/stm32l4xx_hal_dma.o
HAL_DMA_Start_IT                                  build/stm32l4xx_hal_dma.o
                                                  build/stm32l4xx_hal_uart.o
                                                  build/stm32l4xx_hal_spi.o
                                                  build/stm32l4xx_hal_i2c.o
HAL_DMA_UnRegisterCallback                        build/stm32l4xx_hal_dma.o
HAL_DeInit                                        build/stm32l4xx_hal.o
HAL_Delay                                         build/stm32l4xx_hal.o
                                                  build/main.o
HAL_EXTI_ClearConfigLine                          build/stm32l4xx_hal_exti.o
HAL_EXTI_ClearPending                             build/stm32l4xx_hal_exti.o
HAL_EXTI_GenerateSWI                              build/stm32l4xx_hal_exti.o
HAL_EXTI_GetConfigLine                            build/stm32l4xx_hal_exti.o
HAL_EXTI_GetHandle                                build/stm32l4xx_hal_exti.o
HAL_EXTI_GetPending                               build/stm32l4xx_hal_exti.o
HAL_EXTI_IRQHandler                               build/stm32l4xx_hal_exti.o
HAL_EXTI_RegisterCallback                         build/stm32l4xx_hal_exti.o
HAL_EXTI_SetConfigLine                            build/stm32l4xx_hal_exti.o
HAL_FLASHEx_DisableRunPowerDown                   build/stm32l4xx_hal_flash_ramfunc.o
HAL_FLASHEx_EnableRunPowerDown                    build/stm32l4xx_hal_flash_ramfunc.o
HAL_FLASHEx_Erase                                 build/stm32l4xx_hal_flash_ex.o
HAL_FLASHEx_Erase_IT                              build/stm32l4xx_hal_flash_ex.o
HAL_FLASHEx_OBGetConfig                           build/stm32l4xx_hal_flash_ex.o
HAL_FLASHEx_OBProgram                             build/stm32l4xx_hal_flash_ex.o
HAL_FLASH_EndOfOperationCallback                  build/stm32l4xx_hal_flash.o
HAL_FLASH_GetError                                build/stm32l4xx_hal_flash.o
HAL_FLASH_IRQHandler                              build/stm32l4xx_hal_flash.o
HAL_FLASH_Lock                                    build/stm32l4xx_hal_flash.o
HAL_FLASH_OB_Launch                               build/stm32l4xx_hal_flash.o
HAL_FLASH_OB_Lock                                 build/stm32l4xx_hal_flash.o
HAL_FLASH_OB_Unlock                               build/stm32l4xx_hal_flash.o
HAL_FLASH_OperationErrorCallback                  build/stm32l4xx_hal_flash.o
HAL_FLASH_Program                                 build/stm32l4xx_hal_flash.o
HAL_FLASH_Program_IT                              build/stm32l4xx_hal_flash.o
HAL_FLASH_Unlock                                  build/stm32l4xx_hal_flash.o
HAL_GPIO_DeInit                                   build/stm32l4xx_hal_gpio.o
                                                  build/stm32l4xx_hal_msp.o
HAL_GPIO_EXTI_Callback                            build/stm32l4xx_hal_gpio.o
HAL_GPIO_EXTI_IRQHandler                          build/stm32l4xx_hal_gpio.o
                                                  build/stm32l4xx_it.o
HAL_GPIO_Init                                     build/stm32l4xx_hal_gpio.o
                                                  build/stm32l4xx_hal_rcc_ex.o
                                                  build/stm32l4xx_hal_rcc.o
                                                  build/stm32l4xx_hal_msp.o
                                                  build/main.o
HAL_GPIO_LockPin                                  build/stm32l4xx_hal_gpio.o
HAL_GPIO_ReadPin                                  build/stm32l4xx_hal_gpio.o
                                                  build/radio_hal.o
HAL_GPIO_TogglePin                                build/stm32l4xx_hal_gpio.o
HAL_GPIO_WritePin                                 build/stm32l4xx_hal_gpio.o
                                                  build/radio_hal.o
                                                  build/main.o
HAL_GetDEVID                                      build/stm32l4xx_hal.o
HAL_GetHalVersion                                 build/stm32l4xx_hal.o
HAL_GetREVID                                      build/stm32l4xx_hal.o
HAL_GetTick                                       build/stm32l4xx_hal.o
                                                  build/stm32l4xx_hal_uart_ex.o